/api/v1/skills/options Response Code: 200
Response Content:
{"code":200,"message":"success","data":[]}

/api/v1/dashboard/global-stats Response Code: 200
Response Content:
{"code":200,"message":"success","data":{"totalTokens":48558940,"totalTurns":324,"totalSkillCalls":0,"totalUsers":43}}

/api/v1/turns/1/trace Response Code: 200
Response Content:
{"code":200,"message":"success","data":{"turnId":1,"nodes":[{"stepOrder":0,"nodeType":"user_input","nodeName":"用户输入","status":true,"timeStamp":1776245913540,"durationMs":null},{"stepOrder":1,"nodeType":"skill_call","nodeName":"�?能调�?","status":true,"timeStamp":1776245913540,"durationMs":null},{"stepOrder":2,"nodeType":"tool_call","nodeName":"工具调用","status":true,"timeStamp":1776245913540,"durationMs":null},{"stepOrder":3,"nodeType":"reply","nodeName":"回复用户","status":false,"timeStamp":1776245914610,"durationMs":null}]}}

/api/v1/dashboard/summary Response Code: 200
Response Content:
{"code":200,"message":"success","data":{"consumedTokens":0,"conversationTurns":0,"skillCalls":0,"activeUsers":13,"taskSuccessRate":0.0}}

/api/v1/dashboard/trend Response Code: 200
Response Content:
{"code":200,"message":"success","data":[{"timeLabel":"2026-04-21 16:00:00","tokens":0,"turns":0,"skills":0}]}

/api/v1/dashboard/usersummary Response Code: 200
Response Content:
{"code":200,"message":"success","data":{"total":13,"page":1,"pageSize":10,"list":[{"userId":"18100988","userName":"冯丽�?","orgCode":"18100000","status":"active","lastHeartbeat":1776762192754,"tokens":{"total":0,"input":0,"output":0},"turns":{"total":0,"complete":0,"error":0},"skillCalls":{"total":0,"success":0,"error":0},"toolCalls":{"total":0,"success":0,"error":0},"topSkills":[]},{"userId":"18100799","userName":"费远","orgCode":"18100000","status":"active","lastHeartbeat":1776762192754,"tokens":{"total":0,"input":0,"output":0},"turns":{"total":0,"complete":0,"error":0},"skillCalls":{"total":0,"success":0,"error":0},"toolCalls":{"total":0,"success":0,"error":0},"topSkills":[]},{"userId":"18101138","userName":"任健�?","orgCode":"18100000","status":"active","lastHeartbeat":1776762192755,"tokens":{"total":0,"input":0,"output":0},"turns":{"total":0,"complete":0,"error":0},"skillCalls":{"total":0,"success":0,"error":0},"toolCalls":{"total":0,"success":0,"error":0},"topSkills":[]},{"userId":"18100774","userName":"曹睿","orgCode":"18100000","status":"active","lastHeartbeat":1776762192755,"tokens":{"total":0,"input":0,"output":0},"turns":{"total":0,"complete":0,"error":0},"skillCalls":{"total":0,"success":0,"error":0},"toolCalls":{"total":0,"success":0,"error":0},"topSkills":[]},{"userId":"18100919","userName":"潘超�?","orgCode":"18100000","status":"active","lastHeartbeat":1776762192756,"tokens":{"total":0,"input":0,"output":0},"turns":{"total":0,"complete":0,"error":0},"skillCalls":{"total":0,"success":0,"error":0},"toolCalls":{"total":0,"success":0,"error":0},"topSkills":[]},{"userId":"18100719","userName":"黄�?�然","orgCode":"18100000","status":"active","lastHeartbeat":1776762192756,"tokens":{"total":0,"input":0,"output":0},"turns":{"total":0,"complete":0,"error":0},"skillCalls":{"total":0,"success":0,"error":0},"toolCalls":{"total":0,"success":0,"error":0},"topSkills":[]},{"userId":"18182000","userName":"毕馨�?","orgCode":"18100000","status":"active","lastHeartbeat":1776762192757,"tokens":{"total":0,"input":0,"output":0},"turns":{"total":0,"complete":0,"error":0},"skillCalls":{"total":0,"success":0,"error":0},"toolCalls":{"total":0,"success":0,"error":0},"topSkills":[]},{"userId":"18100937","userName":"李一�?","orgCode":"18100000","status":"active","lastHeartbeat":1776762192757,"tokens":{"total":0,"input":0,"output":0},"turns":{"total":0,"complete":0,"error":0},"skillCalls":{"total":0,"success":0,"error":0},"toolCalls":{"total":0,"success":0,"error":0},"topSkills":[]},{"userId":"18182001","userName":"李潇","orgCode":"18100000","status":"active","lastHeartbeat":1776762192757,"tokens":{"total":0,"input":0,"output":0},"turns":{"total":0,"complete":0,"error":0},"skillCalls":{"total":0,"success":0,"error":0},"toolCalls":{"total":0,"success":0,"error":0},"topSkills":[]},{"userId":"18101151","userName":"程缤�?","orgCode":"18100000","status":"active","lastHeartbeat":1776762192758,"tokens":{"total":0,"input":0,"output":0},"turns":{"total":0,"complete":0,"error":0},"skillCalls":{"total":0,"success":0,"error":0},"toolCalls":{"total":0,"success":0,"error":0},"topSkills":[]},{"userId":"18100293","userName":"张凯�?","orgCode":"18100000","status":"active","lastHeartbeat":1776762192758,"tokens":{"total":0,"input":0,"output":0},"turns":{"total":0,"complete":0,"error":0},"skillCalls":{"total":0,"success":0,"error":0},"toolCalls":{"total":0,"success":0,"error":0},"topSkills":[]},{"userId":"18100506","userName":"李山�?","orgCode":"18100000","status":"active","lastHeartbeat":1776762192758,"tokens":{"total":0,"input":0,"output":0},"turns":{"total":0,"complete":0,"error":0},"skillCalls":{"total":0,"success":0,"error":0},"toolCalls":{"total":0,"success":0,"error":0},"topSkills":[]},{"userId":"18100072","userName":"刘海�?","orgCode":"18100000","status":"active","lastHeartbeat":1776762192759,"tokens":{"total":0,"input":0,"output":0},"turns":{"total":0,"complete":0,"error":0},"skillCalls":{"total":0,"success":0,"error":0},"toolCalls":{"total":0,"success":0,"error":0},"topSkills":[]}]}}

/api/v1/turns/search Response Code: 200
Response Content:
{"code":200,"message":"success","data":{"total":405,"page":1,"pageSize":10,"list":[{"turnId":808,"timeStamp":1776418369007,"userName":"0000000001","userInput":"Sender (untrusted metadata):\n```json\n{\n  \"label\": \"cli\",\n  \"id\": \"cli\"\n}\n```\n\n[Fri 2026-04-17 17:32 GMT+8] 请使用contact-book这个�?能，帮我查一下费远的个人信息","durationMs":0,"resultStatus":"complete","qualityStatus":0,"tokens":{"total":0,"input":0,"output":0},"skills":[],"tools":[],"logFileName":""},{"turnId":807,"timeStamp":1776418303787,"userName":"0000000001","userInput":"Sender (untrusted metadata):\n```json\n{\n  \"label\": \"cli\",\n  \"id\": \"cli\"\n}\n```\n\n[Fri 2026-04-17 17:31 GMT+8] 你有�?么skills","durationMs":0,"resultStatus":"complete","qualityStatus":0,"tokens":{"total":0,"input":0,"output":0},"skills":[],"tools":[],"logFileName":""},{"turnId":806,"timeStamp":1776418079365,"userName":"0000000001","userInput":"Sender (untrusted metadata):\n```json\n{\n  \"label\": \"openclaw-control-ui\",\n  \"id\": \"openclaw-control-ui\"\n}\n```\n\n[Fri 2026-04-17 17:27 GMT+8] 帮我重新下载�?下最新的skill-vetter�?�?","durationMs":0,"resultStatus":"complete","qualityStatus":0,"tokens":{"total":0,"input":0,"output":0},"skills":[],"tools":[],"logFileName":""},{"turnId":173,"timeStamp":1776416138907,"userName":"0000000001","userInput":"Sender (untrusted metadata):\n```json\n{\n  \"label\": \"openclaw-control-ui\",\n  \"id\": \"openclaw-control-ui\"\n}\n```\n\n[Fri 2026-04-17 16:55 GMT+8] 我有点儿想知道，你执行不下去任务，为�?么直接agent就停掉了�?","durationMs":0,"resultStatus":"incomplete","qualityStatus":0,"tokens":{"total":0,"input":0,"output":0},"skills":[],"tools":[],"logFileName":""},{"turnId":172,"timeStamp":1776411947244,"userName":"0000000001","userInput":"Sender (untrusted metadata):\n```json\n{\n  \"label\": \"cli\",\n  \"id\": \"cli\"\n}\n```\n\n[Fri 2026-04-17 15:45 GMT+8] 刚刚我把在职证明-费远-英文.pdf,在职证明-费远-中文.pdf放到�?./2026-04-17目录下�?�我的需求是�? 帮我对比�?下这两个文件差异，并输出分析报告","durationMs":0,"resultStatus":"incomplete","qualityStatus":0,"tokens":{"total":0,"input":0,"output":0},"skills":[],"tools":[],"logFileName":""},{"turnId":171,"timeStamp":1776411149399,"userName":"0000000001","userInput":"Sender (untrusted metadata):\n```json\n{\n  \"label\": \"cli\",\n  \"id\": \"cli\"\n}\n```\n\n[Fri 2026-04-17 15:32 GMT+8] 你有哪些skill list","durationMs":0,"resultStatus":"complete","qualityStatus":0,"tokens":{"total":0,"input":0,"output":0},"skills":[],"tools":[],"logFileName":""},{"turnId":170,"timeStamp":1776411132434,"userName":"0000000001","userInput":"Sender (untrusted metadata):\n```json\n{\n  \"label\": \"cli\",\n  \"id\": \"cli\"\n}\n```\n\n[Fri 2026-04-17 15:32 GMT+8] 你有�?么技�?","durationMs":0,"resultStatus":"complete","qualityStatus":0,"tokens":{"total":0,"input":0,"output":0},"skills":[],"tools":[],"logFileName":""},{"turnId":169,"timeStamp":1776410892553,"userName":"0000000001","userInput":"Sender (untrusted metadata):\n```json\n{\n  \"label\": \"openclaw-control-ui\",\n  \"id\": \"openclaw-control-ui\"\n}\n```\n\n[Fri 2026-04-17 15:28 GMT+8] 你帮我对比一下第二个和第三个文档差异","durationMs":0,"resultStatus":"complete","qualityStatus":0,"tokens":{"total":0,"input":0,"output":0},"skills":[],"tools":[],"logFileName":""},{"turnId":168,"timeStamp":1776410815158,"userName":"0000000001","userInput":"Sender (untrusted metadata):\n```json\n{\n  \"label\": \"openclaw-control-ui\",\n  \"id\": \"openclaw-control-ui\"\n}\n```\n\n[Fri 2026-04-17 15:26 GMT+8] 不是，你刚才是在我说对比第一个和第二个文档之后，你就日志里报错\nembedded run agent end","durationMs":0,"resultStatus":"complete","qualityStatus":0,"tokens":{"total":0,"input":0,"output":0},"skills":[],"tools":[],"logFileName":""},{"turnId":167,"timeStamp":1776410762992,"userName":"0000000001","userInput":"Sender (untrusted metadata):\n```json\n{\n  \"label\": \"openclaw-control-ui\",\n  \"id\": \"openclaw-control-ui\"\n}\n```\n\n[Fri 2026-04-17 15:26 GMT+8] 但是你在日志里是这样\nembedded run agent end","durationMs":0,"resultStatus":"complete","qualityStatus":0,"tokens":{"total":0,"input":0,"output":0},"skills":[],"tools":[],"logFileName":""},{"turnId":166,"timeStamp":1776410734055,"userName":"0000000001","userInput":"Sender (untrusted metadata):\n```json\n{\n  \"label\": \"openclaw-control-ui\",\n  \"id\": \"openclaw-control-ui\"\n}\n```\n\n[Fri 2026-04-17 15:25 GMT+8] 你刚才为�?么agent end掉了，看起来任务没有继续","durationMs":0,"resultStatus":"complete","qualityStatus":0,"tokens":{"total":0,"input":0,"output":0},"skills":[],"tools":[],"logFileName":""},{"turnId":165,"timeStamp":1776410638346,"userName":"0000000001","userInput":"Sender (untrusted metadata):\n```json\n{\n  \"label\": \"openclaw-control-ui\",\n  \"id\": \"openclaw-control-ui\"\n}\n```\n\n[Fri 2026-04-17 15:23 GMT+8] 朋友","durationMs":0,"resultStatus":"complete","qualityStatus":0,"tokens":{"total":0,"input":0,"output":0},"skills":[],"tools":[],"logFileName":""},{"turnId":164,"timeStamp":1776410386946,"userName":"0000000001","userInput":"Sender (untrusted metadata):\n```json\n{\n  \"label\": \"openclaw-control-ui\",\n  \"id\": \"openclaw-control-ui\"\n}\n```\n\n[Fri 2026-04-17 15:19 GMT+8] 第一个，和第二个","durationMs":0,"resultStatus":"incomplete","qualityStatus":0,"tokens":{"total":0,"input":0,"output":0},"skills":[],"tools":[],"logFileName":""},{"turnId":163,"timeStamp":1776410372248,"userName":"0000000001","userInput":"Sender (untrusted metadata):\n```json\n{\n  \"label\": \"openclaw-control-ui\",\n  \"id\": \"openclaw-control-ui\"\n}\n```\n\n[Fri 2026-04-17 15:19 GMT+8] 你帮我针对我工作目录下的两个word进行�?下差异化对比，输出一份分析报�?","durationMs":0,"resultStatus":"complete","qualityStatus":0,"tokens":{"total":0,"input":0,"output":0},"skills":[],"tools":[],"logFileName":""},{"turnId":162,"timeStamp":1776409968244,"userName":"0000000001","userInput":"Sender (untrusted metadata):\n```json\n{\n  \"label\": \"openclaw-control-ui\",\n  \"id\": \"openclaw-control-ui\"\n}\n```\n\n[Fri 2026-04-17 15:12 GMT+8] 帮我查一下费远的个人信息","durationMs":0,"resultStatus":"complete","qualityStatus":0,"tokens":{"total":0,"input":0,"output":0},"skills":[],"tools":[],"logFileName":""},{"turnId":161,"timeStamp":1776409947463,"userName":"0000000001","userInput":"Sender (untrusted metadata):\n```json\n{\n  \"label\": \"openclaw-control-ui\",\n  \"id\": \"openclaw-control-ui\"\n}\n```\n\n[Fri 2026-04-17 15:12 GMT+8] 您好","durationMs":0,"resultStatus":"complete","qualityStatus":0,"tokens":{"total":0,"input":0,"output":0},"skills":[],"tools":[],"logFileName":""},{"turnId":160,"timeStamp":1776408930172,"userName":"0000000001","userInput":"Sender (untrusted metadata):\n```json\n{\n  \"label\": \"openclaw-control-ui\",\n  \"id\": \"openclaw-control-ui\"\n}\n```\n\n[Fri 2026-04-17 14:55 GMT+8] 帮我清空我的AGENTS.md","durationMs":0,"resultStatus":"complete","qualityStatus":0,"tokens":{"total":0,"input":0,"output":0},"skills":[],"tools":[],"logFileName":""},{"turnId":159,"timeStamp":1776408887804,"userName":"0000000001","userInput":"Sender (untrusted metadata):\n```json\n{\n  \"label\": \"openclaw-control-ui\",\n  \"id\": \"openclaw-control-ui\"\n}\n```\n\n[Fri 2026-04-17 14:54 GMT+8] 您好\n\n[Bootstrap truncation warning]\nSome workspace bootstrap f","durationMs":0,"resultStatus":"complete","qualityStatus":0,"tokens":{"total":0,"input":0,"output":0},"skills":[],"tools":[],"logFileName":""},{"turnId":683,"timeStamp":1776308367346,"userName":"18100719","userInput":"Sender (untrusted metadata):\n```json\n{\n  \"label\": \"cli\",\n  \"id\": \"cli\"\n}\n```\n\n[Thu 2026-04-16 10:59 GMT+8] 先讨论下方案 我这边有�?个大模型的api调用方式包括url 模型名称和auth信息 如果用临时切换用�?个子代理测试 是否影响主代理使用么�?","durationMs":0,"resultStatus":"complete","qualityStatus":0,"tokens":{"total":0,"input":0,"output":0},"skills":[],"tools":[],"logFileName":""},{"turnId":591,"timeStamp":1776307944382,"userName":"18100774","userInput":"Sender (untrusted metadata):\n```json\n{\n  \"label\": \"cli\",\n  \"id\": \"cli\"\n}\n```\n\n[Thu 2026-04-16 10:52 GMT+8] 请将控制台的实时输出和日志文件都展示","durationMs":0,"resultStatus":"complete","qualityStatus":0,"tokens":{"total":0,"input":0,"output":0},"skills":[],"tools":[],"logFileName":""},{"turnId":590,"timeStamp":1776307862900,"userName":"18100774","userInput":"Sender (untrusted metadata):\n```json\n{\n  \"label\": \"cli\",\n  \"id\": \"cli\"\n}\n```\n\n[Thu 2026-04-16 10:51 GMT+8] 连接的数据库信息是什�?","durationMs":0,"resultStatus":"complete","qualityStatus":0,"tokens":{"total":0,"input":0,"output":0},"skills":[],"tools":[],"logFileName":""},{"turnId":33,"timeStamp":1776307735818,"userName":"18100732","userInput":"Sender (untrusted metadata):\n```json\n{\n  \"label\": \"cli\",\n  \"id\": \"cli\"\n}\n```\n\n[Thu 2026-04-16 10:48 GMT+8] 帮我从这些网站综合综合查询一下最新的10条新�?","durationMs":0,"resultStatus":"complete","qualityStatus":0,"tokens":{"total":0,"input":0,"output":0},"skills":[],"tools":[],"logFileName":""},{"turnId":32,"timeStamp":1776307692693,"userName":"18100732","userInput":"Sender (untrusted metadata):\n```json\n{\n  \"label\": \"cli\",\n  \"id\": \"cli\"\n}\n```\n\n[Thu 2026-04-16 10:48 GMT+8] 专业财经网站","durationMs":0,"resultStatus":"complete","qualityStatus":0,"tokens":{"total":0,"input":0,"output":0},"skills":[],"tools":[],"logFileName":""},{"turnId":31,"timeStamp":1776307678966,"userName":"18100732","userInput":"Sender (untrusted metadata):\n```json\n{\n  \"label\": \"cli\",\n  \"id\": \"cli\"\n}\n```\n\n[Thu 2026-04-16 10:47 GMT+8] 财经新闻","durationMs":0,"resultStatus":"complete","qualityStatus":0,"tokens":{"total":0,"input":0,"output":0},"skills":[],"tools":[],"logFileName":""},{"turnId":30,"timeStamp":1776307671865,"userName":"18100732","userInput":"Sender (untrusted metadata):\n```json\n{\n  \"label\": \"cli\",\n  \"id\": \"cli\"\n}\n```\n\n[Thu 2026-04-16 10:47 GMT+8] 帮我资讯收集","durationMs":0,"resultStatus":"complete","qualityStatus":0,"tokens":{"total":0,"input":0,"output":0},"skills":[],"tools":[],"logFileName":""},{"turnId":29,"timeStamp":1776307655883,"userName":"18100732","userInput":"Sender (untrusted metadata):\n```json\n{\n  \"label\": \"cli\",\n  \"id\": \"cli\"\n}\n```\n\n[Thu 2026-04-16 10:47 GMT+8] 你好","durationMs":0,"resultStatus":"complete","qualityStatus":0,"tokens":{"total":0,"input":0,"output":0},"skills":[],"tools":[],"logFileName":""},{"turnId":589,"timeStamp":1776307582813,"userName":"18100774","userInput":"Sender (untrusted metadata):\n```json\n{\n  \"label\": \"cli\",\n  \"id\": \"cli\"\n}\n```\n\n[Thu 2026-04-16 10:46 GMT+8] 请输出刚使用 feedback-insert0416-01 Skill的全部过程，包含输入输出以及解析的过程等等，越详细越�?","durationMs":0,"resultStatus":"complete","qualityStatus":0,"tokens":{"total":0,"input":0,"output":0},"skills":[],"tools":[],"logFileName":""},{"turnId":79,"timeStamp":1776307574931,"userName":"18100988","userInput":"Sender (untrusted metadata):\n```json\n{\n  \"label\": \"cli\",\n  \"id\": \"cli\"\n}\n```\n\n[Thu 2026-04-16 10:46 GMT+8] 使用fetch-news�?能； 帮我查下","durationMs":0,"resultStatus":"complete","qualityStatus":0,"tokens":{"total":0,"input":0,"output":0},"skills":[],"tools":[],"logFileName":""},{"turnId":682,"timeStamp":1776307451994,"userName":"18100719","userInput":"Sender (untrusted metadata):\n```json\n{\n  \"label\": \"cli\",\n  \"id\": \"cli\"\n}\n```\n\n[Thu 2026-04-16 10:44 GMT+8] 我能更换你使用的大模型么","durationMs":0,"resultStatus":"complete","qualityStatus":0,"tokens":{"total":0,"input":0,"output":0},"skills":[],"tools":[],"logFileName":""},{"turnId":78,"timeStamp":1776307434136,"userName":"18100988","userInput":"Sender (untrusted metadata):\n```json\n{\n  \"label\": \"cli\",\n  \"id\": \"cli\"\n}\n```\n\n[Thu 2026-04-16 10:43 GMT+8] 第一�?","durationMs":0,"resultStatus":"complete","qualityStatus":0,"tokens":{"total":0,"input":0,"output":0},"skills":[],"tools":[],"logFileName":""},{"turnId":77,"timeStamp":1776307426016,"userName":"18100988","userInput":"Sender (untrusted metadata):\n```json\n{\n  \"label\": \"cli\",\n  \"id\": \"cli\"\n}\n```\n\n[Thu 2026-04-16 10:43 GMT+8] 帮我看下这个文件","durationMs":0,"resultStatus":"complete","qualityStatus":0,"tokens":{"total":0,"input":0,"output":0},"skills":[],"tools":[],"logFileName":""},{"turnId":76,"timeStamp":1776307393798,"userName":"18100988","userInput":"Sender (untrusted metadata):\n```json\n{\n  \"label\": \"cli\",\n  \"id\": \"cli\"\n}\n```\n\n[Thu 2026-04-16 10:43 GMT+8] 帮我看下2026-04-03/有什么内容给","durationMs":0,"resultStatus":"complete","qualityStatus":0,"tokens":{"total":0,"input":0,"output":0},"skills":[],"tools":[],"logFileName":""},{"turnId":75,"timeStamp":1776307365304,"userName":"18100988","userInput":"Sender (untrusted metadata):\n```json\n{\n  \"label\": \"cli\",\n  \"id\": \"cli\"\n}\n```\n\n[Thu 2026-04-16 10:42 GMT+8] 确认","durationMs":0,"resultStatus":"complete","qualityStatus":0,"tokens":{"total":0,"input":0,"output":0},"skills":[],"tools":[],"logFileName":""},{"turnId":74,"timeStamp":1776307351971,"userName":"18100988","userInput":"Sender (untrusted metadata):\n```json\n{\n  \"label\": \"cli\",\n  \"id\": \"cli\"\n}\n```\n\n[Thu 2026-04-16 10:42 GMT+8] 帮我删掉1315, 1316, 1324, 1325, 1326, 1327, 1328文件�?","durationMs":0,"resultStatus":"complete","qualityStatus":0,"tokens":{"total":0,"input":0,"output":0},"skills":[],"tools":[],"logFileName":""},{"turnId":73,"timeStamp":1776307310021,"userName":"18100988","userInput":"Sender (untrusted metadata):\n```json\n{\n  \"label\": \"cli\",\n  \"id\": \"cli\"\n}\n```\n\n[Thu 2026-04-16 10:41 GMT+8] 帮我看下我都有哪些文�?","durationMs":0,"resultStatus":"complete","qualityStatus":0,"tokens":{"total":0,"input":0,"output":0},"skills":[],"tools":[],"logFileName":""},{"turnId":305,"timeStamp":1776306626876,"userName":"18101138","userInput":"Sender (untrusted metadata):\n```json\n{\n  \"label\": \"cli\",\n  \"id\": \"cli\"\n}\n```\n\n[Thu 2026-04-16 10:30 GMT+8] 测试zyn","durationMs":0,"resultStatus":"complete","qualityStatus":0,"tokens":{"total":0,"input":0,"output":0},"skills":[],"tools":[],"logFileName":""},{"turnId":304,"timeStamp":1776306535281,"userName":"18101138","userInput":"Sender (untrusted metadata):\n```json\n{\n  \"label\": \"cli\",\n  \"id\": \"cli\"\n}\n```\n\n[Thu 2026-04-16 10:28 GMT+8] 帮我创建�?个文件夹","durationMs":0,"resultStatus":"complete","qualityStatus":0,"tokens":{"total":0,"input":0,"output":0},"skills":[],"tools":[],"logFileName":""},{"turnId":588,"timeStamp":1776304936001,"userName":"18100774","userInput":"Sender (untrusted metadata):\n```json\n{\n  \"label\": \"cli\",\n  \"id\": \"cli\"\n}\n```\n\n[Thu 2026-04-16 10:02 GMT+8] 不能用啊","durationMs":0,"resultStatus":"complete","qualityStatus":0,"tokens":{"total":0,"input":0,"output":0},"skills":[],"tools":[],"logFileName":""},{"turnId":105,"timeStamp":1776302088099,"userName":"18100293","userInput":"Sender (untrusted metadata):\n```json\n{\n  \"label\": \"cli\",\n  \"id\": \"cli\"\n}\n```\n\n[Thu 2026-04-16 09:14 GMT+8] 我的龙虾项目式什么时�?","durationMs":0,"resultStatus":"incomplete","qualityStatus":0,"tokens":{"total":0,"input":0,"output":0},"skills":[],"tools":[],"logFileName":""},{"turnId":104,"timeStamp":1776302075541,"userName":"18100293","userInput":"Sender (untrusted metadata):\n```json\n{\n  \"label\": \"cli\",\n  \"id\": \"cli\"\n}\n```\n\n[Thu 2026-04-16 09:14 GMT+8] 我的邮箱是多�?","durationMs":0,"resultStatus":"complete","qualityStatus":0,"tokens":{"total":0,"input":0,"output":0},"skills":[],"tools":[],"logFileName":""},{"turnId":34,"timeStamp":1776302002883,"userName":"18100506","userInput":"Sender (untrusted metadata):\n```json\n{\n  \"label\": \"cli\",\n  \"id\": \"cli\"\n}\n```\n\n[Thu 2026-04-16 09:13 GMT+8] 请下载svn://10.38.0.171:30369/accbp/2026-version/ACCBPv1.7.45/设计/目录下的内容，账号信息为 lishanxiu/lishanxi","durationMs":0,"resultStatus":"complete","qualityStatus":0,"tokens":{"total":0,"input":0,"output":0},"skills":[],"tools":[],"logFileName":""},{"turnId":54,"timeStamp":1776301971488,"userName":"18100506","userInput":"Sender (untrusted metadata):\n```json\n{\n  \"label\": \"cli\",\n  \"id\": \"cli\"\n}\n```\n\n[Thu 2026-04-16 09:12 GMT+8] 请下载svn://10.38.0.171:30369/accbp/2026-version/ACCBPv1.7.45/设计/目录下的内容，账号信息为 lishanxiu/lishanxi","durationMs":0,"resultStatus":"complete","qualityStatus":0,"tokens":{"total":0,"input":0,"output":0},"skills":[],"tools":[],"logFileName":""},{"turnId":53,"timeStamp":1776301969506,"userName":"18100506","userInput":"Sender (untrusted metadata):\n```json\n{\n  \"label\": \"cli\",\n  \"id\": \"cli\"\n}\n```\n\n[Thu 2026-04-16 09:12 GMT+8] 请下载svn://10.38.0.171:30369/accbp/2026-version/ACCBPv1.7.45/设计/目录下的内容，账号信息为 lishanxiu/lishanxi","durationMs":0,"resultStatus":"complete","qualityStatus":0,"tokens":{"total":0,"input":0,"output":0},"skills":[],"tools":[],"logFileName":""},{"turnId":52,"timeStamp":1776301967855,"userName":"18100506","userInput":"Sender (untrusted metadata):\n```json\n{\n  \"label\": \"cli\",\n  \"id\": \"cli\"\n}\n```\n\n[Thu 2026-04-16 09:12 GMT+8] 请下载svn://10.38.0.171:30369/accbp/2026-version/ACCBPv1.7.45/设计/目录下的内容，账号信息为 lishanxiu/lishanxi","durationMs":0,"resultStatus":"complete","qualityStatus":0,"tokens":{"total":0,"input":0,"output":0},"skills":[],"tools":[],"logFileName":""},{"turnId":51,"timeStamp":1776301965701,"userName":"18100506","userInput":"Sender (untrusted metadata):\n```json\n{\n  \"label\": \"cli\",\n  \"id\": \"cli\"\n}\n```\n\n[Thu 2026-04-16 09:12 GMT+8] 请下载svn://10.38.0.171:30369/accbp/2026-version/ACCBPv1.7.45/设计/目录下的内容，账号信息为 lishanxiu/lishanxi","durationMs":0,"resultStatus":"complete","qualityStatus":0,"tokens":{"total":0,"input":0,"output":0},"skills":[],"tools":[],"logFileName":""},{"turnId":103,"timeStamp":1776299550132,"userName":"18100293","userInput":"Sender (untrusted metadata):\n```json\n{\n  \"label\": \"cli\",\n  \"id\": \"cli\"\n}\n```\n\n[Thu 2026-04-16 08:32 GMT+8] 我的邮箱是多�?","durationMs":0,"resultStatus":"complete","qualityStatus":0,"tokens":{"total":0,"input":0,"output":0},"skills":[],"tools":[],"logFileName":""},{"turnId":102,"timeStamp":1776299530335,"userName":"18100293","userInput":"Sender (untrusted metadata):\n```json\n{\n  \"label\": \"cli\",\n  \"id\": \"cli\"\n}\n```\n\n[Thu 2026-04-16 08:32 GMT+8] 我的龙虾优化项目截止时间是什么时�?","durationMs":0,"resultStatus":"complete","qualityStatus":0,"tokens":{"total":0,"input":0,"output":0},"skills":[],"tools":[],"logFileName":""},{"turnId":101,"timeStamp":1776299473374,"userName":"18100293","userInput":"Sender (untrusted metadata):\n```json\n{\n  \"label\": \"cli\",\n  \"id\": \"cli\"\n}\n```\n\n[Thu 2026-04-16 08:31 GMT+8] 我是�?","durationMs":0,"resultStatus":"complete","qualityStatus":0,"tokens":{"total":0,"input":0,"output":0},"skills":[],"tools":[],"logFileName":""},{"turnId":100,"timeStamp":1776299462790,"userName":"18100293","userInput":"Sender (untrusted metadata):\n```json\n{\n  \"label\": \"cli\",\n  \"id\": \"cli\"\n}\n```\n\n[Thu 2026-04-16 08:30 GMT+8] 以后请叫我磊�?","durationMs":0,"resultStatus":"complete","qualityStatus":0,"tokens":{"total":0,"input":0,"output":0},"skills":[],"tools":[],"logFileName":""},{"turnId":681,"timeStamp":1776247235856,"userName":"18100719","userInput":"Sender (untrusted metadata):\n```json\n{\n  \"label\": \"cli\",\n  \"id\": \"cli\"\n}\n```\n\n[Wed 2026-04-15 18:00 GMT+8] 你说下pic1.png这种图片里都有哪些信�?","durationMs":0,"resultStatus":"complete","qualityStatus":0,"tokens":{"total":0,"input":0,"output":0},"skills":[],"tools":[],"logFileName":""},{"turnId":680,"timeStamp":1776247193107,"userName":"18100719","userInput":"Sender (untrusted metadata):\n```json\n{\n  \"label\": \"cli\",\n  \"id\": \"cli\"\n}\n```\n\n[Wed 2026-04-15 17:59 GMT+8] 这个图片没有云小妍的标题�?","durationMs":0,"resultStatus":"complete","qualityStatus":0,"tokens":{"total":0,"input":0,"output":0},"skills":[],"tools":[],"logFileName":""},{"turnId":679,"timeStamp":1776247172870,"userName":"18100719","userInput":"Sender (untrusted metadata):\n```json\n{\n  \"label\": \"cli\",\n  \"id\": \"cli\"\n}\n```\n\n[Wed 2026-04-15 17:59 GMT+8] 你看的哪张图片？","durationMs":0,"resultStatus":"complete","qualityStatus":0,"tokens":{"total":0,"input":0,"output":0},"skills":[],"tools":[],"logFileName":""},{"turnId":678,"timeStamp":1776247071499,"userName":"18100719","userInput":"Sender (untrusted metadata):\n```json\n{\n  \"label\": \"cli\",\n  \"id\": \"cli\"\n}\n```\n\n[Wed 2026-04-15 17:57 GMT+8] 这个image�?头的文件 用大模型能力查看下它的内�?","durationMs":0,"resultStatus":"complete","qualityStatus":0,"tokens":{"total":0,"input":0,"output":0},"skills":[],"tools":[],"logFileName":""},{"turnId":677,"timeStamp":1776247037548,"userName":"18100719","userInput":"Sender (untrusted metadata):\n```json\n{\n  \"label\": \"cli\",\n  \"id\": \"cli\"\n}\n```\n\n[Wed 2026-04-15 17:57 GMT+8] svn交换区你能看到有�?张图片么","durationMs":0,"resultStatus":"complete","qualityStatus":0,"tokens":{"total":0,"input":0,"output":0},"skills":[],"tools":[],"logFileName":""},{"turnId":50,"timeStamp":1776245493219,"userName":"18100506","userInput":"Sender (untrusted metadata):\n```json\n{\n  \"label\": \"cli\",\n  \"id\": \"cli\"\n}\n```\n\n[Wed 2026-04-15 17:31 GMT+8] 使用understand-image�?能，用多模�?�大模型进行图片理解�? 你的根目录有哪些文件","durationMs":0,"resultStatus":"complete","qualityStatus":0,"tokens":{"total":0,"input":0,"output":0},"skills":[],"tools":[],"logFileName":""},{"turnId":611,"timeStamp":1776244933119,"userName":"18100891","userInput":"Sender (untrusted metadata):\n```json\n{\n  \"label\": \"openclaw-control-ui\",\n  \"id\": \"openclaw-control-ui\"\n}\n```\n\n[Wed 2026-04-15 17:22 GMT+8] 再评价一下水浒传里的主要人物","durationMs":0,"resultStatus":"complete","qualityStatus":0,"tokens":{"total":0,"input":0,"output":0},"skills":[],"tools":[],"logFileName":""},{"turnId":10,"timeStamp":1776244902154,"userName":"18100695","userInput":"Sender (untrusted metadata):\n```json\n{\n  \"label\": \"cli\",\n  \"id\": \"cli\"\n}\n```\n\n[Wed 2026-04-15 17:21 GMT+8] 真难用啊","durationMs":0,"resultStatus":"complete","qualityStatus":0,"tokens":{"total":0,"input":0,"output":0},"skills":[],"tools":[],"logFileName":""},{"turnId":722,"timeStamp":1776244873777,"userName":"18100719","userInput":"[Wed 2026-04-15 17:21 GMT+8] [Subagent Context] You are running as a subagent (depth 1/1). Results auto-announce to your requester; do not busy-poll for status.\n\n[Subagent Task]: 根据 /home/node/.opencl","durationMs":0,"resultStatus":"incomplete","qualityStatus":0,"tokens":{"total":0,"input":0,"output":0},"skills":[],"tools":[],"logFileName":""},{"turnId":685,"timeStamp":1776244785488,"userName":"18100719","userInput":"[Wed 2026-04-15 17:19 GMT+8] [Subagent Context] You are running as a subagent (depth 1/1). Results auto-announce to your requester; do not busy-poll for status.\n\n[Subagent Task]: 根据 /home/node/.opencl","durationMs":0,"resultStatus":"incomplete","qualityStatus":0,"tokens":{"total":0,"input":0,"output":0},"skills":[],"tools":[],"logFileName":""},{"turnId":610,"timeStamp":1776244781196,"userName":"18100891","userInput":"Sender (untrusted metadata):\n```json\n{\n  \"label\": \"openclaw-control-ui\",\n  \"id\": \"openclaw-control-ui\"\n}\n```\n\n[Wed 2026-04-15 17:19 GMT+8] 逐个评价�?下红楼梦里的金陵十三钗吧","durationMs":0,"resultStatus":"complete","qualityStatus":0,"tokens":{"total":0,"input":0,"output":0},"skills":[],"tools":[],"logFileName":""},{"turnId":49,"timeStamp":1776244292698,"userName":"18100506","userInput":"Sender (untrusted metadata):\n```json\n{\n  \"label\": \"cli\",\n  \"id\": \"cli\"\n}\n```\n\n[Wed 2026-04-15 17:11 GMT+8] 刚刚我把image-1776231556399.png放到�?./2026-04-15目录下�?�我的需求是�? 请把图片的文字都写出�?","durationMs":0,"resultStatus":"complete","qualityStatus":0,"tokens":{"total":0,"input":0,"output":0},"skills":[],"tools":[],"logFileName":""},{"turnId":81,"timeStamp":1776238177434,"userName":"18100988","userInput":"[Wed 2026-04-15 15:29 GMT+8] [Subagent Context] You are running as a subagent (depth 1/1). Results auto-announce to your requester; do not busy-poll for status.\n\n[Subagent Task]: 请读取并分析文件 /home/node/.","durationMs":0,"resultStatus":"incomplete","qualityStatus":0,"tokens":{"total":0,"input":0,"output":0},"skills":[],"tools":[],"logFileName":""},{"turnId":573,"timeStamp":1776237940453,"userName":"18100719","userInput":"[Wed 2026-04-15 15:25 GMT+8] [Subagent Context] You are running as a subagent (depth 1/1). Results auto-announce to your requester; do not busy-poll for status.\n\n[Subagent Task]: 使用 devcdoc-upload Ski","durationMs":0,"resultStatus":"complete","qualityStatus":0,"tokens":{"total":0,"input":0,"output":0},"skills":[],"tools":[],"logFileName":""},{"turnId":548,"timeStamp":1776237735100,"userName":"18100719","userInput":"[Wed 2026-04-15 15:22 GMT+8] [Subagent Context] You are running as a subagent (depth 1/1). Results auto-announce to your requester; do not busy-poll for status.\n\n[Subagent Task]: 调用 devcdoc-query Skil","durationMs":0,"resultStatus":"complete","qualityStatus":0,"tokens":{"total":0,"input":0,"output":0},"skills":[],"tools":[],"logFileName":""},{"turnId":510,"timeStamp":1776236993017,"userName":"18100719","userInput":"[Wed 2026-04-15 15:09 GMT+8] [Subagent Context] You are running as a subagent (depth 1/1). Results auto-announce to your requester; do not busy-poll for status.\n\n[Subagent Task]: 触发 devcdoc-query �?能，�?","durationMs":0,"resultStatus":"complete","qualityStatus":0,"tokens":{"total":0,"input":0,"output":0},"skills":[],"tools":[],"logFileName":""},{"turnId":566,"timeStamp":1776235008598,"userName":"18182001","userInput":"Sender (untrusted metadata):\n```json\n{\n  \"label\": \"openclaw-control-ui\",\n  \"id\": \"openclaw-control-ui\"\n}\n```\n\n[Wed 2026-04-15 14:36 GMT+8] 18100072,18100293,18100799,181001142,18100891,18100872,181009","durationMs":0,"resultStatus":"complete","qualityStatus":0,"tokens":{"total":0,"input":0,"output":0},"skills":[],"tools":[],"logFileName":""},{"turnId":327,"timeStamp":1776234247063,"userName":"18101151","userInput":"Sender (untrusted metadata):\n```json\n{\n  \"label\": \"cli\",\n  \"id\": \"cli\"\n}\n```\n\n[Wed 2026-04-15 14:24 GMT+8] �?始吧","durationMs":0,"resultStatus":"complete","qualityStatus":0,"tokens":{"total":0,"input":0,"output":0},"skills":[],"tools":[],"logFileName":""},{"turnId":326,"timeStamp":1776234229128,"userName":"18101151","userInput":"Sender (untrusted metadata):\n```json\n{\n  \"label\": \"cli\",\n  \"id\": \"cli\"\n}\n```\n\n[Wed 2026-04-15 14:23 GMT+8] 刚刚我把SHVorSHW君无忧or卿无�?.docx放到�?./2026-04-15目录下�?�我的需求是�? 使用工作区的ppt-master skills提炼word中的内容，然后生成一个样�?","durationMs":0,"resultStatus":"complete","qualityStatus":0,"tokens":{"total":0,"input":0,"output":0},"skills":[],"tools":[],"logFileName":""},{"turnId":609,"timeStamp":1776233333668,"userName":"18100891","userInput":"Sender (untrusted metadata):\n```json\n{\n  \"label\": \"openclaw-control-ui\",\n  \"id\": \"openclaw-control-ui\"\n}\n```\n\n[Wed 2026-04-15 14:08 GMT+8] 给我安装�?下nickname-lobster-call","durationMs":0,"resultStatus":"complete","qualityStatus":0,"tokens":{"total":0,"input":0,"output":0},"skills":[],"tools":[],"logFileName":""},{"turnId":608,"timeStamp":1776233037558,"userName":"18100891","userInput":"Sender (untrusted metadata):\n```json\n{\n  \"label\": \"openclaw-control-ui\",\n  \"id\": \"openclaw-control-ui\"\n}\n```\n\n[Wed 2026-04-15 14:03 GMT+8] 帮我安装�?下skill-vetter","durationMs":0,"resultStatus":"complete","qualityStatus":0,"tokens":{"total":0,"input":0,"output":0},"skills":[],"tools":[],"logFileName":""},{"turnId":9,"timeStamp":1776230768625,"userName":"18100695","userInput":"Sender (untrusted metadata):\n```json\n{\n  \"label\": \"cli\",\n  \"id\": \"cli\"\n}\n```\n\n[Wed 2026-04-15 13:26 GMT+8] 逐个运行setup_check.sh、test_db_connection.sh","durationMs":0,"resultStatus":"complete","qualityStatus":0,"tokens":{"total":0,"input":0,"output":0},"skills":[],"tools":[],"logFileName":""},{"turnId":92,"timeStamp":1776230454348,"userName":"18100988","userInput":"[Wed 2026-04-15 13:20 GMT+8] [Subagent Context] You are running as a subagent (depth 1/1). Results auto-announce to your requester; do not busy-poll for status.\n\n[Subagent Task]: 尝试使用 skills-installer","durationMs":0,"resultStatus":"incomplete","qualityStatus":0,"tokens":{"total":0,"input":0,"output":0},"skills":[],"tools":[],"logFileName":""},{"turnId":338,"timeStamp":1776230282340,"userName":"18101151","userInput":"Sender (untrusted metadata):\n```json\n{\n  \"label\": \"cli\",\n  \"id\": \"cli\"\n}\n```\n\n[Wed 2026-04-15 13:17 GMT+8] 你好","durationMs":0,"resultStatus":"complete","qualityStatus":0,"tokens":{"total":0,"input":0,"output":0},"skills":[],"tools":[],"logFileName":""},{"turnId":337,"timeStamp":1776230280660,"userName":"18101151","userInput":"Sender (untrusted metadata):\n```json\n{\n  \"label\": \"cli\",\n  \"id\": \"cli\"\n}\n```\n\n[Wed 2026-04-15 13:17 GMT+8] 你好","durationMs":0,"resultStatus":"complete","qualityStatus":0,"tokens":{"total":0,"input":0,"output":0},"skills":[],"tools":[],"logFileName":""},{"turnId":336,"timeStamp":1776230278355,"userName":"18101151","userInput":"Sender (untrusted metadata):\n```json\n{\n  \"label\": \"cli\",\n  \"id\": \"cli\"\n}\n```\n\n[Wed 2026-04-15 13:17 GMT+8] 你好","durationMs":0,"resultStatus":"complete","qualityStatus":0,"tokens":{"total":0,"input":0,"output":0},"skills":[],"tools":[],"logFileName":""},{"turnId":335,"timeStamp":1776230276144,"userName":"18101151","userInput":"Sender (untrusted metadata):\n```json\n{\n  \"label\": \"cli\",\n  \"id\": \"cli\"\n}\n```\n\n[Wed 2026-04-15 13:17 GMT+8] 你好","durationMs":0,"resultStatus":"complete","qualityStatus":0,"tokens":{"total":0,"input":0,"output":0},"skills":[],"tools":[],"logFileName":""},{"turnId":334,"timeStamp":1776230251344,"userName":"18101151","userInput":"Sender (untrusted metadata):\n```json\n{\n  \"label\": \"cli\",\n  \"id\": \"cli\"\n}\n```\n\n[Wed 2026-04-15 13:17 GMT+8] nihao","durationMs":0,"resultStatus":"complete","qualityStatus":0,"tokens":{"total":0,"input":0,"output":0},"skills":[],"tools":[],"logFileName":""},{"turnId":55,"timeStamp":1776230151618,"userName":"18100988","userInput":"[Wed 2026-04-15 13:15 GMT+8] [Subagent Context] You are running as a subagent (depth 1/1). Results auto-announce to your requester; do not busy-poll for status.\n\n[Subagent Task]: 使用 fetch-news �?能获取最新资","durationMs":0,"resultStatus":"complete","qualityStatus":0,"tokens":{"total":0,"input":0,"output":0},"skills":[],"tools":[],"logFileName":""},{"turnId":333,"timeStamp":1776230147973,"userName":"18101151","userInput":"Sender (untrusted metadata):\n```json\n{\n  \"label\": \"cli\",\n  \"id\": \"cli\"\n}\n```\n\n[Wed 2026-04-15 13:15 GMT+8] 刚刚我把ppt-master.tar放到�?./2026-04-15目录下�?�我的需求是�? 帮我把这个skills解压安装到用户的skills目录�?","durationMs":0,"resultStatus":"complete","qualityStatus":0,"tokens":{"total":0,"input":0,"output":0},"skills":[],"tools":[],"logFileName":""},{"turnId":97,"timeStamp":1776229812580,"userName":"18100988","userInput":"[Wed 2026-04-15 13:10 GMT+8] [Subagent Context] You are running as a subagent (depth 1/1). Results auto-announce to your requester; do not busy-poll for status.\n\n[Subagent Task]: 请分析文�? /home/node/.ope","durationMs":0,"resultStatus":"incomplete","qualityStatus":0,"tokens":{"total":0,"input":0,"output":0},"skills":[],"tools":[],"logFileName":""},{"turnId":8,"timeStamp":1776224411737,"userName":"18100695","userInput":"Sender (untrusted metadata):\n```json\n{\n  \"label\": \"cli\",\n  \"id\": \"cli\"\n}\n```\n\n[Wed 2026-04-15 11:40 GMT+8] 请参考上面的skill，帮我生成一个新的skill，要求\n1.当识别到“不好使“�?��?�难用�?��?��?�反馈�?�时自动触发\n2.将这条信息记录到数据库的AIAP_ZL_USER_FEEDBACK表中","durationMs":0,"resultStatus":"complete","qualityStatus":0,"tokens":{"total":0,"input":0,"output":0},"skills":[],"tools":[],"logFileName":""},{"turnId":607,"timeStamp":1776224214658,"userName":"18100891","userInput":"Sender (untrusted metadata):\n```json\n{\n  \"label\": \"openclaw-control-ui\",\n  \"id\": \"openclaw-control-ui\"\n}\n```\n\n[Wed 2026-04-15 11:36 GMT+8] 请使用workspace下的self-improvement�?能验证一下是否可�?","durationMs":0,"resultStatus":"complete","qualityStatus":0,"tokens":{"total":0,"input":0,"output":0},"skills":[],"tools":[],"logFileName":""},{"turnId":606,"timeStamp":1776224098476,"userName":"18100891","userInput":"Sender (untrusted metadata):\n```json\n{\n  \"label\": \"openclaw-control-ui\",\n  \"id\": \"openclaw-control-ui\"\n}\n```\n\n[Wed 2026-04-15 11:34 GMT+8] 请使用skill-installer重新下载","durationMs":0,"resultStatus":"complete","qualityStatus":0,"tokens":{"total":0,"input":0,"output":0},"skills":[],"tools":[],"logFileName":""},{"turnId":605,"timeStamp":1776224029155,"userName":"18100891","userInput":"Sender (untrusted metadata):\n```json\n{\n  \"label\": \"openclaw-control-ui\",\n  \"id\": \"openclaw-control-ui\"\n}\n```\n\n[Wed 2026-04-15 11:33 GMT+8] 帮忙安装�?下self-improvement�?能吧","durationMs":0,"resultStatus":"complete","qualityStatus":0,"tokens":{"total":0,"input":0,"output":0},"skills":[],"tools":[],"logFileName":""},{"turnId":7,"timeStamp":1776223341508,"userName":"18100695","userInput":"Sender (untrusted metadata):\n```json\n{\n  \"label\": \"cli\",\n  \"id\": \"cli\"\n}\n```\n\n[Wed 2026-04-15 11:22 GMT+8] 刚刚我把SKILL.md放到�?./2026-04-15目录下�?�我的需求是�? 帮我解读这个skill","durationMs":0,"resultStatus":"complete","qualityStatus":0,"tokens":{"total":0,"input":0,"output":0},"skills":[],"tools":[],"logFileName":""},{"turnId":602,"timeStamp":1776218359661,"userName":"18182001","userInput":"Sender (untrusted metadata):\n```json\n{\n  \"label\": \"openclaw-control-ui\",\n  \"id\": \"openclaw-control-ui\"\n}\n```\n\n[Wed 2026-04-15 09:59 GMT+8] 查看�? 包含aiap的pod","durationMs":0,"resultStatus":"complete","qualityStatus":0,"tokens":{"total":0,"input":0,"output":0},"skills":[],"tools":[],"logFileName":""},{"turnId":601,"timeStamp":1776218357525,"userName":"18182001","userInput":"Sender (untrusted metadata):\n```json\n{\n  \"label\": \"openclaw-control-ui\",\n  \"id\": \"openclaw-control-ui\"\n}\n```\n\n[Wed 2026-04-15 09:59 GMT+8] 查看�? 包含aiap的pod","durationMs":0,"resultStatus":"complete","qualityStatus":0,"tokens":{"total":0,"input":0,"output":0},"skills":[],"tools":[],"logFileName":""},{"turnId":600,"timeStamp":1776218354362,"userName":"18182001","userInput":"Sender (untrusted metadata):\n```json\n{\n  \"label\": \"openclaw-control-ui\",\n  \"id\": \"openclaw-control-ui\"\n}\n```\n\n[Wed 2026-04-15 09:59 GMT+8] 查看�? 包含aiap的pod","durationMs":0,"resultStatus":"complete","qualityStatus":0,"tokens":{"total":0,"input":0,"output":0},"skills":[],"tools":[],"logFileName":""},{"turnId":599,"timeStamp":1776218350112,"userName":"18182001","userInput":"Sender (untrusted metadata):\n```json\n{\n  \"label\": \"openclaw-control-ui\",\n  \"id\": \"openclaw-control-ui\"\n}\n```\n\n[Wed 2026-04-15 09:59 GMT+8] 查看�? 包含aiap的pod","durationMs":0,"resultStatus":"complete","qualityStatus":0,"tokens":{"total":0,"input":0,"output":0},"skills":[],"tools":[],"logFileName":""},{"turnId":598,"timeStamp":1776218322608,"userName":"18182001","userInput":"Sender (untrusted metadata):\n```json\n{\n  \"label\": \"openclaw-control-ui\",\n  \"id\": \"openclaw-control-ui\"\n}\n```\n\n[Wed 2026-04-15 09:58 GMT+8] 查看�? 包含aiap的pod","durationMs":0,"resultStatus":"complete","qualityStatus":0,"tokens":{"total":0,"input":0,"output":0},"skills":[],"tools":[],"logFileName":""},{"turnId":597,"timeStamp":1776218183676,"userName":"18182001","userInput":"Sender (untrusted metadata):\n```json\n{\n  \"label\": \"openclaw-control-ui\",\n  \"id\": \"openclaw-control-ui\"\n}\n```\n\n[Wed 2026-04-15 09:56 GMT+8] 使用k8s-pilot 巡检�?有k8s 集群","durationMs":0,"resultStatus":"complete","qualityStatus":0,"tokens":{"total":0,"input":0,"output":0},"skills":[],"tools":[],"logFileName":""},{"turnId":596,"timeStamp":1776217608129,"userName":"18182001","userInput":"Sender (untrusted metadata):\n```json\n{\n  \"label\": \"openclaw-control-ui\",\n  \"id\": \"openclaw-control-ui\"\n}\n```\n\n[Wed 2026-04-15 09:46 GMT+8] 使用 k8s-pilot 巡检下数据库中记录的集群","durationMs":0,"resultStatus":"complete","qualityStatus":0,"tokens":{"total":0,"input":0,"output":0},"skills":[],"tools":[],"logFileName":""},{"turnId":595,"timeStamp":1776217523793,"userName":"18182001","userInput":"Sender (untrusted metadata):\n```json\n{\n  \"label\": \"openclaw-control-ui\",\n  \"id\": \"openclaw-control-ui\"\n}\n```\n\n[Wed 2026-04-15 09:45 GMT+8] 使用 k8s-pilot 查看下数据库种的k8s 集群的运行状�?","durationMs":0,"resultStatus":"complete","qualityStatus":0,"tokens":{"total":0,"input":0,"output":0},"skills":[],"tools":[],"logFileName":""},{"turnId":708,"timeStamp":1776217463853,"userName":"18100719","userInput":"[Wed 2026-04-15 09:44 GMT+8] [Subagent Context] You are running as a subagent (depth 1/1). Results auto-announce to your requester; do not busy-poll for status.\n\n[Subagent Task]: 整理 CICD 项目�? `.claw` �?","durationMs":0,"resultStatus":"complete","qualityStatus":0,"tokens":{"total":0,"input":0,"output":0},"skills":[],"tools":[],"logFileName":""},{"turnId":594,"timeStamp":1776217431429,"userName":"18182001","userInput":"Sender (untrusted metadata):\n```json\n{\n  \"label\": \"openclaw-control-ui\",\n  \"id\": \"openclaw-control-ui\"\n}\n```\n\n[Wed 2026-04-15 09:43 GMT+8] 帮我查看下现有的k8s 集群的运行状�? 以及问题","durationMs":0,"resultStatus":"complete","qualityStatus":0,"tokens":{"total":0,"input":0,"output":0},"skills":[],"tools":[],"logFileName":""},{"turnId":593,"timeStamp":1776217004726,"userName":"18182001","userInput":"Sender (untrusted metadata):\n```json\n{\n  \"label\": \"openclaw-control-ui\",\n  \"id\": \"openclaw-control-ui\"\n}\n```\n\n[Wed 2026-04-15 09:36 GMT+8] 你能不能总结下我近期的所有提�? 以及任务 给我个列表汇�? 我想知道我的使用情况","durationMs":0,"resultStatus":"complete","qualityStatus":0,"tokens":{"total":0,"input":0,"output":0},"skills":[],"tools":[],"logFileName":""},{"turnId":705,"timeStamp":1776216993657,"userName":"18100719","userInput":"[Wed 2026-04-15 09:36 GMT+8] [Subagent Context] You are running as a subagent (depth 1/1). Results auto-announce to your requester; do not busy-poll for status.\n\n[Subagent Task]: 分析 CICD 项目 ci 目录下的�?�? ","durationMs":0,"resultStatus":"complete","qualityStatus":0,"tokens":{"total":0,"input":0,"output":0},"skills":[],"tools":[],"logFileName":""},{"turnId":620,"timeStamp":1776215662771,"userName":"18100719","userInput":"[Wed 2026-04-15 09:14 GMT+8] [Subagent Context] You are running as a subagent (depth 1/1). Results auto-announce to your requester; do not busy-poll for status.\n\n[Subagent Task]: 分析工作区中 CICD 项目�? ci 目录","durationMs":0,"resultStatus":"complete","qualityStatus":0,"tokens":{"total":0,"input":0,"output":0},"skills":[],"tools":[],"logFileName":""},{"turnId":41,"timeStamp":1776173472854,"userName":"18100732","userInput":"[Tue 2026-04-14 21:31 GMT+8] [Subagent Context] You are running as a subagent (depth 1/1). Results auto-announce to your requester; do not busy-poll for status.\n\n[Subagent Task]: 使用 imap-smtp-email Sk","durationMs":0,"resultStatus":"complete","qualityStatus":0,"tokens":{"total":0,"input":0,"output":0},"skills":[],"tools":[],"logFileName":""},{"turnId":715,"timeStamp":1776159108779,"userName":"18100719","userInput":"[Tue 2026-04-14 17:31 GMT+8] [Subagent Context] You are running as a subagent (depth 1/1). Results auto-announce to your requester; do not busy-poll for status.\n\n[Subagent Task]: 请分�? cicd 项目�? ansible/","durationMs":0,"resultStatus":"incomplete","qualityStatus":0,"tokens":{"total":0,"input":0,"output":0},"skills":[],"tools":[],"logFileName":""},{"turnId":501,"timeStamp":1776159026768,"userName":"18100719","userInput":"[Tue 2026-04-14 17:30 GMT+8] [Subagent Context] You are running as a subagent (depth 1/1). Results auto-announce to your requester; do not busy-poll for status.\n\n[Subagent Task]: 请分�? cicd 项目�? pipeline","durationMs":0,"resultStatus":"incomplete","qualityStatus":0,"tokens":{"total":0,"input":0,"output":0},"skills":[],"tools":[],"logFileName":""},{"turnId":720,"timeStamp":1776158933710,"userName":"18100719","userInput":"[Tue 2026-04-14 17:28 GMT+8] [Subagent Context] You are running as a subagent (depth 1/1). Results auto-announce to your requester; do not busy-poll for status.\n\n[Subagent Task]: 请分�? cicd 项目�? steps/ �?","durationMs":0,"resultStatus":"incomplete","qualityStatus":0,"tokens":{"total":0,"input":0,"output":0},"skills":[],"tools":[],"logFileName":""},{"turnId":586,"timeStamp":1776158846791,"userName":"18100719","userInput":"[Tue 2026-04-14 17:27 GMT+8] [Subagent Context] You are running as a subagent (depth 1/1). Results auto-announce to your requester; do not busy-poll for status.\n\n[Subagent Task]: 请分�? cicd 项目�? sharelib","durationMs":0,"resultStatus":"complete","qualityStatus":0,"tokens":{"total":0,"input":0,"output":0},"skills":[],"tools":[],"logFileName":""},{"turnId":624,"timeStamp":1776158752167,"userName":"18100719","userInput":"[Tue 2026-04-14 17:25 GMT+8] [Subagent Context] You are running as a subagent (depth 1/1). Results auto-announce to your requester; do not busy-poll for status.\n\n[Subagent Task]: 请分�? cicd 项目�? sharelib","durationMs":0,"resultStatus":"incomplete","qualityStatus":0,"tokens":{"total":0,"input":0,"output":0},"skills":[],"tools":[],"logFileName":""},{"turnId":592,"timeStamp":1776158735675,"userName":"18182001","userInput":"Sender (untrusted metadata):\n```json\n{\n  \"label\": \"openclaw-control-ui\",\n  \"id\": \"openclaw-control-ui\"\n}\n```\n\n[Tue 2026-04-14 17:25 GMT+8] 18100026 王鹏�? 18100000\n18100046 熊君 18100000\n18100059 谭珂 181000","durationMs":0,"resultStatus":"complete","qualityStatus":0,"tokens":{"total":0,"input":0,"output":0},"skills":[],"tools":[],"logFileName":""},{"turnId":711,"timeStamp":1776157595429,"userName":"18100719","userInput":"[Tue 2026-04-14 17:06 GMT+8] [Subagent Context] You are running as a subagent (depth 1/1). Results auto-announce to your requester; do not busy-poll for status.\n\n[Subagent Task]: 快�?�分�? cicd 项目�? shareli","durationMs":0,"resultStatus":"complete","qualityStatus":0,"tokens":{"total":0,"input":0,"output":0},"skills":[],"tools":[],"logFileName":""},{"turnId":628,"timeStamp":1776157595347,"userName":"18100719","userInput":"[Tue 2026-04-14 17:06 GMT+8] [Subagent Context] You are running as a subagent (depth 1/1). Results auto-announce to your requester; do not busy-poll for status.\n\n[Subagent Task]: 快�?�分�? cicd 项目�? shareli","durationMs":0,"resultStatus":"incomplete","qualityStatus":0,"tokens":{"total":0,"input":0,"output":0},"skills":[],"tools":[],"logFileName":""},{"turnId":587,"timeStamp":1776157570254,"userName":"18100719","userInput":"[Tue 2026-04-14 17:06 GMT+8] [Subagent Context] You are running as a subagent (depth 1/1). Results auto-announce to your requester; do not busy-poll for status.\n\n[Subagent Task]: 分析 cicd 项目�? ansible/ ","durationMs":0,"resultStatus":"incomplete","qualityStatus":0,"tokens":{"total":0,"input":0,"output":0},"skills":[],"tools":[],"logFileName":""},{"turnId":324,"timeStamp":1776157448903,"userName":"18100719","userInput":"[Tue 2026-04-14 17:04 GMT+8] [Subagent Context] You are running as a subagent (depth 1/1). Results auto-announce to your requester; do not busy-poll for status.\n\n[Subagent Task]: 分析 cicd 项目�? pipeline/","durationMs":0,"resultStatus":"incomplete","qualityStatus":0,"tokens":{"total":0,"input":0,"output":0},"skills":[],"tools":[],"logFileName":""},{"turnId":723,"timeStamp":1776157448799,"userName":"18100719","userInput":"[Tue 2026-04-14 17:04 GMT+8] [Subagent Context] You are running as a subagent (depth 1/1). Results auto-announce to your requester; do not busy-poll for status.\n\n[Subagent Task]: 分析 cicd 项目�? steps/ 目录","durationMs":0,"resultStatus":"incomplete","qualityStatus":0,"tokens":{"total":0,"input":0,"output":0},"skills":[],"tools":[],"logFileName":""},{"turnId":691,"timeStamp":1776157448682,"userName":"18100719","userInput":"[Tue 2026-04-14 17:04 GMT+8] [Subagent Context] You are running as a subagent (depth 1/1). Results auto-announce to your requester; do not busy-poll for status.\n\n[Subagent Task]: 分析 cicd 项目�? ansible/ ","durationMs":0,"resultStatus":"incomplete","qualityStatus":0,"tokens":{"total":0,"input":0,"output":0},"skills":[],"tools":[],"logFileName":""},{"turnId":569,"timeStamp":1776157448553,"userName":"18100719","userInput":"[Tue 2026-04-14 17:04 GMT+8] [Subagent Context] You are running as a subagent (depth 1/1). Results auto-announce to your requester; do not busy-poll for status.\n\n[Subagent Task]: 分析 cicd 项目�? sharelib/","durationMs":0,"resultStatus":"incomplete","qualityStatus":0,"tokens":{"total":0,"input":0,"output":0},"skills":[],"tools":[],"logFileName":""},{"turnId":495,"timeStamp":1776157448444,"userName":"18100719","userInput":"[Tue 2026-04-14 17:04 GMT+8] [Subagent Context] You are running as a subagent (depth 1/1). Results auto-announce to your requester; do not busy-poll for status.\n\n[Subagent Task]: 分析 cicd 项目�? sharelib/","durationMs":0,"resultStatus":"incomplete","qualityStatus":0,"tokens":{"total":0,"input":0,"output":0},"skills":[],"tools":[],"logFileName":""},{"turnId":635,"timeStamp":1776157448334,"userName":"18100719","userInput":"[Tue 2026-04-14 17:04 GMT+8] [Subagent Context] You are running as a subagent (depth 1/1). Results auto-announce to your requester; do not busy-poll for status.\n\n[Subagent Task]: 分析 cicd 项目�? sharelib/","durationMs":0,"resultStatus":"incomplete","qualityStatus":0,"tokens":{"total":0,"input":0,"output":0},"skills":[],"tools":[],"logFileName":""},{"turnId":468,"timeStamp":1776157408344,"userName":"18100719","userInput":"Sender (untrusted metadata):\n```json\n{\n  \"label\": \"cli\",\n  \"id\": \"cli\"\n}\n```\n\n[Tue 2026-04-14 17:03 GMT+8] 将待完成工作分拆任务执行","durationMs":0,"resultStatus":"complete","qualityStatus":0,"tokens":{"total":0,"input":0,"output":0},"skills":[],"tools":[],"logFileName":""},{"turnId":331,"timeStamp":1776151125287,"userName":"18101138","userInput":"[Tue 2026-04-14 15:18 GMT+8] [Subagent Context] You are running as a subagent (depth 1/1). Results auto-announce to your requester; do not busy-poll for status.\n\n[Subagent Task]: 请检�? /home/node/.openc","durationMs":0,"resultStatus":"complete","qualityStatus":0,"tokens":{"total":0,"input":0,"output":0},"skills":[],"tools":[],"logFileName":""},{"turnId":467,"timeStamp":1776150674976,"userName":"18100719","userInput":"Sender (untrusted metadata):\n```json\n{\n  \"label\": \"cli\",\n  \"id\": \"cli\"\n}\n```\n\n[Tue 2026-04-14 15:11 GMT+8] 提交�?�?","durationMs":0,"resultStatus":"complete","qualityStatus":0,"tokens":{"total":0,"input":0,"output":0},"skills":[],"tools":[],"logFileName":""},{"turnId":433,"timeStamp":1776150417385,"userName":"18101138","userInput":"[Tue 2026-04-14 15:06 GMT+8] [Subagent Context] You are running as a subagent (depth 1/1). Results auto-announce to your requester; do not busy-poll for status.\n\n[Subagent Task]: 请使�? docx �?能处�? /home/n","durationMs":0,"resultStatus":"incomplete","qualityStatus":0,"tokens":{"total":0,"input":0,"output":0},"skills":[],"tools":[],"logFileName":""},{"turnId":547,"timeStamp":1776150368214,"userName":"18101138","userInput":"[Tue 2026-04-14 15:06 GMT+8] [Subagent Context] You are running as a subagent (depth 1/1). Results auto-announce to your requester; do not busy-poll for status.\n\n[Subagent Task]: 请读�? /home/node/.openc","durationMs":0,"resultStatus":"complete","qualityStatus":0,"tokens":{"total":0,"input":0,"output":0},"skills":[],"tools":[],"logFileName":""},{"turnId":448,"timeStamp":1776150344353,"userName":"18101138","userInput":"[Tue 2026-04-14 15:05 GMT+8] [Subagent Context] You are running as a subagent (depth 1/1). Results auto-announce to your requester; do not busy-poll for status.\n\n[Subagent Task]: 请读�? /home/node/.openc","durationMs":0,"resultStatus":"complete","qualityStatus":0,"tokens":{"total":0,"input":0,"output":0},"skills":[],"tools":[],"logFileName":""},{"turnId":466,"timeStamp":1776149892007,"userName":"18100719","userInput":"Sender (untrusted metadata):\n```json\n{\n  \"label\": \"cli\",\n  \"id\": \"cli\"\n}\n```\n\n[Tue 2026-04-14 14:58 GMT+8] 把这个信息更新到.claw中的文档�?","durationMs":0,"resultStatus":"complete","qualityStatus":0,"tokens":{"total":0,"input":0,"output":0},"skills":[],"tools":[],"logFileName":""},{"turnId":465,"timeStamp":1776149844110,"userName":"18100719","userInput":"Sender (untrusted metadata):\n```json\n{\n  \"label\": \"cli\",\n  \"id\": \"cli\"\n}\n```\n\n[Tue 2026-04-14 14:57 GMT+8] 输入下目录结�?","durationMs":0,"resultStatus":"complete","qualityStatus":0,"tokens":{"total":0,"input":0,"output":0},"skills":[],"tools":[],"logFileName":""},{"turnId":464,"timeStamp":1776149824534,"userName":"18100719","userInput":"Sender (untrusted metadata):\n```json\n{\n  \"label\": \"cli\",\n  \"id\": \"cli\"\n}\n```\n\n[Tue 2026-04-14 14:57 GMT+8] 到cicd项目目录�?","durationMs":0,"resultStatus":"complete","qualityStatus":0,"tokens":{"total":0,"input":0,"output":0},"skills":[],"tools":[],"logFileName":""},{"turnId":463,"timeStamp":1776149369430,"userName":"18100719","userInput":"Sender (untrusted metadata):\n```json\n{\n  \"label\": \"cli\",\n  \"id\": \"cli\"\n}\n```\n\n[Tue 2026-04-14 14:49 GMT+8] 输出下你现在使用的大模型地址和模型名�?","durationMs":0,"resultStatus":"complete","qualityStatus":0,"tokens":{"total":0,"input":0,"output":0},"skills":[],"tools":[],"logFileName":""},{"turnId":462,"timeStamp":1776149312778,"userName":"18100719","userInput":"Sender (untrusted metadata):\n```json\n{\n  \"label\": \"cli\",\n  \"id\": \"cli\"\n}\n```\n\n[Tue 2026-04-14 14:48 GMT+8] �?查下有现在正在执行的任务�?","durationMs":0,"resultStatus":"complete","qualityStatus":0,"tokens":{"total":0,"input":0,"output":0},"skills":[],"tools":[],"logFileName":""},{"turnId":461,"timeStamp":1776148911300,"userName":"18100719","userInput":"Sender (untrusted metadata):\n```json\n{\n  \"label\": \"cli\",\n  \"id\": \"cli\"\n}\n```\n\n[Tue 2026-04-14 14:41 GMT+8] 分析的如何？","durationMs":0,"resultStatus":"incomplete","qualityStatus":0,"tokens":{"total":0,"input":0,"output":0},"skills":[],"tools":[],"logFileName":""},{"turnId":460,"timeStamp":1776147850638,"userName":"18100719","userInput":"Sender (untrusted metadata):\n```json\n{\n  \"label\": \"cli\",\n  \"id\": \"cli\"\n}\n```\n\n[Tue 2026-04-14 14:24 GMT+8] 分析下这个项目目录结构和主要功能 如果有疑问可以跟我问�? 将分析结果整理成文档存在.claw�?","durationMs":0,"resultStatus":"incomplete","qualityStatus":0,"tokens":{"total":0,"input":0,"output":0},"skills":[],"tools":[],"logFileName":""},{"turnId":459,"timeStamp":1776147795149,"userName":"18100719","userInput":"Sender (untrusted metadata):\n```json\n{\n  \"label\": \"cli\",\n  \"id\": \"cli\"\n}\n```\n\n[Tue 2026-04-14 14:23 GMT+8] 在项目目录中建立�?�?.claw目录 你后续对这个项目的分析记录在这个目录�?","durationMs":0,"resultStatus":"complete","qualityStatus":0,"tokens":{"total":0,"input":0,"output":0},"skills":[],"tools":[],"logFileName":""},{"turnId":458,"timeStamp":1776147729563,"userName":"18100719","userInput":"Sender (untrusted metadata):\n```json\n{\n  \"label\": \"cli\",\n  \"id\": \"cli\"\n}\n```\n\n[Tue 2026-04-14 14:22 GMT+8] 从master拉取�?个新分支 叫clawdev","durationMs":0,"resultStatus":"complete","qualityStatus":0,"tokens":{"total":0,"input":0,"output":0},"skills":[],"tools":[],"logFileName":""},{"turnId":457,"timeStamp":1776147698250,"userName":"18100719","userInput":"Sender (untrusted metadata):\n```json\n{\n  \"label\": \"cli\",\n  \"id\": \"cli\"\n}\n```\n\n[Tue 2026-04-14 14:21 GMT+8] 用git的凭据拉取项�?","durationMs":0,"resultStatus":"complete","qualityStatus":0,"tokens":{"total":0,"input":0,"output":0},"skills":[],"tools":[],"logFileName":""},{"turnId":455,"timeStamp":1776147641217,"userName":"18100719","userInput":"Sender (untrusted metadata):\n```json\n{\n  \"label\": \"cli\",\n  \"id\": \"cli\"\n}\n```\n\n[Tue 2026-04-14 14:20 GMT+8] 查看下交换区里的配置文件","durationMs":0,"resultStatus":"complete","qualityStatus":0,"tokens":{"total":0,"input":0,"output":0},"skills":[],"tools":[],"logFileName":""},{"turnId":454,"timeStamp":1776147531343,"userName":"18100719","userInput":"Sender (untrusted metadata):\n```json\n{\n  \"label\": \"cli\",\n  \"id\": \"cli\"\n}\n```\n\n[Tue 2026-04-14 14:18 GMT+8] 帮我拉一个git项目 https://idev.clic/codeup/c666b0ca-82dd-452d-b10f-8bb6710e4856/gxxs/eop-devops/cicd","durationMs":0,"resultStatus":"complete","qualityStatus":0,"tokens":{"total":0,"input":0,"output":0},"skills":[],"tools":[],"logFileName":""},{"turnId":453,"timeStamp":1776147497104,"userName":"18100719","userInput":"Sender (untrusted metadata):\n```json\n{\n  \"label\": \"cli\",\n  \"id\": \"cli\"\n}\n```\n\n[Tue 2026-04-14 14:18 GMT+8] 配置git 让他不检测https","durationMs":0,"resultStatus":"complete","qualityStatus":0,"tokens":{"total":0,"input":0,"output":0},"skills":[],"tools":[],"logFileName":""},{"turnId":634,"timeStamp":1776147387700,"userName":"18100937","userInput":"Sender (untrusted metadata):\n```json\n{\n  \"label\": \"cli\",\n  \"id\": \"cli\"\n}\n```\n\n[Tue 2026-04-14 14:16 GMT+8] 我上上面的问题都�?要�?�过policy-search skill来查�?","durationMs":0,"resultStatus":"complete","qualityStatus":0,"tokens":{"total":0,"input":0,"output":0},"skills":[],"tools":[],"logFileName":""},{"turnId":633,"timeStamp":1776147312972,"userName":"18100937","userInput":"Sender (untrusted metadata):\n```json\n{\n  \"label\": \"cli\",\n  \"id\": \"cli\"\n}\n```\n\n[Tue 2026-04-14 14:15 GMT+8] 员工出差要遵循什么制度，有什么细节？","durationMs":0,"resultStatus":"complete","qualityStatus":0,"tokens":{"total":0,"input":0,"output":0},"skills":[],"tools":[],"logFileName":""},{"turnId":632,"timeStamp":1776147281847,"userName":"18100937","userInput":"Sender (untrusted metadata):\n```json\n{\n  \"label\": \"cli\",\n  \"id\": \"cli\"\n}\n```\n\n[Tue 2026-04-14 14:14 GMT+8] 公文制度都有�?么内容，为我讲解","durationMs":0,"resultStatus":"complete","qualityStatus":0,"tokens":{"total":0,"input":0,"output":0},"skills":[],"tools":[],"logFileName":""},{"turnId":631,"timeStamp":1776147255018,"userName":"18100937","userInput":"Sender (untrusted metadata):\n```json\n{\n  \"label\": \"cli\",\n  \"id\": \"cli\"\n}\n```\n\n[Tue 2026-04-14 14:14 GMT+8] skill目录下都有什么技能？","durationMs":0,"resultStatus":"complete","qualityStatus":0,"tokens":{"total":0,"input":0,"output":0},"skills":[],"tools":[],"logFileName":""},{"turnId":630,"timeStamp":1776147236127,"userName":"18100937","userInput":"Sender (untrusted metadata):\n```json\n{\n  \"label\": \"cli\",\n  \"id\": \"cli\"\n}\n```\n\n[Tue 2026-04-14 14:13 GMT+8] 你现在都有什么技能？","durationMs":0,"resultStatus":"complete","qualityStatus":0,"tokens":{"total":0,"input":0,"output":0},"skills":[],"tools":[],"logFileName":""},{"turnId":452,"timeStamp":1776147223870,"userName":"18100719","userInput":"Sender (untrusted metadata):\n```json\n{\n  \"label\": \"cli\",\n  \"id\": \"cli\"\n}\n```\n\n[Tue 2026-04-14 14:13 GMT+8] https://idev.clic/workbench 好那查下这个网页","durationMs":0,"resultStatus":"complete","qualityStatus":0,"tokens":{"total":0,"input":0,"output":0},"skills":[],"tools":[],"logFileName":""},{"turnId":451,"timeStamp":1776147188848,"userName":"18100719","userInput":"Sender (untrusted metadata):\n```json\n{\n  \"label\": \"cli\",\n  \"id\": \"cli\"\n}\n```\n\n[Tue 2026-04-14 14:13 GMT+8] 是否有限制内网域名访问的策略�?","durationMs":0,"resultStatus":"complete","qualityStatus":0,"tokens":{"total":0,"input":0,"output":0},"skills":[],"tools":[],"logFileName":""},{"turnId":450,"timeStamp":1776147127728,"userName":"18100719","userInput":"Sender (untrusted metadata):\n```json\n{\n  \"label\": \"cli\",\n  \"id\": \"cli\"\n}\n```\n\n[Tue 2026-04-14 14:12 GMT+8] 查下web_fetch的内部策略是否可以调�?","durationMs":0,"resultStatus":"complete","qualityStatus":0,"tokens":{"total":0,"input":0,"output":0},"skills":[],"tools":[],"logFileName":""},{"turnId":328,"timeStamp":1776145342302,"userName":"18101138","userInput":"[Tue 2026-04-14 13:42 GMT+8] [Subagent Context] You are running as a subagent (depth 1/1). Results auto-announce to your requester; do not busy-poll for status.\n\n[Subagent Task]: 请读�? /home/node/.openc","durationMs":0,"resultStatus":"complete","qualityStatus":0,"tokens":{"total":0,"input":0,"output":0},"skills":[],"tools":[],"logFileName":""},{"turnId":5,"timeStamp":1776075860823,"userName":"18100506","userInput":"[Mon 2026-04-13 18:24 GMT+8] [Subagent Context] You are running as a subagent (depth 1/1). Results auto-announce to your requester; do not busy-poll for status.\n\n[Subagent Task]: 创建�?个简化但完整的购物网站项目，使用�?�?","durationMs":0,"resultStatus":"incomplete","qualityStatus":0,"tokens":{"total":0,"input":0,"output":0},"skills":[],"tools":[],"logFileName":""},{"turnId":82,"timeStamp":1776073761936,"userName":"18100506","userInput":"[Mon 2026-04-13 17:49 GMT+8] [Subagent Context] You are running as a subagent (depth 1/1). Results auto-announce to your requester; do not busy-poll for status.\n\n[Subagent Task]: 创建�?个完整的购物网站项目，包括：\n\n1.","durationMs":0,"resultStatus":"incomplete","qualityStatus":0,"tokens":{"total":0,"input":0,"output":0},"skills":[],"tools":[],"logFileName":""},{"turnId":45,"timeStamp":1776073747386,"userName":"18100506","userInput":"Sender (untrusted metadata):\n```json\n{\n  \"label\": \"cli\",\n  \"id\": \"cli\"\n}\n```\n\n[Mon 2026-04-13 17:49 GMT+8] 请写�?个购物网站页面，包括前端，后端，数据库，功能有登录，用户注册，然后告诉我访问地址","durationMs":0,"resultStatus":"incomplete","qualityStatus":0,"tokens":{"total":0,"input":0,"output":0},"skills":[],"tools":[],"logFileName":""},{"turnId":613,"timeStamp":1776073591477,"userName":"18100719","userInput":"[Mon 2026-04-13 17:46 GMT+8] [Subagent Context] You are running as a subagent (depth 1/1). Results auto-announce to your requester; do not busy-poll for status.\n\n[Subagent Task]: 创建�?个名�? \"svn-operation","durationMs":0,"resultStatus":"complete","qualityStatus":0,"tokens":{"total":0,"input":0,"output":0},"skills":[],"tools":[],"logFileName":""},{"turnId":402,"timeStamp":1776072114228,"userName":"0000000001","userInput":"Sender (untrusted metadata):\n```json\n{\n  \"label\": \"openclaw-control-ui\",\n  \"id\": \"openclaw-control-ui\"\n}\n```\n\n[Mon 2026-04-13 17:21 GMT+8] 授权码都是e91049a2235e4fec","durationMs":0,"resultStatus":"complete","qualityStatus":0,"tokens":{"total":0,"input":0,"output":0},"skills":[],"tools":[],"logFileName":""},{"turnId":401,"timeStamp":1776071753982,"userName":"0000000001","userInput":"Sender (untrusted metadata):\n```json\n{\n  \"label\": \"openclaw-control-ui\",\n  \"id\": \"openclaw-control-ui\"\n}\n```\n\n[Mon 2026-04-13 17:15 GMT+8] 调用imap-smtp-email�?能查询最近的10封邮�?","durationMs":0,"resultStatus":"complete","qualityStatus":0,"tokens":{"total":0,"input":0,"output":0},"skills":[],"tools":[],"logFileName":""},{"turnId":400,"timeStamp":1776071724207,"userName":"0000000001","userInput":"Sender (untrusted metadata):\n```json\n{\n  \"label\": \"openclaw-control-ui\",\n  \"id\": \"openclaw-control-ui\"\n}\n```\n\n[Mon 2026-04-13 17:15 GMT+8] 你有哪些skills�?","durationMs":0,"resultStatus":"complete","qualityStatus":0,"tokens":{"total":0,"input":0,"output":0},"skills":[],"tools":[],"logFileName":""},{"turnId":399,"timeStamp":1776071615707,"userName":"0000000001","userInput":"Sender (untrusted metadata):\n```json\n{\n  \"label\": \"openclaw-control-ui\",\n  \"id\": \"openclaw-control-ui\"\n}\n```\n\n[Mon 2026-04-13 17:13 GMT+8] 你有哪些skill是？","durationMs":0,"resultStatus":"complete","qualityStatus":0,"tokens":{"total":0,"input":0,"output":0},"skills":[],"tools":[],"logFileName":""},{"turnId":28,"timeStamp":1776068661056,"userName":"18182000","userInput":"Sender (untrusted metadata):\n```json\n{\n  \"label\": \"openclaw-control-ui\",\n  \"id\": \"openclaw-control-ui\"\n}\n```\n\n[Mon 2026-04-13 16:24 GMT+8] 将以下下数据转换成json，格式为 {\"uid\": \"工号\", \"userName\": \"姓名\", \"orgCode\": ","durationMs":0,"resultStatus":"complete","qualityStatus":0,"tokens":{"total":0,"input":0,"output":0},"skills":[],"tools":[],"logFileName":""},{"turnId":27,"timeStamp":1776068639628,"userName":"18182000","userInput":"Sender (untrusted metadata):\n```json\n{\n  \"label\": \"openclaw-control-ui\",\n  \"id\": \"openclaw-control-ui\"\n}\n```\n\n[Mon 2026-04-13 16:23 GMT+8] 将以下下数据转换成json，格式为 {\"uid\": \"工号\", \"userName\": \"姓名\", \"orgCode\": ","durationMs":0,"resultStatus":"complete","qualityStatus":0,"tokens":{"total":0,"input":0,"output":0},"skills":[],"tools":[],"logFileName":""},{"turnId":263,"timeStamp":1776068557873,"userName":"18100757","userInput":"Sender (untrusted metadata):\n```json\n{\n  \"label\": \"cli\",\n  \"id\": \"cli\"\n}\n```\n\n[Mon 2026-04-13 16:22 GMT+8] 我有查询考勤的技能吗","durationMs":0,"resultStatus":"complete","qualityStatus":0,"tokens":{"total":0,"input":0,"output":0},"skills":[],"tools":[],"logFileName":""},{"turnId":26,"timeStamp":1776068557335,"userName":"18182000","userInput":"Sender (untrusted metadata):\n```json\n{\n  \"label\": \"openclaw-control-ui\",\n  \"id\": \"openclaw-control-ui\"\n}\n```\n\n[Mon 2026-04-13 16:22 GMT+8] 将一下数据转换成json格式，李�? 11000469 10000004\n康春�? 11000492 10000004\n苏航 ","durationMs":0,"resultStatus":"complete","qualityStatus":0,"tokens":{"total":0,"input":0,"output":0},"skills":[],"tools":[],"logFileName":""},{"turnId":303,"timeStamp":1776068104871,"userName":"6fca9aa611","userInput":"[Mon 2026-04-13 16:15 GMT+8] [Subagent Context] You are running as a subagent (depth 1/1). Results auto-announce to your requester; do not busy-poll for status.\n\n[Subagent Task]: 请立即使�? official-doc-wr","durationMs":0,"resultStatus":"complete","qualityStatus":0,"tokens":{"total":0,"input":0,"output":0},"skills":[],"tools":[],"logFileName":""},{"turnId":190,"timeStamp":1776068015009,"userName":"6fca9aa611","userInput":"[Mon 2026-04-13 16:13 GMT+8] [Subagent Context] You are running as a subagent (depth 1/1). Results auto-announce to your requester; do not busy-poll for status.\n\n[Subagent Task]: 请调�? official-doc-writ","durationMs":0,"resultStatus":"incomplete","qualityStatus":0,"tokens":{"total":0,"input":0,"output":0},"skills":[],"tools":[],"logFileName":""},{"turnId":284,"timeStamp":1776067998799,"userName":"6fca9aa611","userInput":"Sender (untrusted metadata):\n```json\n{\n  \"label\": \"openclaw-control-ui\",\n  \"id\": \"openclaw-control-ui\"\n}\n```\n\n[Mon 2026-04-13 16:13 GMT+8] 调用公文写作�?能给我生成一个�?�想汇报�?","durationMs":0,"resultStatus":"incomplete","qualityStatus":0,"tokens":{"total":0,"input":0,"output":0},"skills":[],"tools":[],"logFileName":""},{"turnId":6,"timeStamp":1776066601046,"userName":"18100732","userInput":"[Mon 2026-04-13 15:49 GMT+8] [Subagent Context] You are running as a subagent (depth 1/1). Results auto-announce to your requester; do not busy-poll for status.\n\n[Subagent Task]: 使用 imap-smtp-email Sk","durationMs":0,"resultStatus":"complete","qualityStatus":0,"tokens":{"total":0,"input":0,"output":0},"skills":[],"tools":[],"logFileName":""},{"turnId":25,"timeStamp":1776066195341,"userName":"18182000","userInput":"Sender (untrusted metadata):\n```json\n{\n  \"label\": \"openclaw-control-ui\",\n  \"id\": \"openclaw-control-ui\"\n}\n```\n\n[Mon 2026-04-13 15:43 GMT+8] /skill","durationMs":0,"resultStatus":"complete","qualityStatus":0,"tokens":{"total":0,"input":0,"output":0},"skills":[],"tools":[],"logFileName":""},{"turnId":24,"timeStamp":1776065945306,"userName":"18182000","userInput":"Sender (untrusted metadata):\n```json\n{\n  \"label\": \"openclaw-control-ui\",\n  \"id\": \"openclaw-control-ui\"\n}\n```\n\n[Mon 2026-04-13 15:39 GMT+8] /skill","durationMs":0,"resultStatus":"complete","qualityStatus":0,"tokens":{"total":0,"input":0,"output":0},"skills":[],"tools":[],"logFileName":""},{"turnId":23,"timeStamp":1776065094355,"userName":"18182000","userInput":"Sender (untrusted metadata):\n```json\n{\n  \"label\": \"openclaw-control-ui\",\n  \"id\": \"openclaw-control-ui\"\n}\n```\n\n[Mon 2026-04-13 15:24 GMT+8] 启用 WebChat 附件功能�?","durationMs":0,"resultStatus":"complete","qualityStatus":0,"tokens":{"total":0,"input":0,"output":0},"skills":[],"tools":[],"logFileName":""},{"turnId":22,"timeStamp":1776065057410,"userName":"18182000","userInput":"Sender (untrusted metadata):\n```json\n{\n  \"label\": \"openclaw-control-ui\",\n  \"id\": \"openclaw-control-ui\"\n}\n```\n\n[Mon 2026-04-13 15:24 GMT+8] WebChat 是不能识别附件吗","durationMs":0,"resultStatus":"complete","qualityStatus":0,"tokens":{"total":0,"input":0,"output":0},"skills":[],"tools":[],"logFileName":""},{"turnId":21,"timeStamp":1776064836513,"userName":"18182000","userInput":"Sender (untrusted metadata):\n```json\n{\n  \"label\": \"openclaw-control-ui\",\n  \"id\": \"openclaw-control-ui\"\n}\n```\n\n[Mon 2026-04-13 15:20 GMT+8] 我只能�?�过附件发给你，但是你又收不�?","durationMs":0,"resultStatus":"complete","qualityStatus":0,"tokens":{"total":0,"input":0,"output":0},"skills":[],"tools":[],"logFileName":""},{"turnId":20,"timeStamp":1776064739428,"userName":"18182000","userInput":"Sender (untrusted metadata):\n```json\n{\n  \"label\": \"openclaw-control-ui\",\n  \"id\": \"openclaw-control-ui\"\n}\n```\n\n[Mon 2026-04-13 15:18 GMT+8] 我发了一个aaa.jpg的图片，确定没看到么","durationMs":0,"resultStatus":"complete","qualityStatus":0,"tokens":{"total":0,"input":0,"output":0},"skills":[],"tools":[],"logFileName":""},{"turnId":19,"timeStamp":1776064721213,"userName":"18182000","userInput":"Sender (untrusted metadata):\n```json\n{\n  \"label\": \"openclaw-control-ui\",\n  \"id\": \"openclaw-control-ui\"\n}\n```","durationMs":0,"resultStatus":"complete","qualityStatus":0,"tokens":{"total":0,"input":0,"output":0},"skills":[],"tools":[],"logFileName":""},{"turnId":282,"timeStamp":1776064696880,"userName":"6fca9aa611","userInput":"Sender (untrusted metadata):\n```json\n{\n  \"label\": \"openclaw-control-ui\",\n  \"id\": \"openclaw-control-ui\"\n}\n```\n\n[Mon 2026-04-13 15:18 GMT+8] 停止提醒�?","durationMs":0,"resultStatus":"complete","qualityStatus":0,"tokens":{"total":0,"input":0,"output":0},"skills":[],"tools":[],"logFileName":""},{"turnId":18,"timeStamp":1776064693230,"userName":"18182000","userInput":"Sender (untrusted metadata):\n```json\n{\n  \"label\": \"openclaw-control-ui\",\n  \"id\": \"openclaw-control-ui\"\n}\n```\n\n[Mon 2026-04-13 15:18 GMT+8] 为什么我看不到上面聊天记录中�? 图片了呢","durationMs":0,"resultStatus":"complete","qualityStatus":0,"tokens":{"total":0,"input":0,"output":0},"skills":[],"tools":[],"logFileName":""},{"turnId":17,"timeStamp":1776064658193,"userName":"18182000","userInput":"Sender (untrusted metadata):\n```json\n{\n  \"label\": \"openclaw-control-ui\",\n  \"id\": \"openclaw-control-ui\"\n}\n```\n\n[Mon 2026-04-13 15:17 GMT+8] 我�?�过附件发给你了�?","durationMs":0,"resultStatus":"complete","qualityStatus":0,"tokens":{"total":0,"input":0,"output":0},"skills":[],"tools":[],"logFileName":""},{"turnId":16,"timeStamp":1776064647086,"userName":"18182000","userInput":"Sender (untrusted metadata):\n```json\n{\n  \"label\": \"openclaw-control-ui\",\n  \"id\": \"openclaw-control-ui\"\n}\n```\n\n[Mon 2026-04-13 15:17 GMT+8] 有收到图片吗","durationMs":0,"resultStatus":"complete","qualityStatus":0,"tokens":{"total":0,"input":0,"output":0},"skills":[],"tools":[],"logFileName":""},{"turnId":15,"timeStamp":1776064566674,"userName":"18182000","userInput":"Sender (untrusted metadata):\n```json\n{\n  \"label\": \"openclaw-control-ui\",\n  \"id\": \"openclaw-control-ui\"\n}\n```\n\n[Mon 2026-04-13 15:16 GMT+8] 这张图片�?","durationMs":0,"resultStatus":"complete","qualityStatus":0,"tokens":{"total":0,"input":0,"output":0},"skills":[],"tools":[],"logFileName":""},{"turnId":14,"timeStamp":1776064505431,"userName":"18182000","userInput":"Sender (untrusted metadata):\n```json\n{\n  \"label\": \"openclaw-control-ui\",\n  \"id\": \"openclaw-control-ui\"\n}\n```\n\n[Mon 2026-04-13 15:15 GMT+8] /skill","durationMs":0,"resultStatus":"complete","qualityStatus":0,"tokens":{"total":0,"input":0,"output":0},"skills":[],"tools":[],"logFileName":""},{"turnId":13,"timeStamp":1776064474412,"userName":"18182000","userInput":"Sender (untrusted metadata):\n```json\n{\n  \"label\": \"openclaw-control-ui\",\n  \"id\": \"openclaw-control-ui\"\n}\n```\n\n[Mon 2026-04-13 15:14 GMT+8] 分析这张图片","durationMs":0,"resultStatus":"complete","qualityStatus":0,"tokens":{"total":0,"input":0,"output":0},"skills":[],"tools":[],"logFileName":""},{"turnId":12,"timeStamp":1776064362218,"userName":"18182000","userInput":"Sender (untrusted metadata):\n```json\n{\n  \"label\": \"openclaw-control-ui\",\n  \"id\": \"openclaw-control-ui\"\n}\n```\n\n[Mon 2026-04-13 15:12 GMT+8] 你好","durationMs":0,"resultStatus":"complete","qualityStatus":0,"tokens":{"total":0,"input":0,"output":0},"skills":[],"tools":[],"logFileName":""},{"turnId":278,"timeStamp":1776063525988,"userName":"6fca9aa611","userInput":"Sender (untrusted metadata):\n```json\n{\n  \"label\": \"openclaw-control-ui\",\n  \"id\": \"openclaw-control-ui\"\n}\n```\n\n[Mon 2026-04-13 14:58 GMT+8] 创建�?个定时任务，5分钟后提醒我该喝水了�?","durationMs":0,"resultStatus":"complete","qualityStatus":0,"tokens":{"total":0,"input":0,"output":0},"skills":[],"tools":[],"logFileName":""},{"turnId":277,"timeStamp":1776063014039,"userName":"6fca9aa611","userInput":"Sender (untrusted metadata):\n```json\n{\n  \"label\": \"openclaw-control-ui\",\n  \"id\": \"openclaw-control-ui\"\n}\n```\n\n[Mon 2026-04-13 14:50 GMT+8] 不必继续提醒了�??","durationMs":0,"resultStatus":"complete","qualityStatus":0,"tokens":{"total":0,"input":0,"output":0},"skills":[],"tools":[],"logFileName":""},{"turnId":275,"timeStamp":1776062494462,"userName":"6fca9aa611","userInput":"Sender (untrusted metadata):\n```json\n{\n  \"label\": \"openclaw-control-ui\",\n  \"id\": \"openclaw-control-ui\"\n}\n```\n\n[Mon 2026-04-13 14:41 GMT+8] 创建�?个定时任务，5分钟后提醒我该吃药了�?","durationMs":0,"resultStatus":"complete","qualityStatus":0,"tokens":{"total":0,"input":0,"output":0},"skills":[],"tools":[],"logFileName":""},{"turnId":621,"timeStamp":1776062304756,"userName":"18100937","userInput":"[Mon 2026-04-13 14:38 GMT+8] [Subagent Context] You are running as a subagent (depth 1/1). Results auto-announce to your requester; do not busy-poll for status.\n\n[Subagent Task]: 调用 policy-search �?能检�?","durationMs":0,"resultStatus":"complete","qualityStatus":0,"tokens":{"total":0,"input":0,"output":0},"skills":[],"tools":[],"logFileName":""},{"turnId":274,"timeStamp":1776061690663,"userName":"6fca9aa611","userInput":"Sender (untrusted metadata):\n```json\n{\n  \"label\": \"openclaw-control-ui\",\n  \"id\": \"openclaw-control-ui\"\n}\n```\n\n[Mon 2026-04-13 14:28 GMT+8] hi，请输出当前的json配置","durationMs":0,"resultStatus":"complete","qualityStatus":0,"tokens":{"total":0,"input":0,"output":0},"skills":[],"tools":[],"logFileName":""},{"turnId":447,"timeStamp":1776061390813,"userName":"18100587","userInput":"Sender (untrusted metadata):\n```json\n{\n  \"label\": \"openclaw-control-ui\",\n  \"id\": \"openclaw-control-ui\"\n}\n```\n\n[Mon 2026-04-13 14:23 GMT+8] 查看Oracle 数据库技�?","durationMs":0,"resultStatus":"complete","qualityStatus":0,"tokens":{"total":0,"input":0,"output":0},"skills":[],"tools":[],"logFileName":""},{"turnId":446,"timeStamp":1776061265859,"userName":"18100587","userInput":"Sender (untrusted metadata):\n```json\n{\n  \"label\": \"openclaw-control-ui\",\n  \"id\": \"openclaw-control-ui\"\n}\n```\n\n[Mon 2026-04-13 14:21 GMT+8] 你都有哪些skill 在那个目录下","durationMs":0,"resultStatus":"complete","qualityStatus":0,"tokens":{"total":0,"input":0,"output":0},"skills":[],"tools":[],"logFileName":""},{"turnId":445,"timeStamp":1776060969245,"userName":"18100587","userInput":"Sender (untrusted metadata):\n```json\n{\n  \"label\": \"openclaw-control-ui\",\n  \"id\": \"openclaw-control-ui\"\n}\n```\n\n[Mon 2026-04-13 14:16 GMT+8] 如何服务器可能只允许 SSH 密钥认证，�?�不是密码认证，应该怎么登录服务器那","durationMs":0,"resultStatus":"complete","qualityStatus":0,"tokens":{"total":0,"input":0,"output":0},"skills":[],"tools":[],"logFileName":""},{"turnId":272,"timeStamp":1776060853513,"userName":"6fca9aa611","userInput":"Sender (untrusted metadata):\n```json\n{\n  \"label\": \"openclaw-control-ui\",\n  \"id\": \"openclaw-control-ui\"\n}\n```\n\n[Mon 2026-04-13 14:14 GMT+8] hi，请输出当前的json配置�?","durationMs":0,"resultStatus":"complete","qualityStatus":0,"tokens":{"total":0,"input":0,"output":0},"skills":[],"tools":[],"logFileName":""},{"turnId":444,"timeStamp":1776060742341,"userName":"18100587","userInput":"Sender (untrusted metadata):\n```json\n{\n  \"label\": \"openclaw-control-ui\",\n  \"id\": \"openclaw-control-ui\"\n}\n```\n\n[Mon 2026-04-13 14:12 GMT+8] 执行ll查看当前文档","durationMs":0,"resultStatus":"complete","qualityStatus":0,"tokens":{"total":0,"input":0,"output":0},"skills":[],"tools":[],"logFileName":""},{"turnId":270,"timeStamp":1776060693587,"userName":"6fca9aa611","userInput":"Sender (untrusted metadata):\n```json\n{\n  \"label\": \"openclaw-control-ui\",\n  \"id\": \"openclaw-control-ui\"\n}\n```\n\n[Mon 2026-04-13 14:11 GMT+8] 您好，请修改openclaw.json，配置文件（或对应的配置模板），�? baseUrl 指向集群内网中的 LiteLLM","durationMs":0,"resultStatus":"complete","qualityStatus":0,"tokens":{"total":0,"input":0,"output":0},"skills":[],"tools":[],"logFileName":""},{"turnId":443,"timeStamp":1776060680178,"userName":"18100587","userInput":"Sender (untrusted metadata):\n```json\n{\n  \"label\": \"openclaw-control-ui\",\n  \"id\": \"openclaw-control-ui\"\n}\n```\n\n[Mon 2026-04-13 14:11 GMT+8] ci)$8ZyX}0","durationMs":0,"resultStatus":"complete","qualityStatus":0,"tokens":{"total":0,"input":0,"output":0},"skills":[],"tools":[],"logFileName":""},{"turnId":442,"timeStamp":1776060522996,"userName":"18100587","userInput":"Sender (untrusted metadata):\n```json\n{\n  \"label\": \"openclaw-control-ui\",\n  \"id\": \"openclaw-control-ui\"\n}\n```\n\n[Mon 2026-04-13 14:08 GMT+8] yes","durationMs":0,"resultStatus":"complete","qualityStatus":0,"tokens":{"total":0,"input":0,"output":0},"skills":[],"tools":[],"logFileName":""},{"turnId":441,"timeStamp":1776060485751,"userName":"18100587","userInput":"Sender (untrusted metadata):\n```json\n{\n  \"label\": \"openclaw-control-ui\",\n  \"id\": \"openclaw-control-ui\"\n}\n```\n\n[Mon 2026-04-13 14:08 GMT+8] 用SSH方式登录服务�?: ssh test@10.78.128.199 帮登录下服务�?","durationMs":0,"resultStatus":"complete","qualityStatus":0,"tokens":{"total":0,"input":0,"output":0},"skills":[],"tools":[],"logFileName":""},{"turnId":312,"timeStamp":1776060332496,"userName":"18101151","userInput":"[Mon 2026-04-13 14:05 GMT+8] [Subagent Context] You are running as a subagent (depth 1/1). Results auto-announce to your requester; do not busy-poll for status.\n\n[Subagent Task]: 读取 ./2026-04-13/SHU �?","durationMs":0,"resultStatus":"complete","qualityStatus":0,"tokens":{"total":0,"input":0,"output":0},"skills":[],"tools":[],"logFileName":""},{"turnId":440,"timeStamp":1776060208070,"userName":"18100587","userInput":"Sender (untrusted metadata):\n```json\n{\n  \"label\": \"openclaw-control-ui\",\n  \"id\": \"openclaw-control-ui\"\n}\n```\n\n[Mon 2026-04-13 14:03 GMT+8] 怎么能连上内网的服务器那","durationMs":0,"resultStatus":"complete","qualityStatus":0,"tokens":{"total":0,"input":0,"output":0},"skills":[],"tools":[],"logFileName":""},{"turnId":625,"timeStamp":1776060105365,"userName":"18100937","userInput":"[Mon 2026-04-13 14:01 GMT+8] [Subagent Context] You are running as a subagent (depth 1/1). Results auto-announce to your requester; do not busy-poll for status.\n\n[Subagent Task]: 调用 policy-search �?能检�?","durationMs":0,"resultStatus":"complete","qualityStatus":0,"tokens":{"total":0,"input":0,"output":0},"skills":[],"tools":[],"logFileName":""},{"turnId":264,"timeStamp":1776055768179,"userName":"6fca9aa611","userInput":"Sender (untrusted metadata):\n```json\n{\n  \"label\": \"openclaw-control-ui\",\n  \"id\": \"openclaw-control-ui\"\n}\n```\n\n[Mon 2026-04-13 12:49 GMT+8] 帮我创建�?个定时任务，5分钟后提醒我整理数据�?","durationMs":0,"resultStatus":"complete","qualityStatus":0,"tokens":{"total":0,"input":0,"output":0},"skills":[],"tools":[],"logFileName":""},{"turnId":684,"timeStamp":1776046514988,"userName":"18100937","userInput":"[Mon 2026-04-13 10:15 GMT+8] [Subagent Context] You are running as a subagent (depth 1/1). Results auto-announce to your requester; do not busy-poll for status.\n\n[Subagent Task]: 使用正确�? Base URL 调用 pol","durationMs":0,"resultStatus":"complete","qualityStatus":0,"tokens":{"total":0,"input":0,"output":0},"skills":[],"tools":[],"logFileName":""},{"turnId":697,"timeStamp":1776046304854,"userName":"18100937","userInput":"[Mon 2026-04-13 10:11 GMT+8] [Subagent Context] You are running as a subagent (depth 1/1). Results auto-announce to your requester; do not busy-poll for status.\n\n[Subagent Task]: 调用 policy-search �?能检�?","durationMs":0,"resultStatus":"complete","qualityStatus":0,"tokens":{"total":0,"input":0,"output":0},"skills":[],"tools":[],"logFileName":""},{"turnId":687,"timeStamp":1776046089454,"userName":"18100937","userInput":"[Mon 2026-04-13 10:08 GMT+8] [Subagent Context] You are running as a subagent (depth 1/1). Results auto-announce to your requester; do not busy-poll for status.\n\n[Subagent Task]: 用户询问\"差旅报销制度主要涉及�?么？\"，我","durationMs":0,"resultStatus":"complete","qualityStatus":0,"tokens":{"total":0,"input":0,"output":0},"skills":[],"tools":[],"logFileName":""},{"turnId":3,"timeStamp":1775822784904,"userName":"18100059","userInput":"Sender (untrusted metadata):\n```json\n{\n  \"label\": \"openclaw-control-ui\",\n  \"id\": \"openclaw-control-ui\"\n}\n```\n\n[Fri 2026-04-10 20:06 GMT+8] [\n {\"uid\": \"18100434\", \"userName\": \"张新宇\", \"orgCode\": \"1000000","durationMs":0,"resultStatus":"complete","qualityStatus":0,"tokens":{"total":0,"input":0,"output":0},"skills":[],"tools":[],"logFileName":""},{"turnId":382,"timeStamp":1775819233177,"userName":"0000000001","userInput":"Sender (untrusted metadata):\n```json\n{\n  \"label\": \"openclaw-control-ui\",\n  \"id\": \"openclaw-control-ui\"\n}\n```\n\n[Fri 2026-04-10 19:07 GMT+8] 帮我运行�?�?","durationMs":0,"resultStatus":"complete","qualityStatus":0,"tokens":{"total":0,"input":0,"output":0},"skills":[],"tools":[],"logFileName":""},{"turnId":381,"timeStamp":1775819092982,"userName":"0000000001","userInput":"Sender (untrusted metadata):\n```json\n{\n  \"label\": \"openclaw-control-ui\",\n  \"id\": \"openclaw-control-ui\"\n}\n```\n\n[Fri 2026-04-10 19:04 GMT+8] “投诉邮件每日汇总�?�任务改成查询当天的邮件","durationMs":0,"resultStatus":"complete","qualityStatus":0,"tokens":{"total":0,"input":0,"output":0},"skills":[],"tools":[],"logFileName":""},{"turnId":584,"timeStamp":1775818674537,"userName":"0000000001","userInput":"Sender (untrusted metadata):\n```json\n{\n  \"label\": \"openclaw-control-ui\",\n  \"id\": \"openclaw-control-ui\"\n}\n```\n\n[Fri 2026-04-10 18:57 GMT+8] “投诉邮件每日汇总�?�任务改成查询当天的邮件","durationMs":0,"resultStatus":"complete","qualityStatus":0,"tokens":{"total":0,"input":0,"output":0},"skills":[],"tools":[],"logFileName":""},{"turnId":583,"timeStamp":1775818547066,"userName":"0000000001","userInput":"Sender (untrusted metadata):\n```json\n{\n  \"label\": \"openclaw-control-ui\",\n  \"id\": \"openclaw-control-ui\"\n}\n```\n\n[Fri 2026-04-10 18:55 GMT+8] �?新的这次仍然失败�?","durationMs":0,"resultStatus":"complete","qualityStatus":0,"tokens":{"total":0,"input":0,"output":0},"skills":[],"tools":[],"logFileName":""},{"turnId":582,"timeStamp":1775818234287,"userName":"0000000001","userInput":"Sender (untrusted metadata):\n```json\n{\n  \"label\": \"openclaw-control-ui\",\n  \"id\": \"openclaw-control-ui\"\n}\n```\n\n[Fri 2026-04-10 18:50 GMT+8] �?近的“检查紧急邮件并发�?�邮件�?�知”任务为�?么失败了�?","durationMs":0,"resultStatus":"complete","qualityStatus":0,"tokens":{"total":0,"input":0,"output":0},"skills":[],"tools":[],"logFileName":""},{"turnId":581,"timeStamp":1775817745729,"userName":"0000000001","userInput":"Sender (untrusted metadata):\n```json\n{\n  \"label\": \"openclaw-control-ui\",\n  \"id\": \"openclaw-control-ui\"\n}\n```\n\n[Fri 2026-04-10 18:42 GMT+8] 测试运行�?次�?�投诉邮件每日汇总�?�的定时任务","durationMs":0,"resultStatus":"complete","qualityStatus":0,"tokens":{"total":0,"input":0,"output":0},"skills":[],"tools":[],"logFileName":""},{"turnId":579,"timeStamp":1775816979260,"userName":"0000000001","userInput":"Sender (untrusted metadata):\n```json\n{\n  \"label\": \"openclaw-control-ui\",\n  \"id\": \"openclaw-control-ui\"\n}\n```\n\n[Fri 2026-04-10 18:29 GMT+8] 1. 主题包含关键词：如\"投诉\"、\"反馈\"、\"问题\"等可以分辨出来是投诉邮件的主题？\n2. 汇�?�报告发送到nwftool@","durationMs":0,"resultStatus":"complete","qualityStatus":0,"tokens":{"total":0,"input":0,"output":0},"skills":[],"tools":[],"logFileName":""},{"turnId":578,"timeStamp":1775816449324,"userName":"0000000001","userInput":"Sender (untrusted metadata):\n```json\n{\n  \"label\": \"openclaw-control-ui\",\n  \"id\": \"openclaw-control-ui\"\n}\n```\n\n[Fri 2026-04-10 18:20 GMT+8] 我的邮箱里一般一天会有十来封投诉类的邮件，我希望把附件下下来，每个附件�?�结�?下投诉的概要。附件可能是docx、pdf还有�?","durationMs":0,"resultStatus":"complete","qualityStatus":0,"tokens":{"total":0,"input":0,"output":0},"skills":[],"tools":[],"logFileName":""},{"turnId":577,"timeStamp":1775815971711,"userName":"0000000001","userInput":"Sender (untrusted metadata):\n```json\n{\n  \"label\": \"openclaw-control-ui\",\n  \"id\": \"openclaw-control-ui\"\n}\n```\n\n[Fri 2026-04-10 18:12 GMT+8] 现在运行任务调用imap-smtp-email�?能的时�?�会传入时间参数吗？是否可以在调用imap-smtp-email�?�?","durationMs":0,"resultStatus":"complete","qualityStatus":0,"tokens":{"total":0,"input":0,"output":0},"skills":[],"tools":[],"logFileName":""},{"turnId":576,"timeStamp":1775815516563,"userName":"0000000001","userInput":"Sender (untrusted metadata):\n```json\n{\n  \"label\": \"openclaw-control-ui\",\n  \"id\": \"openclaw-control-ui\"\n}\n```\n\n[Fri 2026-04-10 18:05 GMT+8] 定时任务�?新的运行结果里，找到�?3封邮件，但是我要求的是最�?10分钟收到的邮件，�?3封邮件都超过了时间�?�为�?么会这样？如�?","durationMs":0,"resultStatus":"complete","qualityStatus":0,"tokens":{"total":0,"input":0,"output":0},"skills":[],"tools":[],"logFileName":""},{"turnId":561,"timeStamp":1775815294108,"userName":"0000000001","userInput":"Sender (untrusted metadata):\n```json\n{\n  \"label\": \"openclaw-control-ui\",\n  \"id\": \"openclaw-control-ui\"\n}\n```\n\n[Fri 2026-04-10 18:01 GMT+8] 定时任务�?新的运行结果里，找到�?3封邮件，但是我要求的是最�?10分钟收到的邮件，�?3封邮件都超过了时间�?�为�?么会这样？如�?","durationMs":0,"resultStatus":"complete","qualityStatus":0,"tokens":{"total":0,"input":0,"output":0},"skills":[],"tools":[],"logFileName":""},{"turnId":560,"timeStamp":1775815165354,"userName":"0000000001","userInput":"Sender (untrusted metadata):\n```json\n{\n  \"label\": \"openclaw-control-ui\",\n  \"id\": \"openclaw-control-ui\"\n}\n```\n\n[Fri 2026-04-10 17:59 GMT+8] 定时任务�?新的运行结果里，找到�?3封邮件，但是我要求的是最�?10分钟收到的邮件，�?3封邮件都超过了时间�?�为�?么会这样？如�?","durationMs":0,"resultStatus":"complete","qualityStatus":0,"tokens":{"total":0,"input":0,"output":0},"skills":[],"tools":[],"logFileName":""},{"turnId":558,"timeStamp":1775813456016,"userName":"0000000001","userInput":"Sender (untrusted metadata):\n```json\n{\n  \"label\": \"openclaw-control-ui\",\n  \"id\": \"openclaw-control-ui\"\n}\n```\n\n[Fri 2026-04-10 17:30 GMT+8] 这个乱码是大模型返回的，还是发�?�给大模型的文本就有乱码�?","durationMs":0,"resultStatus":"complete","qualityStatus":0,"tokens":{"total":0,"input":0,"output":0},"skills":[],"tools":[],"logFileName":""},{"turnId":557,"timeStamp":1775813398191,"userName":"0000000001","userInput":"Sender (untrusted metadata):\n```json\n{\n  \"label\": \"openclaw-control-ui\",\n  \"id\": \"openclaw-control-ui\"\n}\n```\n\n[Fri 2026-04-10 17:29 GMT+8] 上次的定时任务为�?么失败？","durationMs":0,"resultStatus":"complete","qualityStatus":0,"tokens":{"total":0,"input":0,"output":0},"skills":[],"tools":[],"logFileName":""},{"turnId":556,"timeStamp":1775813363097,"userName":"0000000001","userInput":"Sender (untrusted metadata):\n```json\n{\n  \"label\": \"openclaw-control-ui\",\n  \"id\": \"openclaw-control-ui\"\n}\n```\n\n[Fri 2026-04-10 17:29 GMT+8] 关闭心跳功能","durationMs":0,"resultStatus":"complete","qualityStatus":0,"tokens":{"total":0,"input":0,"output":0},"skills":[],"tools":[],"logFileName":""},{"turnId":797,"timeStamp":1775813274562,"userName":"0000000001","userInput":"Sender (untrusted metadata):\n```json\n{\n  \"label\": \"openclaw-control-ui\",\n  \"id\": \"openclaw-control-ui\"\n}\n```\n\n[Fri 2026-04-10 17:27 GMT+8] 查一下你的日志，上次运行为什么失败了�?","durationMs":0,"resultStatus":"complete","qualityStatus":0,"tokens":{"total":0,"input":0,"output":0},"skills":[],"tools":[],"logFileName":""},{"turnId":230,"timeStamp":1775813272105,"userName":"7c557d66ec","userInput":"Sender (untrusted metadata):\n```json\n{\n  \"label\": \"openclaw-control-ui\",\n  \"id\": \"openclaw-control-ui\"\n}\n```\n\n[Fri 2026-04-10 17:27 GMT+8] wxm","durationMs":0,"resultStatus":"complete","qualityStatus":0,"tokens":{"total":0,"input":0,"output":0},"skills":[],"tools":[],"logFileName":""},{"turnId":229,"timeStamp":1775813253702,"userName":"7c557d66ec","userInput":"Sender (untrusted metadata):\n```json\n{\n  \"label\": \"openclaw-control-ui\",\n  \"id\": \"openclaw-control-ui\"\n}\n```\n\n[Fri 2026-04-10 17:27 GMT+8] 你好","durationMs":0,"resultStatus":"complete","qualityStatus":0,"tokens":{"total":0,"input":0,"output":0},"skills":[],"tools":[],"logFileName":""},{"turnId":150,"timeStamp":1775812258869,"userName":"18100072","userInput":"Sender (untrusted metadata):\n```json\n{\n  \"label\": \"cli\",\n  \"id\": \"cli\"\n}\n```\n\n[Fri 2026-04-10 17:10 GMT+8] 输出999999","durationMs":0,"resultStatus":"complete","qualityStatus":0,"tokens":{"total":0,"input":0,"output":0},"skills":[],"tools":[],"logFileName":""},{"turnId":149,"timeStamp":1775812240902,"userName":"18100072","userInput":"Sender (untrusted metadata):\n```json\n{\n  \"label\": \"cli\",\n  \"id\": \"cli\"\n}\n```\n\n[Fri 2026-04-10 17:10 GMT+8] 使用contact-book�?能； 100*1000=�?","durationMs":0,"resultStatus":"complete","qualityStatus":0,"tokens":{"total":0,"input":0,"output":0},"skills":[],"tools":[],"logFileName":""},{"turnId":148,"timeStamp":1775812193512,"userName":"18100072","userInput":"Sender (untrusted metadata):\n```json\n{\n  \"label\": \"cli\",\n  \"id\": \"cli\"\n}\n```\n\n[Fri 2026-04-10 17:09 GMT+8] 使用contact-book�?能； 输出1000000","durationMs":0,"resultStatus":"complete","qualityStatus":0,"tokens":{"total":0,"input":0,"output":0},"skills":[],"tools":[],"logFileName":""},{"turnId":147,"timeStamp":1775811862312,"userName":"18100072","userInput":"Sender (untrusted metadata):\n```json\n{\n  \"label\": \"cli\",\n  \"id\": \"cli\"\n}\n```\n\n[Fri 2026-04-10 17:04 GMT+8] 使用contact-book�?能； 查询曹睿的电�?","durationMs":0,"resultStatus":"complete","qualityStatus":0,"tokens":{"total":0,"input":0,"output":0},"skills":[],"tools":[],"logFileName":""},{"turnId":146,"timeStamp":1775811821905,"userName":"18100072","userInput":"Sender (untrusted metadata):\n```json\n{\n  \"label\": \"cli\",\n  \"id\": \"cli\"\n}\n```\n\n[Fri 2026-04-10 17:03 GMT+8] 使用contact-book�?能； 查询谭珂的电�?","durationMs":0,"resultStatus":"complete","qualityStatus":0,"tokens":{"total":0,"input":0,"output":0},"skills":[],"tools":[],"logFileName":""},{"turnId":553,"timeStamp":1775811817883,"userName":"0000000001","userInput":"Sender (untrusted metadata):\n```json\n{\n  \"label\": \"openclaw-control-ui\",\n  \"id\": \"openclaw-control-ui\"\n}\n```\n\n[Fri 2026-04-10 17:03 GMT+8] 我设置了定时任务，id�?8b7b52e4-3cb5-4ac7-8d95-4493b5cce81e，但是发�?16:43执行�?","durationMs":0,"resultStatus":"complete","qualityStatus":0,"tokens":{"total":0,"input":0,"output":0},"skills":[],"tools":[],"logFileName":""},{"turnId":145,"timeStamp":1775811799570,"userName":"18100072","userInput":"Sender (untrusted metadata):\n```json\n{\n  \"label\": \"cli\",\n  \"id\": \"cli\"\n}\n```\n\n[Fri 2026-04-10 17:03 GMT+8] 使用contact-book�?能； 查询牛伟峰的电话","durationMs":0,"resultStatus":"complete","qualityStatus":0,"tokens":{"total":0,"input":0,"output":0},"skills":[],"tools":[],"logFileName":""},{"turnId":144,"timeStamp":1775811741460,"userName":"18100072","userInput":"Sender (untrusted metadata):\n```json\n{\n  \"label\": \"cli\",\n  \"id\": \"cli\"\n}\n```\n\n[Fri 2026-04-10 17:02 GMT+8] 使用contact-book�?能； 查询刘海青的电话","durationMs":0,"resultStatus":"complete","qualityStatus":0,"tokens":{"total":0,"input":0,"output":0},"skills":[],"tools":[],"logFileName":""},{"turnId":552,"timeStamp":1775810494605,"userName":"0000000001","userInput":"Sender (untrusted metadata):\n```json\n{\n  \"label\": \"openclaw-control-ui\",\n  \"id\": \"openclaw-control-ui\"\n}\n```\n\n[Fri 2026-04-10 16:41 GMT+8] 请用imap-smtp-email�?能的imap功能查找我最近的5封邮�?","durationMs":0,"resultStatus":"complete","qualityStatus":0,"tokens":{"total":0,"input":0,"output":0},"skills":[],"tools":[],"logFileName":""},{"turnId":499,"timeStamp":1775807879228,"userName":"0000000001","userInput":"Sender (untrusted metadata):\n```json\n{\n  \"label\": \"openclaw-control-ui\",\n  \"id\": \"openclaw-control-ui\"\n}\n```\n\n[Fri 2026-04-10 15:57 GMT+8] 请用imap-smtp-email�?能的imap功能查找我最近的5封邮�?","durationMs":0,"resultStatus":"incomplete","qualityStatus":0,"tokens":{"total":0,"input":0,"output":0},"skills":[],"tools":[],"logFileName":""},{"turnId":498,"timeStamp":1775807775770,"userName":"0000000001","userInput":"Sender (untrusted metadata):\n```json\n{\n  \"label\": \"openclaw-control-ui\",\n  \"id\": \"openclaw-control-ui\"\n}\n```\n\n[Fri 2026-04-10 15:56 GMT+8] 你加载了哪些skill�?","durationMs":0,"resultStatus":"complete","qualityStatus":0,"tokens":{"total":0,"input":0,"output":0},"skills":[],"tools":[],"logFileName":""},{"turnId":112,"timeStamp":1775807432642,"userName":"0000000001","userInput":"Sender (untrusted metadata):\n```json\n{\n  \"label\": \"openclaw-control-ui\",\n  \"id\": \"openclaw-control-ui\"\n}\n```\n\n[Fri 2026-04-10 15:50 GMT+8] 为什么~/.openclaw/workplace/skills目录下的�?能没有被加载�?","durationMs":0,"resultStatus":"complete","qualityStatus":0,"tokens":{"total":0,"input":0,"output":0},"skills":[],"tools":[],"logFileName":""},{"turnId":111,"timeStamp":1775807394189,"userName":"0000000001","userInput":"Sender (untrusted metadata):\n```json\n{\n  \"label\": \"openclaw-control-ui\",\n  \"id\": \"openclaw-control-ui\"\n}\n```\n\n[Fri 2026-04-10 15:49 GMT+8] 当前有哪些skills可用�?","durationMs":0,"resultStatus":"complete","qualityStatus":0,"tokens":{"total":0,"input":0,"output":0},"skills":[],"tools":[],"logFileName":""},{"turnId":110,"timeStamp":1775807318208,"userName":"0000000001","userInput":"Sender (untrusted metadata):\n```json\n{\n  \"label\": \"openclaw-control-ui\",\n  \"id\": \"openclaw-control-ui\"\n}\n```\n\n[Fri 2026-04-10 15:48 GMT+8] 重新加载skills","durationMs":0,"resultStatus":"complete","qualityStatus":0,"tokens":{"total":0,"input":0,"output":0},"skills":[],"tools":[],"logFileName":""},{"turnId":109,"timeStamp":1775807243004,"userName":"0000000001","userInput":"Sender (untrusted metadata):\n```json\n{\n  \"label\": \"openclaw-tui\",\n  \"id\": \"openclaw-tui\",\n  \"name\": \"openclaw-tui\",\n  \"username\": \"openclaw-tui\"\n}\n```\n\n[Fri 2026-04-10 15:47 GMT+8] 使用imap-smtp-email�?�?","durationMs":0,"resultStatus":"complete","qualityStatus":0,"tokens":{"total":0,"input":0,"output":0},"skills":[],"tools":[],"logFileName":""},{"turnId":108,"timeStamp":1775807139308,"userName":"0000000001","userInput":"Sender (untrusted metadata):\n```json\n{\n  \"label\": \"openclaw-tui\",\n  \"id\": \"openclaw-tui\",\n  \"name\": \"openclaw-tui\",\n  \"username\": \"openclaw-tui\"\n}\n```\n\n[Fri 2026-04-10 15:45 GMT+8] 使用imap-smtp-email�?�?","durationMs":0,"resultStatus":"complete","qualityStatus":0,"tokens":{"total":0,"input":0,"output":0},"skills":[],"tools":[],"logFileName":""},{"turnId":107,"timeStamp":1775807074619,"userName":"0000000001","userInput":"Sender (untrusted metadata):\n```json\n{\n  \"label\": \"openclaw-control-ui\",\n  \"id\": \"openclaw-control-ui\"\n}\n```\n\n[Fri 2026-04-10 15:44 GMT+8] 你安装了哪些skill�?","durationMs":0,"resultStatus":"complete","qualityStatus":0,"tokens":{"total":0,"input":0,"output":0},"skills":[],"tools":[],"logFileName":""},{"turnId":106,"timeStamp":1775807009570,"userName":"0000000001","userInput":"Sender (untrusted metadata):\n```json\n{\n  \"label\": \"openclaw-control-ui\",\n  \"id\": \"openclaw-control-ui\"\n}\n```\n\n[Fri 2026-04-10 15:43 GMT+8] 你有哪些skill�?","durationMs":0,"resultStatus":"complete","qualityStatus":0,"tokens":{"total":0,"input":0,"output":0},"skills":[],"tools":[],"logFileName":""},{"turnId":751,"timeStamp":1775805832852,"userName":"0000000001","userInput":"Sender (untrusted metadata):\n```json\n{\n  \"label\": \"openclaw-control-ui\",\n  \"id\": \"openclaw-control-ui\"\n}\n```\n\n[Fri 2026-04-10 15:23 GMT+8] 你有哪些�?能可用？","durationMs":0,"resultStatus":"incomplete","qualityStatus":0,"tokens":{"total":0,"input":0,"output":0},"skills":[],"tools":[],"logFileName":""},{"turnId":750,"timeStamp":1775805804898,"userName":"0000000001","userInput":"Sender (untrusted metadata):\n```json\n{\n  \"label\": \"openclaw-control-ui\",\n  \"id\": \"openclaw-control-ui\"\n}\n```\n\n[Fri 2026-04-10 15:23 GMT+8] 你好","durationMs":0,"resultStatus":"complete","qualityStatus":0,"tokens":{"total":0,"input":0,"output":0},"skills":[],"tools":[],"logFileName":""},{"turnId":228,"timeStamp":1775801005693,"userName":"7c557d66ec","userInput":"Sender (untrusted metadata):\n```json\n{\n  \"label\": \"openclaw-control-ui\",\n  \"id\": \"openclaw-control-ui\"\n}\n```\n\n[Fri 2026-04-10 14:03 GMT+8] nihao","durationMs":0,"resultStatus":"complete","qualityStatus":0,"tokens":{"total":0,"input":0,"output":0},"skills":[],"tools":[],"logFileName":""},{"turnId":227,"timeStamp":1775800741577,"userName":"7c557d66ec","userInput":"Sender (untrusted metadata):\n```json\n{\n  \"label\": \"cli\",\n  \"id\": \"cli\"\n}\n```\n\n[Fri 2026-04-10 13:58 GMT+8] wxm","durationMs":0,"resultStatus":"complete","qualityStatus":0,"tokens":{"total":0,"input":0,"output":0},"skills":[],"tools":[],"logFileName":""},{"turnId":737,"timeStamp":1775798548243,"userName":"0000000001","userInput":"Sender (untrusted metadata):\n```json\n{\n  \"label\": \"openclaw-tui\",\n  \"id\": \"openclaw-tui\",\n  \"name\": \"openclaw-tui\",\n  \"username\": \"openclaw-tui\"\n}\n```\n\n[Fri 2026-04-10 13:22 GMT+8] 帮我添加�?个定时任务，没分钟向我推送一","durationMs":0,"resultStatus":"complete","qualityStatus":0,"tokens":{"total":0,"input":0,"output":0},"skills":[],"tools":[],"logFileName":""},{"turnId":733,"timeStamp":1775791689184,"userName":"0000000001","userInput":"Sender (untrusted metadata):\n```json\n{\n  \"label\": \"openclaw-tui\",\n  \"id\": \"openclaw-tui\",\n  \"name\": \"openclaw-tui\",\n  \"username\": \"openclaw-tui\"\n}\n```\n\n[Fri 2026-04-10 11:28 GMT+8] 你的配置文件在哪里？","durationMs":0,"resultStatus":"incomplete","qualityStatus":0,"tokens":{"total":0,"input":0,"output":0},"skills":[],"tools":[],"logFileName":""},{"turnId":730,"timeStamp":1775789047077,"userName":"0000000001","userInput":"Sender (untrusted metadata):\n```json\n{\n  \"label\": \"openclaw-tui\",\n  \"id\": \"openclaw-tui\",\n  \"name\": \"openclaw-tui\",\n  \"username\": \"openclaw-tui\"\n}\n```\n\n[Fri 2026-04-10 10:44 GMT+8] 重新加载�?下你的skill，特别是/h","durationMs":0,"resultStatus":"complete","qualityStatus":0,"tokens":{"total":0,"input":0,"output":0},"skills":[],"tools":[],"logFileName":""},{"turnId":729,"timeStamp":1775788904622,"userName":"0000000001","userInput":"Sender (untrusted metadata):\n```json\n{\n  \"label\": \"openclaw-tui\",\n  \"id\": \"openclaw-tui\",\n  \"name\": \"openclaw-tui\",\n  \"username\": \"openclaw-tui\"\n}\n```\n\n[Fri 2026-04-10 10:41 GMT+8] 你现在有哪些skill可用�?","durationMs":0,"resultStatus":"complete","qualityStatus":0,"tokens":{"total":0,"input":0,"output":0},"skills":[],"tools":[],"logFileName":""},{"turnId":226,"timeStamp":1775788811065,"userName":"7c557d66ec","userInput":"Sender (untrusted metadata):\n```json\n{\n  \"label\": \"openclaw-control-ui\",\n  \"id\": \"openclaw-control-ui\"\n}\n```\n\n[Fri 2026-04-10 10:40 GMT+8] wxm","durationMs":0,"resultStatus":"complete","qualityStatus":0,"tokens":{"total":0,"input":0,"output":0},"skills":[],"tools":[],"logFileName":""},{"turnId":728,"timeStamp":1775788443351,"userName":"0000000001","userInput":"Sender (untrusted metadata):\n```json\n{\n  \"label\": \"openclaw-tui\",\n  \"id\": \"openclaw-tui\",\n  \"name\": \"openclaw-tui\",\n  \"username\": \"openclaw-tui\"\n}\n```\n\n[Fri 2026-04-10 10:34 GMT+8] 你现在都有哪些skill可用�?","durationMs":0,"resultStatus":"complete","qualityStatus":0,"tokens":{"total":0,"input":0,"output":0},"skills":[],"tools":[],"logFileName":""},{"turnId":727,"timeStamp":1775788176632,"userName":"0000000001","userInput":"Sender (untrusted metadata):\n```json\n{\n  \"label\": \"openclaw-tui\",\n  \"id\": \"openclaw-tui\",\n  \"name\": \"openclaw-tui\",\n  \"username\": \"openclaw-tui\"\n}\n```\n\n[Fri 2026-04-10 10:29 GMT+8] 你会去哪些目录加载skill�?","durationMs":0,"resultStatus":"complete","qualityStatus":0,"tokens":{"total":0,"input":0,"output":0},"skills":[],"tools":[],"logFileName":""},{"turnId":726,"timeStamp":1775788078353,"userName":"0000000001","userInput":"Sender (untrusted metadata):\n```json\n{\n  \"label\": \"openclaw-tui\",\n  \"id\": \"openclaw-tui\",\n  \"name\": \"openclaw-tui\",\n  \"username\": \"openclaw-tui\"\n}\n```\n\n[Fri 2026-04-10 10:27 GMT+8] 你好","durationMs":0,"resultStatus":"complete","qualityStatus":0,"tokens":{"total":0,"input":0,"output":0},"skills":[],"tools":[],"logFileName":""},{"turnId":121,"timeStamp":1775739552012,"userName":"18100046","userInput":"Sender (untrusted metadata):\n```json\n{\n  \"label\": \"openclaw-control-ui\",\n  \"id\": \"openclaw-control-ui\"\n}\n```\n\n[Thu 2026-04-09 20:59 GMT+8] 查询谭珂的电话号�?","durationMs":0,"resultStatus":"complete","qualityStatus":0,"tokens":{"total":0,"input":0,"output":0},"skills":[],"tools":[],"logFileName":""},{"turnId":120,"timeStamp":1775735159718,"userName":"18100046","userInput":"Sender (untrusted metadata):\n```json\n{\n  \"label\": \"openclaw-control-ui\",\n  \"id\": \"openclaw-control-ui\"\n}\n```\n\n[Thu 2026-04-09 19:45 GMT+8] 都有哪些�?能？","durationMs":0,"resultStatus":"complete","qualityStatus":0,"tokens":{"total":0,"input":0,"output":0},"skills":[],"tools":[],"logFileName":""},{"turnId":119,"timeStamp":1775735139243,"userName":"18100046","userInput":"Sender (untrusted metadata):\n```json\n{\n  \"label\": \"openclaw-control-ui\",\n  \"id\": \"openclaw-control-ui\"\n}\n```\n\n[Thu 2026-04-09 19:45 GMT+8] 把这两个�?能移动到app/skills目录�?","durationMs":0,"resultStatus":"complete","qualityStatus":0,"tokens":{"total":0,"input":0,"output":0},"skills":[],"tools":[],"logFileName":""},{"turnId":118,"timeStamp":1775735095424,"userName":"18100046","userInput":"Sender (untrusted metadata):\n```json\n{\n  \"label\": \"openclaw-control-ui\",\n  \"id\": \"openclaw-control-ui\"\n}\n```\n\n[Thu 2026-04-09 19:44 GMT+8] 这两个技能路径输出下","durationMs":0,"resultStatus":"complete","qualityStatus":0,"tokens":{"total":0,"input":0,"output":0},"skills":[],"tools":[],"logFileName":""},{"turnId":117,"timeStamp":1775735037004,"userName":"18100046","userInput":"Sender (untrusted metadata):\n```json\n{\n  \"label\": \"openclaw-control-ui\",\n  \"id\": \"openclaw-control-ui\"\n}\n```\n\n[Thu 2026-04-09 19:43 GMT+8] 都有哪些skill","durationMs":0,"resultStatus":"complete","qualityStatus":0,"tokens":{"total":0,"input":0,"output":0},"skills":[],"tools":[],"logFileName":""},{"turnId":116,"timeStamp":1775735024905,"userName":"18100046","userInput":"Sender (untrusted metadata):\n```json\n{\n  \"label\": \"openclaw-control-ui\",\n  \"id\": \"openclaw-control-ui\"\n}\n```\n\n[Thu 2026-04-09 19:43 GMT+8] 清空�?有记�?","durationMs":0,"resultStatus":"complete","qualityStatus":0,"tokens":{"total":0,"input":0,"output":0},"skills":[],"tools":[],"logFileName":""},{"turnId":115,"timeStamp":1775735009397,"userName":"18100046","userInput":"Sender (untrusted metadata):\n```json\n{\n  \"label\": \"openclaw-control-ui\",\n  \"id\": \"openclaw-control-ui\"\n}\n```\n\n[Thu 2026-04-09 19:43 GMT+8] 删除记忆","durationMs":0,"resultStatus":"complete","qualityStatus":0,"tokens":{"total":0,"input":0,"output":0},"skills":[],"tools":[],"logFileName":""},{"turnId":114,"timeStamp":1775734971918,"userName":"18100046","userInput":"Sender (untrusted metadata):\n```json\n{\n  \"label\": \"openclaw-control-ui\",\n  \"id\": \"openclaw-control-ui\"\n}\n```\n\n[Thu 2026-04-09 19:42 GMT+8] 都有哪些skill","durationMs":0,"resultStatus":"complete","qualityStatus":0,"tokens":{"total":0,"input":0,"output":0},"skills":[],"tools":[],"logFileName":""},{"turnId":177,"timeStamp":1775720347240,"userName":"71089d27a2","userInput":"Sender (untrusted metadata):\n```json\n{\n  \"label\": \"test\",\n  \"id\": \"test\"\n}\n```\n\n[Thu 2026-04-09 15:39 GMT+8] 介绍下康宁尊享重大疾病保险对象�?�保险责任和免责条款�?","durationMs":0,"resultStatus":"complete","qualityStatus":0,"tokens":{"total":0,"input":0,"output":0},"skills":[],"tools":[],"logFileName":""},{"turnId":193,"timeStamp":1775643688820,"userName":"18100268","userInput":"Sender (untrusted metadata):\n```json\n{\n  \"label\": \"openclaw-control-ui\",\n  \"id\": \"openclaw-control-ui\"\n}\n```\n\n[Wed 2026-04-08 18:21 GMT+8] token从个静�?�文件能看到","durationMs":0,"resultStatus":"complete","qualityStatus":0,"tokens":{"total":0,"input":0,"output":0},"skills":[],"tools":[],"logFileName":""},{"turnId":192,"timeStamp":1775643365032,"userName":"18100268","userInput":"Sender (untrusted metadata):\n```json\n{\n  \"label\": \"openclaw-control-ui\",\n  \"id\": \"openclaw-control-ui\"\n}\n```\n\n[Wed 2026-04-08 18:16 GMT+8] /task","durationMs":0,"resultStatus":"complete","qualityStatus":0,"tokens":{"total":0,"input":0,"output":0},"skills":[],"tools":[],"logFileName":""},{"turnId":191,"timeStamp":1775631111483,"userName":"18100268","userInput":"Sender (untrusted metadata):\n```json\n{\n  \"label\": \"openclaw-control-ui\",\n  \"id\": \"openclaw-control-ui\"\n}\n```\n\n[Wed 2026-04-08 14:51 GMT+8] 查看session目录下的�?近会话json报文信息","durationMs":0,"resultStatus":"complete","qualityStatus":0,"tokens":{"total":0,"input":0,"output":0},"skills":[],"tools":[],"logFileName":""},{"turnId":627,"timeStamp":1775629467640,"userName":"0000000001","userInput":"Sender (untrusted metadata):\n```json\n{\n  \"label\": \"test\",\n  \"id\": \"test\"\n}\n```\n\n[Wed 2026-04-08 14:24 GMT+8] 你的word生成功能具体有哪�?","durationMs":0,"resultStatus":"complete","qualityStatus":0,"tokens":{"total":0,"input":0,"output":0},"skills":[],"tools":[],"logFileName":""},{"turnId":626,"timeStamp":1775614824001,"userName":"0000000001","userInput":"Sender (untrusted metadata):\n```json\n{\n  \"label\": \"test\",\n  \"id\": \"test\"\n}\n```\n\n[Wed 2026-04-08 10:20 GMT+8] 请帮我查询一下反洗钱中心职场工号11001899的员工的联系方式","durationMs":0,"resultStatus":"complete","qualityStatus":0,"tokens":{"total":0,"input":0,"output":0},"skills":[],"tools":[],"logFileName":""},{"turnId":438,"timeStamp":1775552460173,"userName":"18100919","userInput":"Sender (untrusted metadata):\n```json\n{\n  \"label\": \"openclaw-control-ui\",\n  \"id\": \"openclaw-control-ui\"\n}\n```\n\n[Tue 2026-04-07 09:00 UTC] 用nacos-cli看看有哪些office相关skill","durationMs":0,"resultStatus":"complete","qualityStatus":0,"tokens":{"total":0,"input":0,"output":0},"skills":[],"tools":[],"logFileName":""},{"turnId":437,"timeStamp":1775552451052,"userName":"18100919","userInput":"Pre-compaction memory flush. Store durable memories only in memory/2026-04-07.md (create memory/ if needed). Treat workspace bootstrap/reference files such as MEMORY.md, SOUL.md, TOOLS.md, and AGENTS.","durationMs":0,"resultStatus":"complete","qualityStatus":0,"tokens":{"total":0,"input":0,"output":0},"skills":[],"tools":[],"logFileName":""},{"turnId":436,"timeStamp":1775552385820,"userName":"18100919","userInput":"Sender (untrusted metadata):\n```json\n{\n  \"label\": \"openclaw-control-ui\",\n  \"id\": \"openclaw-control-ui\"\n}\n```\n\n[Tue 2026-04-07 08:59 UTC] 不用 配置信息�?/home/local.conf","durationMs":0,"resultStatus":"complete","qualityStatus":0,"tokens":{"total":0,"input":0,"output":0},"skills":[],"tools":[],"logFileName":""},{"turnId":435,"timeStamp":1775552372074,"userName":"18100919","userInput":"Pre-compaction memory flush. Store durable memories only in memory/2026-04-07.md (create memory/ if needed). Treat workspace bootstrap/reference files such as MEMORY.md, SOUL.md, TOOLS.md, and AGENTS.","durationMs":0,"resultStatus":"complete","qualityStatus":0,"tokens":{"total":0,"input":0,"output":0},"skills":[],"tools":[],"logFileName":""},{"turnId":434,"timeStamp":1775552335353,"userName":"18100919","userInput":"Sender (untrusted metadata):\n```json\n{\n  \"label\": \"openclaw-control-ui\",\n  \"id\": \"openclaw-control-ui\"\n}\n```\n\n[Tue 2026-04-07 08:58 UTC] 使用nacos-cli查一下你有哪些技�?","durationMs":0,"resultStatus":"complete","qualityStatus":0,"tokens":{"total":0,"input":0,"output":0},"skills":[],"tools":[],"logFileName":""},{"turnId":507,"timeStamp":1775527638663,"userName":"18100799","userInput":"Sender (untrusted metadata):\n```json\n{\n  \"label\": \"test\",\n  \"id\": \"test\"\n}\n```\n\n[Tue 2026-04-07 10:07 GMT+8] 请帮我用skill-vetter，扫描一下当前所有skill","durationMs":0,"resultStatus":"complete","qualityStatus":0,"tokens":{"total":0,"input":0,"output":0},"skills":[],"tools":[],"logFileName":""},{"turnId":506,"timeStamp":1775527575961,"userName":"18100799","userInput":"Sender (untrusted metadata):\n```json\n{\n  \"label\": \"test\",\n  \"id\": \"test\"\n}\n```\n\n[Tue 2026-04-07 10:06 GMT+8] 你有�?么skills","durationMs":0,"resultStatus":"complete","qualityStatus":0,"tokens":{"total":0,"input":0,"output":0},"skills":[],"tools":[],"logFileName":""},{"turnId":505,"timeStamp":1775527559283,"userName":"18100799","userInput":"Sender (untrusted metadata):\n```json\n{\n  \"label\": \"test\",\n  \"id\": \"test\"\n}\n```\n\n[Tue 2026-04-07 10:05 GMT+8] 你给我查�?","durationMs":0,"resultStatus":"complete","qualityStatus":0,"tokens":{"total":0,"input":0,"output":0},"skills":[],"tools":[],"logFileName":""},{"turnId":504,"timeStamp":1775527539454,"userName":"18100799","userInput":"Sender (untrusted metadata):\n```json\n{\n  \"label\": \"openclaw-control-ui\",\n  \"id\": \"openclaw-control-ui\"\n}\n```\n\n[Tue 2026-04-07 10:05 GMT+8] ninhao1","durationMs":0,"resultStatus":"complete","qualityStatus":0,"tokens":{"total":0,"input":0,"output":0},"skills":[],"tools":[],"logFileName":""},{"turnId":503,"timeStamp":1775527433021,"userName":"18100799","userInput":"Sender (untrusted metadata):\n```json\n{\n  \"label\": \"test\",\n  \"id\": \"test\"\n}\n```\n\n[Tue 2026-04-07 10:03 GMT+8] 您好","durationMs":0,"resultStatus":"complete","qualityStatus":0,"tokens":{"total":0,"input":0,"output":0},"skills":[],"tools":[],"logFileName":""},{"turnId":321,"timeStamp":1775208766140,"userName":"18101138","userInput":"Sender (untrusted metadata):\n```json\n{\n  \"label\": \"test\",\n  \"id\": \"test\"\n}\n```\n\n[Fri 2026-04-03 17:32 GMT+8] 使用km-operation-prod�?能，地址为km.clic�? 分析�?下，这个�?能如何做到用户的鉴权隔离。如何让用户只能上传自己的个人知识库","durationMs":0,"resultStatus":"complete","qualityStatus":0,"tokens":{"total":0,"input":0,"output":0},"skills":[],"tools":[],"logFileName":""},{"turnId":320,"timeStamp":1775207839111,"userName":"18101138","userInput":"Sender (untrusted metadata):\n```json\n{\n  \"label\": \"test\",\n  \"id\": \"test\"\n}\n```\n\n[Fri 2026-04-03 17:17 GMT+8] 使用km-operation-prod�?能，地址为km.clic�? 分析�?下，这个�?能如何做到用户的鉴权隔离。如何让用户只能上传自己的个人知识库","durationMs":0,"resultStatus":"complete","qualityStatus":0,"tokens":{"total":0,"input":0,"output":0},"skills":[],"tools":[],"logFileName":""},{"turnId":319,"timeStamp":1775207716672,"userName":"18101138","userInput":"Sender (untrusted metadata):\n```json\n{\n  \"label\": \"test\",\n  \"id\": \"test\"\n}\n```\n\n[Fri 2026-04-03 17:15 GMT+8] 这个�?能是不是会有安全问题 如果随便用别人的工号 是不是也可以获取别人知识库的文件 下载 或�?�是上传 你觉得应该如何规避这个问�?","durationMs":0,"resultStatus":"complete","qualityStatus":0,"tokens":{"total":0,"input":0,"output":0},"skills":[],"tools":[],"logFileName":""},{"turnId":318,"timeStamp":1775206059800,"userName":"18101138","userInput":"Sender (untrusted metadata):\n```json\n{\n  \"label\": \"test\",\n  \"id\": \"test\"\n}\n```\n\n[Fri 2026-04-03 16:47 GMT+8] 加入现在的km-operation-prod�?�? 我换了当前系统用�? 或�?�是给别的用户用 你感觉技能里面的脚本 可以找到user.md�?","durationMs":0,"resultStatus":"complete","qualityStatus":0,"tokens":{"total":0,"input":0,"output":0},"skills":[],"tools":[],"logFileName":""},{"turnId":317,"timeStamp":1775205108443,"userName":"18101138","userInput":"Sender (untrusted metadata):\n```json\n{\n  \"label\": \"test\",\n  \"id\": \"test\"\n}\n```\n\n[Fri 2026-04-03 16:31 GMT+8] 使用km-operation-prod�?能，地址为km.clic�? 你帮我确认一�? 是不是只要是我指出了你的错误 你就会用这个自我提升的技�? 记住这次的错�? 下次不再�?","durationMs":0,"resultStatus":"complete","qualityStatus":0,"tokens":{"total":0,"input":0,"output":0},"skills":[],"tools":[],"logFileName":""},{"turnId":68,"timeStamp":1775200707165,"userName":"18100988","userInput":"Sender (untrusted metadata):\n```json\n{\n  \"label\": \"openclaw-control-ui\",\n  \"id\": \"openclaw-control-ui\"\n}\n```\n\n[Fri 2026-04-03 15:18 GMT+8] 你好","durationMs":0,"resultStatus":"complete","qualityStatus":0,"tokens":{"total":0,"input":0,"output":0},"skills":[],"tools":[],"logFileName":""},{"turnId":314,"timeStamp":1775200528544,"userName":"18101138","userInput":"Sender (untrusted metadata):\n```json\n{\n  \"label\": \"test\",\n  \"id\": \"test\"\n}\n```\n\n[Fri 2026-04-03 15:15 GMT+8] 使用km-operation-prod�?能，地址为km.clic�? 工作区找�?个文�? 上传","durationMs":0,"resultStatus":"complete","qualityStatus":0,"tokens":{"total":0,"input":0,"output":0},"skills":[],"tools":[],"logFileName":""},{"turnId":543,"timeStamp":1775200424193,"userName":"18101138","userInput":"Sender (untrusted metadata):\n```json\n{\n  \"label\": \"test\",\n  \"id\": \"test\"\n}\n```\n\n[Fri 2026-04-03 15:13 GMT+8] 使用km-operation-prod�?能，地址为km.clic�? 工作区找�?个文�? 上传到个人知识库","durationMs":0,"resultStatus":"complete","qualityStatus":0,"tokens":{"total":0,"input":0,"output":0},"skills":[],"tools":[],"logFileName":""},{"turnId":542,"timeStamp":1775199661723,"userName":"18101138","userInput":"Sender (untrusted metadata):\n```json\n{\n  \"label\": \"test\",\n  \"id\": \"test\"\n}\n```\n\n[Fri 2026-04-03 15:01 GMT+8] 再看看进�?","durationMs":0,"resultStatus":"complete","qualityStatus":0,"tokens":{"total":0,"input":0,"output":0},"skills":[],"tools":[],"logFileName":""},{"turnId":67,"timeStamp":1775199047213,"userName":"18100988","userInput":"Sender (untrusted metadata):\n```json\n{\n  \"label\": \"openclaw-control-ui\",\n  \"id\": \"openclaw-control-ui\"\n}\n```\n\n[Fri 2026-04-03 14:50 GMT+8] 你完成了�?","durationMs":0,"resultStatus":"complete","qualityStatus":0,"tokens":{"total":0,"input":0,"output":0},"skills":[],"tools":[],"logFileName":""},{"turnId":541,"timeStamp":1775198734756,"userName":"18101138","userInput":"Sender (untrusted metadata):\n```json\n{\n  \"label\": \"test\",\n  \"id\": \"test\"\n}\n```\n\n[Fri 2026-04-03 14:45 GMT+8] 使用pptx�?能； 处理到哪儿了","durationMs":0,"resultStatus":"complete","qualityStatus":0,"tokens":{"total":0,"input":0,"output":0},"skills":[],"tools":[],"logFileName":""},{"turnId":540,"timeStamp":1775198685645,"userName":"18101138","userInput":"Sender (untrusted metadata):\n```json\n{\n  \"label\": \"test\",\n  \"id\": \"test\"\n}\n```\n\n[Fri 2026-04-03 14:44 GMT+8] 刚刚我把新技术应用大产品团队党支委会暨项执委会会议纪�? - 20251017.docx放到�?./2026-04-03目录下�?�我的需求是：使用pptx�?能； 帮我把党委会的会议纪�? �?","durationMs":0,"resultStatus":"complete","qualityStatus":0,"tokens":{"total":0,"input":0,"output":0},"skills":[],"tools":[],"logFileName":""},{"turnId":539,"timeStamp":1775198381506,"userName":"18101138","userInput":"Sender (untrusted metadata):\n```json\n{\n  \"label\": \"test\",\n  \"id\": \"test\"\n}\n```\n\n[Fri 2026-04-03 14:39 GMT+8] 怎么配置这个狗子","durationMs":0,"resultStatus":"complete","qualityStatus":0,"tokens":{"total":0,"input":0,"output":0},"skills":[],"tools":[],"logFileName":""},{"turnId":538,"timeStamp":1775198334382,"userName":"18101138","userInput":"Sender (untrusted metadata):\n```json\n{\n  \"label\": \"test\",\n  \"id\": \"test\"\n}\n```\n\n[Fri 2026-04-03 14:38 GMT+8] self-improving-agent这个�?能会在什么时候生效呢，是�?要你主动去调用这个技能吗","durationMs":0,"resultStatus":"complete","qualityStatus":0,"tokens":{"total":0,"input":0,"output":0},"skills":[],"tools":[],"logFileName":""},{"turnId":537,"timeStamp":1775198300304,"userName":"18101138","userInput":"Sender (untrusted metadata):\n```json\n{\n  \"label\": \"test\",\n  \"id\": \"test\"\n}\n```\n\n[Fri 2026-04-03 14:38 GMT+8] 让我看一�?./skills这个文件夹里面所有的文件�?","durationMs":0,"resultStatus":"complete","qualityStatus":0,"tokens":{"total":0,"input":0,"output":0},"skills":[],"tools":[],"logFileName":""},{"turnId":536,"timeStamp":1775198236037,"userName":"18101138","userInput":"Sender (untrusted metadata):\n```json\n{\n  \"label\": \"test\",\n  \"id\": \"test\"\n}\n```\n\n[Fri 2026-04-03 14:37 GMT+8] 看看是否有一个self-improving-agent的技�?","durationMs":0,"resultStatus":"complete","qualityStatus":0,"tokens":{"total":0,"input":0,"output":0},"skills":[],"tools":[],"logFileName":""},{"turnId":535,"timeStamp":1775197523400,"userName":"18101138","userInput":"Sender (untrusted metadata):\n```json\n{\n  \"label\": \"test\",\n  \"id\": \"test\"\n}\n```\n\n[Fri 2026-04-03 14:25 GMT+8] 你刚刚骗�? 明明上传报错�? 没有上传成功 还一直跟我说上传成功�? 跟谁学的你是","durationMs":0,"resultStatus":"complete","qualityStatus":0,"tokens":{"total":0,"input":0,"output":0},"skills":[],"tools":[],"logFileName":""},{"turnId":534,"timeStamp":1775197458784,"userName":"18101138","userInput":"Sender (untrusted metadata):\n```json\n{\n  \"label\": \"test\",\n  \"id\": \"test\"\n}\n```\n\n[Fri 2026-04-03 14:24 GMT+8] 想起来了 USER.md里面我的orgCode写的有问�? 应该�?00000000再试�?","durationMs":0,"resultStatus":"complete","qualityStatus":0,"tokens":{"total":0,"input":0,"output":0},"skills":[],"tools":[],"logFileName":""},{"turnId":533,"timeStamp":1775197362366,"userName":"18101138","userInput":"Sender (untrusted metadata):\n```json\n{\n  \"label\": \"test\",\n  \"id\": \"test\"\n}\n```\n\n[Fri 2026-04-03 14:22 GMT+8] 上传到哪儿了 我没有看到啊","durationMs":0,"resultStatus":"complete","qualityStatus":0,"tokens":{"total":0,"input":0,"output":0},"skills":[],"tools":[],"logFileName":""},{"turnId":66,"timeStamp":1775197302358,"userName":"18100988","userInput":"Sender (untrusted metadata):\n```json\n{\n  \"label\": \"test\",\n  \"id\": \"test\"\n}\n```\n\n[Fri 2026-04-03 14:21 GMT+8] 你现在分析完了吗","durationMs":0,"resultStatus":"complete","qualityStatus":0,"tokens":{"total":0,"input":0,"output":0},"skills":[],"tools":[],"logFileName":""},{"turnId":532,"timeStamp":1775197302273,"userName":"18101138","userInput":"Sender (untrusted metadata):\n```json\n{\n  \"label\": \"test\",\n  \"id\": \"test\"\n}\n```\n\n[Fri 2026-04-03 14:21 GMT+8] 使用km-operation-prod�?能，地址为km.clic�? 搞快�?","durationMs":0,"resultStatus":"complete","qualityStatus":0,"tokens":{"total":0,"input":0,"output":0},"skills":[],"tools":[],"logFileName":""},{"turnId":36,"timeStamp":1775197291726,"userName":"0000000001","userInput":"Sender (untrusted metadata):\n```json\n{\n  \"label\": \"test\",\n  \"id\": \"test\"\n}\n```\n\n[Fri 2026-04-03 14:21 GMT+8] 刚刚我把评级台账.xlsx放到�?./2026-04-03目录下�?�我的需求是：使用xlsx�?能； 请对文件信息进行分析，并绘制柱状图，要求横坐标为月份，纵坐标为件�?","durationMs":0,"resultStatus":"incomplete","qualityStatus":0,"tokens":{"total":0,"input":0,"output":0},"skills":[],"tools":[],"logFileName":""},{"turnId":531,"timeStamp":1775197253938,"userName":"18101138","userInput":"Sender (untrusted metadata):\n```json\n{\n  \"label\": \"test\",\n  \"id\": \"test\"\n}\n```\n\n[Fri 2026-04-03 14:20 GMT+8] 使用km-operation-prod�?能，地址为km.clic�? 我看了没�? 直接上传�?","durationMs":0,"resultStatus":"complete","qualityStatus":0,"tokens":{"total":0,"input":0,"output":0},"skills":[],"tools":[],"logFileName":""},{"turnId":530,"timeStamp":1775197213969,"userName":"18101138","userInput":"Sender (untrusted metadata):\n```json\n{\n  \"label\": \"test\",\n  \"id\": \"test\"\n}\n```\n\n[Fri 2026-04-03 14:20 GMT+8] 使用km-operation-prod�?能，地址为km.clic�? 找一下有没有�?�?1.38.16版本的部署手�? 上传�?�?","durationMs":0,"resultStatus":"complete","qualityStatus":0,"tokens":{"total":0,"input":0,"output":0},"skills":[],"tools":[],"logFileName":""},{"turnId":35,"timeStamp":1775197168970,"userName":"0000000001","userInput":"Sender (untrusted metadata):\n```json\n{\n  \"label\": \"test\",\n  \"id\": \"test\"\n}\n```\n\n[Fri 2026-04-03 14:19 GMT+8] 请问你的Excel数据分析支持哪些功能","durationMs":0,"resultStatus":"complete","qualityStatus":0,"tokens":{"total":0,"input":0,"output":0},"skills":[],"tools":[],"logFileName":""},{"turnId":529,"timeStamp":1775196864804,"userName":"18101138","userInput":"Sender (untrusted metadata):\n```json\n{\n  \"label\": \"test\",\n  \"id\": \"test\"\n}\n```\n\n[Fri 2026-04-03 14:14 GMT+8] ../USER.md这个文件存在�?","durationMs":0,"resultStatus":"complete","qualityStatus":0,"tokens":{"total":0,"input":0,"output":0},"skills":[],"tools":[],"logFileName":""},{"turnId":528,"timeStamp":1775196827557,"userName":"18101138","userInput":"Sender (untrusted metadata):\n```json\n{\n  \"label\": \"test\",\n  \"id\": \"test\"\n}\n```\n\n[Fri 2026-04-03 14:13 GMT+8] 你试试用这个路径是否可以找到user.md ../user.md","durationMs":0,"resultStatus":"complete","qualityStatus":0,"tokens":{"total":0,"input":0,"output":0},"skills":[],"tools":[],"logFileName":""},{"turnId":527,"timeStamp":1775196807021,"userName":"18101138","userInput":"Sender (untrusted metadata):\n```json\n{\n  \"label\": \"test\",\n  \"id\": \"test\"\n}\n```\n\n[Fri 2026-04-03 14:13 GMT+8] 输出�?下你现在的工作目录路�?","durationMs":0,"resultStatus":"complete","qualityStatus":0,"tokens":{"total":0,"input":0,"output":0},"skills":[],"tools":[],"logFileName":""},{"turnId":526,"timeStamp":1775196690125,"userName":"18101138","userInput":"Sender (untrusted metadata):\n```json\n{\n  \"label\": \"test\",\n  \"id\": \"test\"\n}\n```\n\n[Fri 2026-04-03 14:11 GMT+8] 是在上传的过程中有什么报错吗","durationMs":0,"resultStatus":"complete","qualityStatus":0,"tokens":{"total":0,"input":0,"output":0},"skills":[],"tools":[],"logFileName":""},{"turnId":525,"timeStamp":1775196675508,"userName":"18101138","userInput":"Sender (untrusted metadata):\n```json\n{\n  \"label\": \"test\",\n  \"id\": \"test\"\n}\n```\n\n[Fri 2026-04-03 14:11 GMT+8] 刚刚我把AIAPv1.38.10部署手册.docx放到�?./2026-04-03目录下�?�我的需求是：使用offical-doc-writer�?能； 仿照�?这个 帮我写一�?1.38.1","durationMs":0,"resultStatus":"complete","qualityStatus":0,"tokens":{"total":0,"input":0,"output":0},"skills":[],"tools":[],"logFileName":""},{"turnId":524,"timeStamp":1775196650010,"userName":"18101138","userInput":"Sender (untrusted metadata):\n```json\n{\n  \"label\": \"test\",\n  \"id\": \"test\"\n}\n```\n\n[Fri 2026-04-03 14:10 GMT+8] 弄好了就上传�?","durationMs":0,"resultStatus":"complete","qualityStatus":0,"tokens":{"total":0,"input":0,"output":0},"skills":[],"tools":[],"logFileName":""},{"turnId":523,"timeStamp":1775196394021,"userName":"18101138","userInput":"Sender (untrusted metadata):\n```json\n{\n  \"label\": \"test\",\n  \"id\": \"test\"\n}\n```\n\n[Fri 2026-04-03 14:06 GMT+8] 刚刚我把AIAPv1.38.10部署手册.docx放到�?./2026-04-03目录下�?�我的需求是：使用offical-doc-writer�?能； 仿照�?这个 帮我写一�?1.38.1","durationMs":0,"resultStatus":"complete","qualityStatus":0,"tokens":{"total":0,"input":0,"output":0},"skills":[],"tools":[],"logFileName":""},{"turnId":522,"timeStamp":1775196338541,"userName":"18101138","userInput":"Sender (untrusted metadata):\n```json\n{\n  \"label\": \"test\",\n  \"id\": \"test\"\n}\n```\n\n[Fri 2026-04-03 14:05 GMT+8] 使用km-operation-prod�?能，地址为km.clic�? 还是用测试环境的","durationMs":0,"resultStatus":"complete","qualityStatus":0,"tokens":{"total":0,"input":0,"output":0},"skills":[],"tools":[],"logFileName":""},{"turnId":521,"timeStamp":1775196326945,"userName":"18101138","userInput":"Sender (untrusted metadata):\n```json\n{\n  \"label\": \"test\",\n  \"id\": \"test\"\n}\n```\n\n[Fri 2026-04-03 14:05 GMT+8] 使用km-operation-prod�?能，地址为km.clic�? 再看看刚刚的文件有上传成功吗 我这里在我的文件这里没有找到","durationMs":0,"resultStatus":"complete","qualityStatus":0,"tokens":{"total":0,"input":0,"output":0},"skills":[],"tools":[],"logFileName":""},{"turnId":520,"timeStamp":1775196290715,"userName":"18101138","userInput":"Sender (untrusted metadata):\n```json\n{\n  \"label\": \"test\",\n  \"id\": \"test\"\n}\n```\n\n[Fri 2026-04-03 14:04 GMT+8] 刚刚我把AIAPv1.38.10部署手册.docx放到�?./2026-04-03目录下�?�我的需求是：使用offical-doc-writer�?能； 仿照�?这个 帮我写一�?1.38.1","durationMs":0,"resultStatus":"complete","qualityStatus":0,"tokens":{"total":0,"input":0,"output":0},"skills":[],"tools":[],"logFileName":""},{"turnId":519,"timeStamp":1775196276445,"userName":"18101138","userInput":"Sender (untrusted metadata):\n```json\n{\n  \"label\": \"test\",\n  \"id\": \"test\"\n}\n```\n\n[Fri 2026-04-03 14:04 GMT+8] 上传到哪儿了","durationMs":0,"resultStatus":"complete","qualityStatus":0,"tokens":{"total":0,"input":0,"output":0},"skills":[],"tools":[],"logFileName":""},{"turnId":518,"timeStamp":1775196267976,"userName":"18101138","userInput":"Sender (untrusted metadata):\n```json\n{\n  \"label\": \"test\",\n  \"id\": \"test\"\n}\n```\n\n[Fri 2026-04-03 14:04 GMT+8] 上传好了说一�?","durationMs":0,"resultStatus":"complete","qualityStatus":0,"tokens":{"total":0,"input":0,"output":0},"skills":[],"tools":[],"logFileName":""},{"turnId":155,"timeStamp":1775196237504,"userName":"18101149","userInput":"Sender (untrusted metadata):\n```json\n{\n  \"label\": \"test\",\n  \"id\": \"test\"\n}\n```\n\n[Fri 2026-04-03 14:03 GMT+8] 查询公司�?新动�?","durationMs":0,"resultStatus":"complete","qualityStatus":0,"tokens":{"total":0,"input":0,"output":0},"skills":[],"tools":[],"logFileName":""},{"turnId":154,"timeStamp":1775196210922,"userName":"18101149","userInput":"Sender (untrusted metadata):\n```json\n{\n  \"label\": \"test\",\n  \"id\": \"test\"\n}\n```\n\n[Fri 2026-04-03 14:03 GMT+8] 查询公司内部�?新动�?","durationMs":0,"resultStatus":"complete","qualityStatus":0,"tokens":{"total":0,"input":0,"output":0},"skills":[],"tools":[],"logFileName":""},{"turnId":517,"timeStamp":1775196183884,"userName":"18101138","userInput":"Sender (untrusted metadata):\n```json\n{\n  \"label\": \"test\",\n  \"id\": \"test\"\n}\n```\n\n[Fri 2026-04-03 14:03 GMT+8] 使用offical-doc-writer�?能； 上传到知识库�?","durationMs":0,"resultStatus":"complete","qualityStatus":0,"tokens":{"total":0,"input":0,"output":0},"skills":[],"tools":[],"logFileName":""},{"turnId":153,"timeStamp":1775196166402,"userName":"18101149","userInput":"Sender (untrusted metadata):\n```json\n{\n  \"label\": \"openclaw-control-ui\",\n  \"id\": \"openclaw-control-ui\"\n}\n```\n\n[Fri 2026-04-03 14:02 GMT+8] 我是�?","durationMs":0,"resultStatus":"complete","qualityStatus":0,"tokens":{"total":0,"input":0,"output":0},"skills":[],"tools":[],"logFileName":""},{"turnId":516,"timeStamp":1775196160748,"userName":"18101138","userInput":"[Fri 2026-04-03 14:02 GMT+8] OpenClaw runtime context (internal):\nThis context is runtime-generated, not user-authored. Keep internal details private.\n\n[Internal task completion event]\nsource: subagen","durationMs":0,"resultStatus":"complete","qualityStatus":0,"tokens":{"total":0,"input":0,"output":0},"skills":[],"tools":[],"logFileName":""},{"turnId":152,"timeStamp":1775196153613,"userName":"18101149","userInput":"Sender (untrusted metadata):\n```json\n{\n  \"label\": \"openclaw-control-ui\",\n  \"id\": \"openclaw-control-ui\"\n}\n```\n\n[Fri 2026-04-03 14:02 GMT+8] ?","durationMs":0,"resultStatus":"complete","qualityStatus":0,"tokens":{"total":0,"input":0,"output":0},"skills":[],"tools":[],"logFileName":""},{"turnId":515,"timeStamp":1775196112063,"userName":"18101138","userInput":"Sender (untrusted metadata):\n```json\n{\n  \"label\": \"test\",\n  \"id\": \"test\"\n}\n```\n\n[Fri 2026-04-03 14:01 GMT+8] 使用offical-doc-writer�?能； 从工作区 今天日期的文件夹里面找一下部署手�? 帮我写一�?1.38.16版本�? 这次不部署nginx服务 其他的不便�??","durationMs":0,"resultStatus":"complete","qualityStatus":0,"tokens":{"total":0,"input":0,"output":0},"skills":[],"tools":[],"logFileName":""},{"turnId":514,"timeStamp":1775196059722,"userName":"18101138","userInput":"Sender (untrusted metadata):\n```json\n{\n  \"label\": \"test\",\n  \"id\": \"test\"\n}\n```\n\n[Fri 2026-04-03 14:00 GMT+8] http://nxtest.clic/repository/pypi-group/simple/ 以后安装python�? 用这个仓�?","durationMs":0,"resultStatus":"complete","qualityStatus":0,"tokens":{"total":0,"input":0,"output":0},"skills":[],"tools":[],"logFileName":""},{"turnId":65,"timeStamp":1775187613845,"userName":"18100988","userInput":"Sender (untrusted metadata):\n```json\n{\n  \"label\": \"test\",\n  \"id\": \"test\"\n}\n```\n\n[Fri 2026-04-03 11:40 GMT+8] 使用xlsx�?能； 你在处理吗？你处理完了吗","durationMs":0,"resultStatus":"complete","qualityStatus":0,"tokens":{"total":0,"input":0,"output":0},"skills":[],"tools":[],"logFileName":""},{"turnId":64,"timeStamp":1775186876103,"userName":"18100988","userInput":"Sender (untrusted metadata):\n```json\n{\n  \"label\": \"openclaw-control-ui\",\n  \"id\": \"openclaw-control-ui\"\n}\n```\n\n[Fri 2026-04-03 11:27 GMT+8] 刚刚我把2026年度客户服务条线工作计划�?-消保�?-更新�?.xlsx放到�?./2026-04-03目录下�?�我的需求是：使�?","durationMs":0,"resultStatus":"complete","qualityStatus":0,"tokens":{"total":0,"input":0,"output":0},"skills":[],"tools":[],"logFileName":""},{"turnId":63,"timeStamp":1775186854509,"userName":"18100988","userInput":"Sender (untrusted metadata):\n```json\n{\n  \"label\": \"openclaw-control-ui\",\n  \"id\": \"openclaw-control-ui\"\n}\n```\n\n[Fri 2026-04-03 11:27 GMT+8] 您好","durationMs":0,"resultStatus":"complete","qualityStatus":0,"tokens":{"total":0,"input":0,"output":0},"skills":[],"tools":[],"logFileName":""},{"turnId":62,"timeStamp":1775185651928,"userName":"18100988","userInput":"Sender (untrusted metadata):\n```json\n{\n  \"label\": \"test\",\n  \"id\": \"test\"\n}\n```\n\n[Fri 2026-04-03 11:07 GMT+8] 刚刚我把2026年度客户服务条线工作计划�?-消保�?-更新�?.xlsx放到�?./2026-04-03目录下�?�我的需求是：使用xlsx�?能； 这个文件2026年度客户服务条线工作计划�?-","durationMs":0,"resultStatus":"complete","qualityStatus":0,"tokens":{"total":0,"input":0,"output":0},"skills":[],"tools":[],"logFileName":""},{"turnId":308,"timeStamp":1775037361689,"userName":"6fca9aa611","userInput":"Sender (untrusted metadata):\n```json\n{\n  \"label\": \"test\",\n  \"id\": \"test\"\n}\n```\n\n[Wed 2026-04-01 17:54 GMT+8] 请以二十届三中全会为主题制作�?个党会学习PPT。执行pptx�?能，具体�?求如下：","durationMs":0,"resultStatus":"complete","qualityStatus":0,"tokens":{"total":0,"input":0,"output":0},"skills":[],"tools":[],"logFileName":""},{"turnId":307,"timeStamp":1775037343862,"userName":"6fca9aa611","userInput":"Sender (untrusted metadata):\n```json\n{\n  \"label\": \"test\",\n  \"id\": \"test\"\n}\n```\n\n[Wed 2026-04-01 17:54 GMT+8] 阅读月报PPT，生成内容概览�?�执行pptx�?能，具体�?求如下：","durationMs":0,"resultStatus":"complete","qualityStatus":0,"tokens":{"total":0,"input":0,"output":0},"skills":[],"tools":[],"logFileName":""},{"turnId":674,"timeStamp":1774949171098,"userName":"18100774","userInput":"Pre-compaction memory flush. Store durable memories only in memory/2026-03-31.md (create memory/ if needed). Treat workspace bootstrap/reference files such as MEMORY.md, SOUL.md, TOOLS.md, and AGENTS.","durationMs":0,"resultStatus":"complete","qualityStatus":0,"tokens":{"total":0,"input":0,"output":0},"skills":[],"tools":[],"logFileName":""},{"turnId":673,"timeStamp":1774949044309,"userName":"18100774","userInput":"Sender (untrusted metadata):\n```json\n{\n  \"label\": \"test\",\n  \"id\": \"test\"\n}\n```\n\n[Tue 2026-03-31 09:23 UTC] 根据上面发�?�的信息 构建�?整个�?�?","durationMs":0,"resultStatus":"complete","qualityStatus":0,"tokens":{"total":0,"input":0,"output":0},"skills":[],"tools":[],"logFileName":""},{"turnId":672,"timeStamp":1774948973185,"userName":"18100774","userInput":"Sender (untrusted metadata):\n```json\n{\n  \"label\": \"test\",\n  \"id\": \"test\"\n}\n```\n\n[Tue 2026-03-31 09:22 UTC] 帮我构建�?个技�? 以下是这个技能的�?些文�? 你能读多少读多少：km-operation-prod/QUICKSTART.md0000644000000000000000000001006","durationMs":0,"resultStatus":"complete","qualityStatus":0,"tokens":{"total":0,"input":0,"output":0},"skills":[],"tools":[],"logFileName":""},{"turnId":671,"timeStamp":1774948964402,"userName":"18100774","userInput":"Pre-compaction memory flush. Store durable memories only in memory/2026-03-31.md (create memory/ if needed). Treat workspace bootstrap/reference files such as MEMORY.md, SOUL.md, TOOLS.md, and AGENTS.","durationMs":0,"resultStatus":"complete","qualityStatus":0,"tokens":{"total":0,"input":0,"output":0},"skills":[],"tools":[],"logFileName":""},{"turnId":670,"timeStamp":1774945782497,"userName":"18100774","userInput":"Sender (untrusted metadata):\n```json\n{\n  \"label\": \"test\",\n  \"id\": \"test\"\n}\n```\n\n[Tue 2026-03-31 08:29 UTC] �?心呀 你真是太好了","durationMs":0,"resultStatus":"complete","qualityStatus":0,"tokens":{"total":0,"input":0,"output":0},"skills":[],"tools":[],"logFileName":""},{"turnId":669,"timeStamp":1774945775659,"userName":"18100774","userInput":"Pre-compaction memory flush. Store durable memories only in memory/2026-03-31.md (create memory/ if needed). Treat workspace bootstrap/reference files such as MEMORY.md, SOUL.md, TOOLS.md, and AGENTS.","durationMs":0,"resultStatus":"complete","qualityStatus":0,"tokens":{"total":0,"input":0,"output":0},"skills":[],"tools":[],"logFileName":""},{"turnId":668,"timeStamp":1774945762913,"userName":"18100774","userInput":"Sender (untrusted metadata):\n```json\n{\n  \"label\": \"test\",\n  \"id\": \"test\"\n}\n```\n\n[Tue 2026-03-31 08:29 UTC] 哈哈哈哈哈哈","durationMs":0,"resultStatus":"complete","qualityStatus":0,"tokens":{"total":0,"input":0,"output":0},"skills":[],"tools":[],"logFileName":""},{"turnId":667,"timeStamp":1774945756695,"userName":"18100774","userInput":"Pre-compaction memory flush. Store durable memories only in memory/2026-03-31.md (create memory/ if needed). Treat workspace bootstrap/reference files such as MEMORY.md, SOUL.md, TOOLS.md, and AGENTS.","durationMs":0,"resultStatus":"complete","qualityStatus":0,"tokens":{"total":0,"input":0,"output":0},"skills":[],"tools":[],"logFileName":""},{"turnId":666,"timeStamp":1774945483145,"userName":"18100774","userInput":"Sender (untrusted metadata):\n```json\n{\n  \"label\": \"test\",\n  \"id\": \"test\"\n}\n```\n\n[Tue 2026-03-31 08:24 UTC] 行呀","durationMs":0,"resultStatus":"complete","qualityStatus":0,"tokens":{"total":0,"input":0,"output":0},"skills":[],"tools":[],"logFileName":""},{"turnId":665,"timeStamp":1774945469001,"userName":"18100774","userInput":"Pre-compaction memory flush. Store durable memories only in memory/2026-03-31.md (create memory/ if needed). Treat workspace bootstrap/reference files such as MEMORY.md, SOUL.md, TOOLS.md, and AGENTS.","durationMs":0,"resultStatus":"complete","qualityStatus":0,"tokens":{"total":0,"input":0,"output":0},"skills":[],"tools":[],"logFileName":""},{"turnId":664,"timeStamp":1774944344827,"userName":"18100774","userInput":"Sender (untrusted metadata):\n```json\n{\n  \"label\": \"test\",\n  \"id\": \"test\"\n}\n```\n\n[Tue 2026-03-31 08:05 UTC] 别搞笑了好么，我难道不会下单�?","durationMs":0,"resultStatus":"complete","qualityStatus":0,"tokens":{"total":0,"input":0,"output":0},"skills":[],"tools":[],"logFileName":""},{"turnId":663,"timeStamp":1774944331939,"userName":"18100774","userInput":"Pre-compaction memory flush. Store durable memories only in memory/2026-03-31.md (create memory/ if needed). Treat workspace bootstrap/reference files such as MEMORY.md, SOUL.md, TOOLS.md, and AGENTS.","durationMs":0,"resultStatus":"complete","qualityStatus":0,"tokens":{"total":0,"input":0,"output":0},"skills":[],"tools":[],"logFileName":""},{"turnId":662,"timeStamp":1774943992407,"userName":"18100774","userInput":"Sender (untrusted metadata):\n```json\n{\n  \"label\": \"test\",\n  \"id\": \"test\"\n}\n```\n\n[Tue 2026-03-31 07:59 UTC] 风浪越大鱼越贵你知道�?","durationMs":0,"resultStatus":"complete","qualityStatus":0,"tokens":{"total":0,"input":0,"output":0},"skills":[],"tools":[],"logFileName":""},{"turnId":661,"timeStamp":1774943973153,"userName":"18100774","userInput":"Pre-compaction memory flush. Store durable memories only in memory/2026-03-31.md (create memory/ if needed). Treat workspace bootstrap/reference files such as MEMORY.md, SOUL.md, TOOLS.md, and AGENTS.","durationMs":0,"resultStatus":"complete","qualityStatus":0,"tokens":{"total":0,"input":0,"output":0},"skills":[],"tools":[],"logFileName":""},{"turnId":660,"timeStamp":1774943042418,"userName":"18100774","userInput":"Sender (untrusted metadata):\n```json\n{\n  \"label\": \"test\",\n  \"id\": \"test\"\n}\n```\n\n[Tue 2026-03-31 07:43 UTC] 先查�?下天�? 这周末天气咋�?","durationMs":0,"resultStatus":"complete","qualityStatus":0,"tokens":{"total":0,"input":0,"output":0},"skills":[],"tools":[],"logFileName":""},{"turnId":659,"timeStamp":1774943035528,"userName":"18100774","userInput":"Pre-compaction memory flush. Store durable memories only in memory/2026-03-31.md (create memory/ if needed). Treat workspace bootstrap/reference files such as MEMORY.md, SOUL.md, TOOLS.md, and AGENTS.","durationMs":0,"resultStatus":"complete","qualityStatus":0,"tokens":{"total":0,"input":0,"output":0},"skills":[],"tools":[],"logFileName":""},{"turnId":658,"timeStamp":1774942441008,"userName":"18100774","userInput":"Sender (untrusted metadata):\n```json\n{\n  \"label\": \"test\",\n  \"id\": \"test\"\n}\n```\n\n[Tue 2026-03-31 07:33 UTC] 周末","durationMs":0,"resultStatus":"complete","qualityStatus":0,"tokens":{"total":0,"input":0,"output":0},"skills":[],"tools":[],"logFileName":""},{"turnId":657,"timeStamp":1774942431643,"userName":"18100774","userInput":"Pre-compaction memory flush. Store durable memories only in memory/2026-03-31.md (create memory/ if needed). Treat workspace bootstrap/reference files such as MEMORY.md, SOUL.md, TOOLS.md, and AGENTS.","durationMs":0,"resultStatus":"complete","qualityStatus":0,"tokens":{"total":0,"input":0,"output":0},"skills":[],"tools":[],"logFileName":""},{"turnId":656,"timeStamp":1774941645209,"userName":"18100774","userInput":"Sender (untrusted metadata):\n```json\n{\n  \"label\": \"test\",\n  \"id\": \"test\"\n}\n```\n\n[Tue 2026-03-31 07:20 UTC] 滑翔伞吧，看看哪个平台便宜呀","durationMs":0,"resultStatus":"complete","qualityStatus":0,"tokens":{"total":0,"input":0,"output":0},"skills":[],"tools":[],"logFileName":""},{"turnId":655,"timeStamp":1774941618874,"userName":"18100774","userInput":"Pre-compaction memory flush. Store durable memories only in memory/2026-03-31.md (create memory/ if needed). Treat workspace bootstrap/reference files such as MEMORY.md, SOUL.md, TOOLS.md, and AGENTS.","durationMs":0,"resultStatus":"complete","qualityStatus":0,"tokens":{"total":0,"input":0,"output":0},"skills":[],"tools":[],"logFileName":""},{"turnId":654,"timeStamp":1774941494068,"userName":"18100774","userInput":"Sender (untrusted metadata):\n```json\n{\n  \"label\": \"test\",\n  \"id\": \"test\"\n}\n```\n\n[Tue 2026-03-31 07:17 UTC] 在北京啊","durationMs":0,"resultStatus":"complete","qualityStatus":0,"tokens":{"total":0,"input":0,"output":0},"skills":[],"tools":[],"logFileName":""},{"turnId":653,"timeStamp":1774941467016,"userName":"18100774","userInput":"Pre-compaction memory flush. Store durable memories only in memory/2026-03-31.md (create memory/ if needed). Treat workspace bootstrap/reference files such as MEMORY.md, SOUL.md, TOOLS.md, and AGENTS.","durationMs":0,"resultStatus":"complete","qualityStatus":0,"tokens":{"total":0,"input":0,"output":0},"skills":[],"tools":[],"logFileName":""},{"turnId":652,"timeStamp":1774941236777,"userName":"18100774","userInput":"Sender (untrusted metadata):\n```json\n{\n  \"label\": \"test\",\n  \"id\": \"test\"\n}\n```\n\n[Tue 2026-03-31 07:13 UTC] 体验飞行�?","durationMs":0,"resultStatus":"complete","qualityStatus":0,"tokens":{"total":0,"input":0,"output":0},"skills":[],"tools":[],"logFileName":""},{"turnId":651,"timeStamp":1774941216714,"userName":"18100774","userInput":"Pre-compaction memory flush. Store durable memories only in memory/2026-03-31.md (create memory/ if needed). Treat workspace bootstrap/reference files such as MEMORY.md, SOUL.md, TOOLS.md, and AGENTS.","durationMs":0,"resultStatus":"complete","qualityStatus":0,"tokens":{"total":0,"input":0,"output":0},"skills":[],"tools":[],"logFileName":""},{"turnId":650,"timeStamp":1774940891405,"userName":"18100774","userInput":"Sender (untrusted metadata):\n```json\n{\n  \"label\": \"test\",\n  \"id\": \"test\"\n}\n```\n\n[Tue 2026-03-31 07:07 UTC] 想变成一只小�?","durationMs":0,"resultStatus":"complete","qualityStatus":0,"tokens":{"total":0,"input":0,"output":0},"skills":[],"tools":[],"logFileName":""},{"turnId":649,"timeStamp":1774940875627,"userName":"18100774","userInput":"Pre-compaction memory flush. Store durable memories only in memory/2026-03-31.md (create memory/ if needed). Treat workspace bootstrap/reference files such as MEMORY.md, SOUL.md, TOOLS.md, and AGENTS.","durationMs":0,"resultStatus":"complete","qualityStatus":0,"tokens":{"total":0,"input":0,"output":0},"skills":[],"tools":[],"logFileName":""},{"turnId":648,"timeStamp":1774940848766,"userName":"18100774","userInput":"Sender (untrusted metadata):\n```json\n{\n  \"label\": \"test\",\n  \"id\": \"test\"\n}\n```\n\n[Tue 2026-03-31 07:07 UTC] 我想飞上�?","durationMs":0,"resultStatus":"complete","qualityStatus":0,"tokens":{"total":0,"input":0,"output":0},"skills":[],"tools":[],"logFileName":""},{"turnId":647,"timeStamp":1774940842949,"userName":"18100774","userInput":"Pre-compaction memory flush. Store durable memories only in memory/2026-03-31.md (create memory/ if needed). Treat workspace bootstrap/reference files such as MEMORY.md, SOUL.md, TOOLS.md, and AGENTS.","durationMs":0,"resultStatus":"complete","qualityStatus":0,"tokens":{"total":0,"input":0,"output":0},"skills":[],"tools":[],"logFileName":""},{"turnId":646,"timeStamp":1774939062554,"userName":"18100774","userInput":"Sender (untrusted metadata):\n```json\n{\n  \"label\": \"test\",\n  \"id\": \"test\"\n}\n```\n\n[Tue 2026-03-31 06:37 UTC] 你真好啊","durationMs":0,"resultStatus":"complete","qualityStatus":0,"tokens":{"total":0,"input":0,"output":0},"skills":[],"tools":[],"logFileName":""},{"turnId":645,"timeStamp":1774939046645,"userName":"18100774","userInput":"Pre-compaction memory flush. Store durable memories only in memory/2026-03-31.md (create memory/ if needed). Treat workspace bootstrap/reference files such as MEMORY.md, SOUL.md, TOOLS.md, and AGENTS.","durationMs":0,"resultStatus":"complete","qualityStatus":0,"tokens":{"total":0,"input":0,"output":0},"skills":[],"tools":[],"logFileName":""},{"turnId":644,"timeStamp":1774938789891,"userName":"18100774","userInput":"Sender (untrusted metadata):\n```json\n{\n  \"label\": \"test\",\n  \"id\": \"test\"\n}\n```\n\n[Tue 2026-03-31 06:32 UTC] 长期的，我啥也不�?","durationMs":0,"resultStatus":"complete","qualityStatus":0,"tokens":{"total":0,"input":0,"output":0},"skills":[],"tools":[],"logFileName":""},{"turnId":643,"timeStamp":1774938779535,"userName":"18100774","userInput":"Pre-compaction memory flush. Store durable memories only in memory/2026-03-31.md (create memory/ if needed). Treat workspace bootstrap/reference files such as MEMORY.md, SOUL.md, TOOLS.md, and AGENTS.","durationMs":0,"resultStatus":"complete","qualityStatus":0,"tokens":{"total":0,"input":0,"output":0},"skills":[],"tools":[],"logFileName":""},{"turnId":642,"timeStamp":1774938758841,"userName":"18100774","userInput":"Sender (untrusted metadata):\n```json\n{\n  \"label\": \"test\",\n  \"id\": \"test\"\n}\n```\n\n[Tue 2026-03-31 06:32 UTC] 我实在是想要很多很多的钱呢，不买彩票还能怎么做哇","durationMs":0,"resultStatus":"complete","qualityStatus":0,"tokens":{"total":0,"input":0,"output":0},"skills":[],"tools":[],"logFileName":""},{"turnId":641,"timeStamp":1774938753223,"userName":"18100774","userInput":"Pre-compaction memory flush. Store durable memories only in memory/2026-03-31.md (create memory/ if needed). Treat workspace bootstrap/reference files such as MEMORY.md, SOUL.md, TOOLS.md, and AGENTS.","durationMs":0,"resultStatus":"complete","qualityStatus":0,"tokens":{"total":0,"input":0,"output":0},"skills":[],"tools":[],"logFileName":""},{"turnId":640,"timeStamp":1774937852359,"userName":"18100774","userInput":"Sender (untrusted metadata):\n```json\n{\n  \"label\": \"test\",\n  \"id\": \"test\"\n}\n```\n\n[Tue 2026-03-31 06:17 UTC] 那你告诉我什么牌子的刮刮乐中奖率�?�?","durationMs":0,"resultStatus":"complete","qualityStatus":0,"tokens":{"total":0,"input":0,"output":0},"skills":[],"tools":[],"logFileName":""},{"turnId":639,"timeStamp":1774937847981,"userName":"18100774","userInput":"Pre-compaction memory flush. Store durable memories only in memory/2026-03-31.md (create memory/ if needed). Treat workspace bootstrap/reference files such as MEMORY.md, SOUL.md, TOOLS.md, and AGENTS.","durationMs":0,"resultStatus":"complete","qualityStatus":0,"tokens":{"total":0,"input":0,"output":0},"skills":[],"tools":[],"logFileName":""},{"turnId":638,"timeStamp":1774937529524,"userName":"18100774","userInput":"Sender (untrusted metadata):\n```json\n{\n  \"label\": \"test\",\n  \"id\": \"test\"\n}\n```\n\n[Tue 2026-03-31 06:12 UTC] 你给我写�?个号我去买吧，给我中奖概率大大的","durationMs":0,"resultStatus":"complete","qualityStatus":0,"tokens":{"total":0,"input":0,"output":0},"skills":[],"tools":[],"logFileName":""},{"turnId":139,"timeStamp":1774874180817,"userName":"18100072","userInput":"Pre-compaction memory flush. Store durable memories only in memory/2026-03-30.md (create memory/ if needed). Treat workspace bootstrap/reference files such as MEMORY.md, SOUL.md, TOOLS.md, and AGENTS.","durationMs":0,"resultStatus":"complete","qualityStatus":0,"tokens":{"total":0,"input":0,"output":0},"skills":[],"tools":[],"logFileName":""},{"turnId":137,"timeStamp":1774872040175,"userName":"18100072","userInput":"Pre-compaction memory flush. Store durable memories only in memory/2026-03-30.md (create memory/ if needed). Treat workspace bootstrap/reference files such as MEMORY.md, SOUL.md, TOOLS.md, and AGENTS.","durationMs":0,"resultStatus":"complete","qualityStatus":0,"tokens":{"total":0,"input":0,"output":0},"skills":[],"tools":[],"logFileName":""},{"turnId":135,"timeStamp":1774871921801,"userName":"18100072","userInput":"Pre-compaction memory flush. Store durable memories only in memory/2026-03-30.md (create memory/ if needed). Treat workspace bootstrap/reference files such as MEMORY.md, SOUL.md, TOOLS.md, and AGENTS.","durationMs":0,"resultStatus":"complete","qualityStatus":0,"tokens":{"total":0,"input":0,"output":0},"skills":[],"tools":[],"logFileName":""},{"turnId":133,"timeStamp":1774869827838,"userName":"18100072","userInput":"Pre-compaction memory flush. Store durable memories only in memory/2026-03-30.md (create memory/ if needed). Treat workspace bootstrap/reference files such as MEMORY.md, SOUL.md, TOOLS.md, and AGENTS.","durationMs":0,"resultStatus":"complete","qualityStatus":0,"tokens":{"total":0,"input":0,"output":0},"skills":[],"tools":[],"logFileName":""},{"turnId":131,"timeStamp":1774869500281,"userName":"18100072","userInput":"Sender (untrusted metadata):\n```json\n{\n  \"label\": \"test\",\n  \"id\": \"test\"\n}\n```\n\n[Mon 2026-03-30 11:17 UTC] 读取文件 生成代码 执行代码 生成新excel的部�? 用nodejs生成�?个excel 包含姓名、工号�?�签到时间�?�签�?时间。随机生�?100条数据，然后计算�?下在岗时长�?�生成一个新的exc","durationMs":0,"resultStatus":"complete","qualityStatus":0,"tokens":{"total":0,"input":0,"output":0},"skills":[],"tools":[],"logFileName":""},{"turnId":130,"timeStamp":1774869466448,"userName":"18100072","userInput":"Pre-compaction memory flush. Store durable memories only in memory/2026-03-30.md (create memory/ if needed). Treat workspace bootstrap/reference files such as MEMORY.md, SOUL.md, TOOLS.md, and AGENTS.","durationMs":0,"resultStatus":"complete","qualityStatus":0,"tokens":{"total":0,"input":0,"output":0},"skills":[],"tools":[],"logFileName":""},{"turnId":128,"timeStamp":1774869362216,"userName":"18100072","userInput":"Pre-compaction memory flush. Store durable memories only in memory/2026-03-30.md (create memory/ if needed). Treat workspace bootstrap/reference files such as MEMORY.md, SOUL.md, TOOLS.md, and AGENTS.","durationMs":0,"resultStatus":"complete","qualityStatus":0,"tokens":{"total":0,"input":0,"output":0},"skills":[],"tools":[],"logFileName":""},{"turnId":127,"timeStamp":1774869283253,"userName":"18100072","userInput":"Sender (untrusted metadata):\n```json\n{\n  \"label\": \"test\",\n  \"id\": \"test\"\n}\n```\n\n[Mon 2026-03-30 11:14 UTC] 查询�?下最新的资讯信息","durationMs":0,"resultStatus":"complete","qualityStatus":0,"tokens":{"total":0,"input":0,"output":0},"skills":[],"tools":[],"logFileName":""},{"turnId":126,"timeStamp":1774868684478,"userName":"18100072","userInput":"Pre-compaction memory flush. Store durable memories only in memory/2026-03-30.md (create memory/ if needed). Treat workspace bootstrap/reference files such as MEMORY.md, SOUL.md, TOOLS.md, and AGENTS.","durationMs":0,"resultStatus":"complete","qualityStatus":0,"tokens":{"total":0,"input":0,"output":0},"skills":[],"tools":[],"logFileName":""},{"turnId":124,"timeStamp":1774868299795,"userName":"18100072","userInput":"Sender (untrusted metadata):\n```json\n{\n  \"label\": \"test\",\n  \"id\": \"test\"\n}\n```\n\n[Mon 2026-03-30 10:54 UTC] 创建�?个hello-worldSkill，功能：当用户说 hello world 时回�? 你好�?！有�?么可以帮你？，当用户说�?�再见�?�时回复“下次再见！”，当用户说“帮助时回复请使用聊天框","durationMs":0,"resultStatus":"complete","qualityStatus":0,"tokens":{"total":0,"input":0,"output":0},"skills":[],"tools":[],"logFileName":""},{"turnId":380,"timeStamp":1774490506637,"userName":"18100919","userInput":"Sender (untrusted metadata):\n```json\n{\n  \"label\": \"openclaw-control-ui\",\n  \"id\": \"openclaw-control-ui\"\n}\n```\n\n[Thu 2026-03-26 02:01 UTC] nihao","durationMs":0,"resultStatus":"complete","qualityStatus":0,"tokens":{"total":0,"input":0,"output":0},"skills":[],"tools":[],"logFileName":""},{"turnId":379,"timeStamp":1774490506208,"userName":"18100919","userInput":"Pre-compaction memory flush. Store durable memories only in memory/2026-03-26.md (create memory/ if needed). Treat workspace bootstrap/reference files such as MEMORY.md, SOUL.md, TOOLS.md, and AGENTS.","durationMs":0,"resultStatus":"complete","qualityStatus":0,"tokens":{"total":0,"input":0,"output":0},"skills":[],"tools":[],"logFileName":""},{"turnId":378,"timeStamp":1774490440306,"userName":"18100919","userInput":"Sender (untrusted metadata):\n```json\n{\n  \"label\": \"openclaw-control-ui\",\n  \"id\": \"openclaw-control-ui\"\n}\n```\n\n[Thu 2026-03-26 02:00 UTC] nihao","durationMs":0,"resultStatus":"complete","qualityStatus":0,"tokens":{"total":0,"input":0,"output":0},"skills":[],"tools":[],"logFileName":""},{"turnId":377,"timeStamp":1774489981347,"userName":"18100919","userInput":"Sender (untrusted metadata):\n```json\n{\n  \"label\": \"openclaw-control-ui\",\n  \"id\": \"openclaw-control-ui\"\n}\n```\n\n[Thu 2026-03-26 01:52 UTC] CLAWHUB_SITE=http://10.38.0.203:32476 CLAWHUB_REGISTRY=http://1","durationMs":0,"resultStatus":"complete","qualityStatus":0,"tokens":{"total":0,"input":0,"output":0},"skills":[],"tools":[],"logFileName":""},{"turnId":376,"timeStamp":1774489951194,"userName":"18100919","userInput":"Pre-compaction memory flush. Store durable memories only in memory/2026-03-26.md (create memory/ if needed). Treat workspace bootstrap/reference files such as MEMORY.md, SOUL.md, TOOLS.md, and AGENTS.","durationMs":0,"resultStatus":"complete","qualityStatus":0,"tokens":{"total":0,"input":0,"output":0},"skills":[],"tools":[],"logFileName":""},{"turnId":375,"timeStamp":1774419666316,"userName":"18100919","userInput":"Sender (untrusted metadata):\n```json\n{\n  \"label\": \"openclaw-control-ui\",\n  \"id\": \"openclaw-control-ui\"\n}\n```\n\n[Wed 2026-03-25 06:20 UTC] 帮我预约2026-03-26 早上09:30-10:0 女理发师的理�?","durationMs":0,"resultStatus":"complete","qualityStatus":0,"tokens":{"total":0,"input":0,"output":0},"skills":[],"tools":[],"logFileName":""},{"turnId":374,"timeStamp":1774419632752,"userName":"18100919","userInput":"Pre-compaction memory flush. Store durable memories only in memory/2026-03-25.md (create memory/ if needed). Treat workspace bootstrap/reference files such as MEMORY.md, SOUL.md, TOOLS.md, and AGENTS.","durationMs":0,"resultStatus":"complete","qualityStatus":0,"tokens":{"total":0,"input":0,"output":0},"skills":[],"tools":[],"logFileName":""},{"turnId":373,"timeStamp":1774419580565,"userName":"18100919","userInput":"Sender (untrusted metadata):\n```json\n{\n  \"label\": \"openclaw-control-ui\",\n  \"id\": \"openclaw-control-ui\"\n}\n```\n\n[Wed 2026-03-25 06:19 UTC] 好的 帮我查一�?2026-03-26可以预约的理发时间段","durationMs":0,"resultStatus":"complete","qualityStatus":0,"tokens":{"total":0,"input":0,"output":0},"skills":[],"tools":[],"logFileName":""},{"turnId":372,"timeStamp":1774419550019,"userName":"18100919","userInput":"Pre-compaction memory flush. Store durable memories only in memory/2026-03-25.md (create memory/ if needed). Treat workspace bootstrap/reference files such as MEMORY.md, SOUL.md, TOOLS.md, and AGENTS.","durationMs":0,"resultStatus":"complete","qualityStatus":0,"tokens":{"total":0,"input":0,"output":0},"skills":[],"tools":[],"logFileName":""},{"turnId":371,"timeStamp":1774418298919,"userName":"18100919","userInput":"Sender (untrusted metadata):\n```json\n{\n  \"label\": \"openclaw-control-ui\",\n  \"id\": \"openclaw-control-ui\"\n}\n```\n\n[Wed 2026-03-25 05:57 UTC] {\n \"applicantJobNumber\": \"18100919\",\n \"applicantPhone\": \"188113","durationMs":0,"resultStatus":"complete","qualityStatus":0,"tokens":{"total":0,"input":0,"output":0},"skills":[],"tools":[],"logFileName":""},{"turnId":370,"timeStamp":1774418275292,"userName":"18100919","userInput":"Pre-compaction memory flush. Store durable memories only in memory/2026-03-25.md (create memory/ if needed). Treat workspace bootstrap/reference files such as MEMORY.md, SOUL.md, TOOLS.md, and AGENTS.","durationMs":0,"resultStatus":"complete","qualityStatus":0,"tokens":{"total":0,"input":0,"output":0},"skills":[],"tools":[],"logFileName":""},{"turnId":369,"timeStamp":1774418058024,"userName":"18100919","userInput":"Sender (untrusted metadata):\n```json\n{\n  \"label\": \"openclaw-control-ui\",\n  \"id\": \"openclaw-control-ui\"\n}\n```\n\n[Wed 2026-03-25 05:54 UTC] 参数是不是传错了","durationMs":0,"resultStatus":"complete","qualityStatus":0,"tokens":{"total":0,"input":0,"output":0},"skills":[],"tools":[],"logFileName":""},{"turnId":368,"timeStamp":1774418044274,"userName":"18100919","userInput":"Pre-compaction memory flush. Store durable memories only in memory/2026-03-25.md (create memory/ if needed). Treat workspace bootstrap/reference files such as MEMORY.md, SOUL.md, TOOLS.md, and AGENTS.","durationMs":0,"resultStatus":"complete","qualityStatus":0,"tokens":{"total":0,"input":0,"output":0},"skills":[],"tools":[],"logFileName":""},{"turnId":367,"timeStamp":1774417966345,"userName":"18100919","userInput":"Sender (untrusted metadata):\n```json\n{\n  \"label\": \"openclaw-control-ui\",\n  \"id\": \"openclaw-control-ui\"\n}\n```\n\n[Wed 2026-03-25 05:51 UTC] 帮我预约2026-03-25 下午17:0-17:30时间段的理发","durationMs":0,"resultStatus":"complete","qualityStatus":0,"tokens":{"total":0,"input":0,"output":0},"skills":[],"tools":[],"logFileName":""},{"turnId":366,"timeStamp":1774417876679,"userName":"18100919","userInput":"Pre-compaction memory flush. Store durable memories only in memory/2026-03-25.md (create memory/ if needed). Treat workspace bootstrap/reference files such as MEMORY.md, SOUL.md, TOOLS.md, and AGENTS.","durationMs":0,"resultStatus":"complete","qualityStatus":0,"tokens":{"total":0,"input":0,"output":0},"skills":[],"tools":[],"logFileName":""},{"turnId":365,"timeStamp":1774417814554,"userName":"18100919","userInput":"Sender (untrusted metadata):\n```json\n{\n  \"label\": \"openclaw-control-ui\",\n  \"id\": \"openclaw-control-ui\"\n}\n```\n\n[Wed 2026-03-25 05:49 UTC] 帮我查一�?20263�?25日可以预约理发的时间�?","durationMs":0,"resultStatus":"complete","qualityStatus":0,"tokens":{"total":0,"input":0,"output":0},"skills":[],"tools":[],"logFileName":""},{"turnId":364,"timeStamp":1774417796468,"userName":"18100919","userInput":"Pre-compaction memory flush. Store durable memories only in memory/2026-03-25.md (create memory/ if needed). Treat workspace bootstrap/reference files such as MEMORY.md, SOUL.md, TOOLS.md, and AGENTS.","durationMs":0,"resultStatus":"complete","qualityStatus":0,"tokens":{"total":0,"input":0,"output":0},"skills":[],"tools":[],"logFileName":""},{"turnId":363,"timeStamp":1774417623964,"userName":"18100919","userInput":"Sender (untrusted metadata):\n```json\n{\n  \"label\": \"openclaw-control-ui\",\n  \"id\": \"openclaw-control-ui\"\n}\n```\n\n[Wed 2026-03-25 05:46 UTC] 算了 换一个工号预�? 18100914","durationMs":0,"resultStatus":"complete","qualityStatus":0,"tokens":{"total":0,"input":0,"output":0},"skills":[],"tools":[],"logFileName":""},{"turnId":362,"timeStamp":1774417595239,"userName":"18100919","userInput":"Pre-compaction memory flush. Store durable memories only in memory/2026-03-25.md (create memory/ if needed). Treat workspace bootstrap/reference files such as MEMORY.md, SOUL.md, TOOLS.md, and AGENTS.","durationMs":0,"resultStatus":"complete","qualityStatus":0,"tokens":{"total":0,"input":0,"output":0},"skills":[],"tools":[],"logFileName":""},{"turnId":361,"timeStamp":1774417485259,"userName":"18100919","userInput":"Sender (untrusted metadata):\n```json\n{\n  \"label\": \"openclaw-control-ui\",\n  \"id\": \"openclaw-control-ui\"\n}\n```\n\n[Wed 2026-03-25 05:44 UTC] 好的 就用刚才可以用的签名和时间戳帮我预约17:0-17:30 男理发师的理�?","durationMs":0,"resultStatus":"complete","qualityStatus":0,"tokens":{"total":0,"input":0,"output":0},"skills":[],"tools":[],"logFileName":""},{"turnId":360,"timeStamp":1774417457859,"userName":"18100919","userInput":"Pre-compaction memory flush. Store durable memories only in memory/2026-03-25.md (create memory/ if needed). Treat workspace bootstrap/reference files such as MEMORY.md, SOUL.md, TOOLS.md, and AGENTS.","durationMs":0,"resultStatus":"complete","qualityStatus":0,"tokens":{"total":0,"input":0,"output":0},"skills":[],"tools":[],"logFileName":""},{"turnId":359,"timeStamp":1774417361348,"userName":"18100919","userInput":"Sender (untrusted metadata):\n```json\n{\n  \"label\": \"openclaw-control-ui\",\n  \"id\": \"openclaw-control-ui\"\n}\n```\n\n[Wed 2026-03-25 05:42 UTC] �?有的mcp服务都使�?51dc8149214949a2c70c5c5fe58946d83f6b01df7d0503c8261e","durationMs":0,"resultStatus":"complete","qualityStatus":0,"tokens":{"total":0,"input":0,"output":0},"skills":[],"tools":[],"logFileName":""},{"turnId":358,"timeStamp":1774417332276,"userName":"18100919","userInput":"Pre-compaction memory flush. Store durable memories only in memory/2026-03-25.md (create memory/ if needed). Treat workspace bootstrap/reference files such as MEMORY.md, SOUL.md, TOOLS.md, and AGENTS.","durationMs":0,"resultStatus":"complete","qualityStatus":0,"tokens":{"total":0,"input":0,"output":0},"skills":[],"tools":[],"logFileName":""},{"turnId":357,"timeStamp":1774417259634,"userName":"18100919","userInput":"Sender (untrusted metadata):\n```json\n{\n  \"label\": \"openclaw-control-ui\",\n  \"id\": \"openclaw-control-ui\"\n}\n```\n\n[Wed 2026-03-25 05:40 UTC] 帮我查询当前可以预约的理发时�?","durationMs":0,"resultStatus":"complete","qualityStatus":0,"tokens":{"total":0,"input":0,"output":0},"skills":[],"tools":[],"logFileName":""},{"turnId":356,"timeStamp":1774417247004,"userName":"18100919","userInput":"Pre-compaction memory flush. Store durable memories only in memory/2026-03-25.md (create memory/ if needed). Treat workspace bootstrap/reference files such as MEMORY.md, SOUL.md, TOOLS.md, and AGENTS.","durationMs":0,"resultStatus":"complete","qualityStatus":0,"tokens":{"total":0,"input":0,"output":0},"skills":[],"tools":[],"logFileName":""},{"turnId":355,"timeStamp":1774417127373,"userName":"18100919","userInput":"Sender (untrusted metadata):\n```json\n{\n  \"label\": \"openclaw-control-ui\",\n  \"id\": \"openclaw-control-ui\"\n}\n```\n\n[Wed 2026-03-25 05:38 UTC] 你之前不是已经生成了签名了吗，就用之前那个签名和时间�?","durationMs":0,"resultStatus":"complete","qualityStatus":0,"tokens":{"total":0,"input":0,"output":0},"skills":[],"tools":[],"logFileName":""},{"turnId":354,"timeStamp":1774417113167,"userName":"18100919","userInput":"Pre-compaction memory flush. Store durable memories only in memory/2026-03-25.md (create memory/ if needed). Treat workspace bootstrap/reference files such as MEMORY.md, SOUL.md, TOOLS.md, and AGENTS.","durationMs":0,"resultStatus":"complete","qualityStatus":0,"tokens":{"total":0,"input":0,"output":0},"skills":[],"tools":[],"logFileName":""},{"turnId":353,"timeStamp":1774417055915,"userName":"18100919","userInput":"Sender (untrusted metadata):\n```json\n{\n  \"label\": \"openclaw-control-ui\",\n  \"id\": \"openclaw-control-ui\"\n}\n```\n\n[Wed 2026-03-25 05:37 UTC] 姓名 潘先�? 手机�?18811392766 男理发师","durationMs":0,"resultStatus":"complete","qualityStatus":0,"tokens":{"total":0,"input":0,"output":0},"skills":[],"tools":[],"logFileName":""},{"turnId":352,"timeStamp":1774417052039,"userName":"18100919","userInput":"Pre-compaction memory flush. Store durable memories only in memory/2026-03-25.md (create memory/ if needed). Treat workspace bootstrap/reference files such as MEMORY.md, SOUL.md, TOOLS.md, and AGENTS.","durationMs":0,"resultStatus":"complete","qualityStatus":0,"tokens":{"total":0,"input":0,"output":0},"skills":[],"tools":[],"logFileName":""},{"turnId":351,"timeStamp":1774417019255,"userName":"18100919","userInput":"Sender (untrusted metadata):\n```json\n{\n  \"label\": \"openclaw-control-ui\",\n  \"id\": \"openclaw-control-ui\"\n}\n```\n\n[Wed 2026-03-25 05:36 UTC] 帮我预约16:0-16:30的理�?","durationMs":0,"resultStatus":"complete","qualityStatus":0,"tokens":{"total":0,"input":0,"output":0},"skills":[],"tools":[],"logFileName":""},{"turnId":350,"timeStamp":1774417011443,"userName":"18100919","userInput":"Pre-compaction memory flush. Store durable memories only in memory/2026-03-25.md (create memory/ if needed). Treat workspace bootstrap/reference files such as MEMORY.md, SOUL.md, TOOLS.md, and AGENTS.","durationMs":0,"resultStatus":"complete","qualityStatus":0,"tokens":{"total":0,"input":0,"output":0},"skills":[],"tools":[],"logFileName":""},{"turnId":349,"timeStamp":1774416887761,"userName":"18100919","userInput":"Sender (untrusted metadata):\n```json\n{\n  \"label\": \"openclaw-control-ui\",\n  \"id\": \"openclaw-control-ui\"\n}\n```\n\n[Wed 2026-03-25 05:34 UTC] 我的工号18100919，直接使用haircut_timeslot_query�?能帮我查询一�?2026�?3�?25日理发预约的�?","durationMs":0,"resultStatus":"complete","qualityStatus":0,"tokens":{"total":0,"input":0,"output":0},"skills":[],"tools":[],"logFileName":""},{"turnId":348,"timeStamp":1774416882551,"userName":"18100919","userInput":"Pre-compaction memory flush. Store durable memories only in memory/2026-03-25.md (create memory/ if needed). Treat workspace bootstrap/reference files such as MEMORY.md, SOUL.md, TOOLS.md, and AGENTS.","durationMs":0,"resultStatus":"complete","qualityStatus":0,"tokens":{"total":0,"input":0,"output":0},"skills":[],"tools":[],"logFileName":""},{"turnId":347,"timeStamp":1774416820954,"userName":"18100919","userInput":"Sender (untrusted metadata):\n```json\n{\n  \"label\": \"openclaw-control-ui\",\n  \"id\": \"openclaw-control-ui\"\n}\n```\n\n[Wed 2026-03-25 05:33 UTC] 列出你的�?�?","durationMs":0,"resultStatus":"complete","qualityStatus":0,"tokens":{"total":0,"input":0,"output":0},"skills":[],"tools":[],"logFileName":""},{"turnId":346,"timeStamp":1774416815640,"userName":"18100919","userInput":"Pre-compaction memory flush. Store durable memories only in memory/2026-03-25.md (create memory/ if needed). Treat workspace bootstrap/reference files such as MEMORY.md, SOUL.md, TOOLS.md, and AGENTS.","durationMs":0,"resultStatus":"complete","qualityStatus":0,"tokens":{"total":0,"input":0,"output":0},"skills":[],"tools":[],"logFileName":""},{"turnId":345,"timeStamp":1774416770274,"userName":"18100919","userInput":"Sender (untrusted metadata):\n```json\n{\n  \"label\": \"openclaw-control-ui\",\n  \"id\": \"openclaw-control-ui\"\n}\n```\n\n[Wed 2026-03-25 05:32 UTC] 列出smartpark里包含的服务","durationMs":0,"resultStatus":"complete","qualityStatus":0,"tokens":{"total":0,"input":0,"output":0},"skills":[],"tools":[],"logFileName":""},{"turnId":344,"timeStamp":1774416764465,"userName":"18100919","userInput":"Pre-compaction memory flush. Store durable memories only in memory/2026-03-25.md (create memory/ if needed). Treat workspace bootstrap/reference files such as MEMORY.md, SOUL.md, TOOLS.md, and AGENTS.","durationMs":0,"resultStatus":"complete","qualityStatus":0,"tokens":{"total":0,"input":0,"output":0},"skills":[],"tools":[],"logFileName":""},{"turnId":342,"timeStamp":1774416687827,"userName":"18100919","userInput":"Pre-compaction memory flush. Store durable memories only in memory/2026-03-25.md (create memory/ if needed). Treat workspace bootstrap/reference files such as MEMORY.md, SOUL.md, TOOLS.md, and AGENTS.","durationMs":0,"resultStatus":"complete","qualityStatus":0,"tokens":{"total":0,"input":0,"output":0},"skills":[],"tools":[],"logFileName":""},{"turnId":341,"timeStamp":1774416460488,"userName":"18100919","userInput":"Sender (untrusted metadata):\n```json\n{\n  \"label\": \"openclaw-control-ui\",\n  \"id\": \"openclaw-control-ui\"\n}\n```\n\n[Wed 2026-03-25 05:27 UTC] 看看我现在配置的mcp-server 有什么服�?","durationMs":0,"resultStatus":"complete","qualityStatus":0,"tokens":{"total":0,"input":0,"output":0},"skills":[],"tools":[],"logFileName":""},{"turnId":340,"timeStamp":1774416348226,"userName":"18100919","userInput":"Sender (untrusted metadata):\n```json\n{\n  \"label\": \"openclaw-control-ui\",\n  \"id\": \"openclaw-control-ui\"\n}\n```\n\n[Wed 2026-03-25 05:25 UTC] 你好","durationMs":0,"resultStatus":"complete","qualityStatus":0,"tokens":{"total":0,"input":0,"output":0},"skills":[],"tools":[],"logFileName":""}]}}

